Archive member included to satisfy reference by file (symbol)

C:/ST/STM32CubeIDE_1.13.1/STM32CubeIDE/plugins/com.st.stm32cube.ide.mcu.externaltools.gnu-tools-for-stm32.11.3.rel1.win32_1.1.0.202305231506/tools/bin/../lib/gcc/arm-none-eabi/11.3.1/../../../../arm-none-eabi/lib/thumb/v7e-m+fp/hard\libc_nano.a(libc_a-exit.o)
                              C:/ST/STM32CubeIDE_1.13.1/STM32CubeIDE/plugins/com.st.stm32cube.ide.mcu.externaltools.gnu-tools-for-stm32.11.3.rel1.win32_1.1.0.202305231506/tools/bin/../lib/gcc/arm-none-eabi/11.3.1/../../../../arm-none-eabi/lib/thumb/v7e-m+fp/hard/crt0.o (exit)
C:/ST/STM32CubeIDE_1.13.1/STM32CubeIDE/plugins/com.st.stm32cube.ide.mcu.externaltools.gnu-tools-for-stm32.11.3.rel1.win32_1.1.0.202305231506/tools/bin/../lib/gcc/arm-none-eabi/11.3.1/../../../../arm-none-eabi/lib/thumb/v7e-m+fp/hard\libc_nano.a(libc_a-findfp.o)
                              C:/ST/STM32CubeIDE_1.13.1/STM32CubeIDE/plugins/com.st.stm32cube.ide.mcu.externaltools.gnu-tools-for-stm32.11.3.rel1.win32_1.1.0.202305231506/tools/bin/../lib/gcc/arm-none-eabi/11.3.1/../../../../arm-none-eabi/lib/thumb/v7e-m+fp/hard\libc_nano.a(libc_a-exit.o) (__stdio_exit_handler)
C:/ST/STM32CubeIDE_1.13.1/STM32CubeIDE/plugins/com.st.stm32cube.ide.mcu.externaltools.gnu-tools-for-stm32.11.3.rel1.win32_1.1.0.202305231506/tools/bin/../lib/gcc/arm-none-eabi/11.3.1/../../../../arm-none-eabi/lib/thumb/v7e-m+fp/hard\libc_nano.a(libc_a-fwalk.o)
                              C:/ST/STM32CubeIDE_1.13.1/STM32CubeIDE/plugins/com.st.stm32cube.ide.mcu.externaltools.gnu-tools-for-stm32.11.3.rel1.win32_1.1.0.202305231506/tools/bin/../lib/gcc/arm-none-eabi/11.3.1/../../../../arm-none-eabi/lib/thumb/v7e-m+fp/hard\libc_nano.a(libc_a-findfp.o) (_fwalk_sglue)
C:/ST/STM32CubeIDE_1.13.1/STM32CubeIDE/plugins/com.st.stm32cube.ide.mcu.externaltools.gnu-tools-for-stm32.11.3.rel1.win32_1.1.0.202305231506/tools/bin/../lib/gcc/arm-none-eabi/11.3.1/../../../../arm-none-eabi/lib/thumb/v7e-m+fp/hard\libc_nano.a(libc_a-stdio.o)
                              C:/ST/STM32CubeIDE_1.13.1/STM32CubeIDE/plugins/com.st.stm32cube.ide.mcu.externaltools.gnu-tools-for-stm32.11.3.rel1.win32_1.1.0.202305231506/tools/bin/../lib/gcc/arm-none-eabi/11.3.1/../../../../arm-none-eabi/lib/thumb/v7e-m+fp/hard\libc_nano.a(libc_a-findfp.o) (__sread)
C:/ST/STM32CubeIDE_1.13.1/STM32CubeIDE/plugins/com.st.stm32cube.ide.mcu.externaltools.gnu-tools-for-stm32.11.3.rel1.win32_1.1.0.202305231506/tools/bin/../lib/gcc/arm-none-eabi/11.3.1/../../../../arm-none-eabi/lib/thumb/v7e-m+fp/hard\libc_nano.a(libc_a-memset.o)
                              C:/ST/STM32CubeIDE_1.13.1/STM32CubeIDE/plugins/com.st.stm32cube.ide.mcu.externaltools.gnu-tools-for-stm32.11.3.rel1.win32_1.1.0.202305231506/tools/bin/../lib/gcc/arm-none-eabi/11.3.1/../../../../arm-none-eabi/lib/thumb/v7e-m+fp/hard/crt0.o (memset)
C:/ST/STM32CubeIDE_1.13.1/STM32CubeIDE/plugins/com.st.stm32cube.ide.mcu.externaltools.gnu-tools-for-stm32.11.3.rel1.win32_1.1.0.202305231506/tools/bin/../lib/gcc/arm-none-eabi/11.3.1/../../../../arm-none-eabi/lib/thumb/v7e-m+fp/hard\libc_nano.a(libc_a-closer.o)
                              C:/ST/STM32CubeIDE_1.13.1/STM32CubeIDE/plugins/com.st.stm32cube.ide.mcu.externaltools.gnu-tools-for-stm32.11.3.rel1.win32_1.1.0.202305231506/tools/bin/../lib/gcc/arm-none-eabi/11.3.1/../../../../arm-none-eabi/lib/thumb/v7e-m+fp/hard\libc_nano.a(libc_a-stdio.o) (_close_r)
C:/ST/STM32CubeIDE_1.13.1/STM32CubeIDE/plugins/com.st.stm32cube.ide.mcu.externaltools.gnu-tools-for-stm32.11.3.rel1.win32_1.1.0.202305231506/tools/bin/../lib/gcc/arm-none-eabi/11.3.1/../../../../arm-none-eabi/lib/thumb/v7e-m+fp/hard\libc_nano.a(libc_a-reent.o)
                              C:/ST/STM32CubeIDE_1.13.1/STM32CubeIDE/plugins/com.st.stm32cube.ide.mcu.externaltools.gnu-tools-for-stm32.11.3.rel1.win32_1.1.0.202305231506/tools/bin/../lib/gcc/arm-none-eabi/11.3.1/../../../../arm-none-eabi/lib/thumb/v7e-m+fp/hard\libc_nano.a(libc_a-closer.o) (errno)
C:/ST/STM32CubeIDE_1.13.1/STM32CubeIDE/plugins/com.st.stm32cube.ide.mcu.externaltools.gnu-tools-for-stm32.11.3.rel1.win32_1.1.0.202305231506/tools/bin/../lib/gcc/arm-none-eabi/11.3.1/../../../../arm-none-eabi/lib/thumb/v7e-m+fp/hard\libc_nano.a(libc_a-impure.o)
                              C:/ST/STM32CubeIDE_1.13.1/STM32CubeIDE/plugins/com.st.stm32cube.ide.mcu.externaltools.gnu-tools-for-stm32.11.3.rel1.win32_1.1.0.202305231506/tools/bin/../lib/gcc/arm-none-eabi/11.3.1/../../../../arm-none-eabi/lib/thumb/v7e-m+fp/hard\libc_nano.a(libc_a-reent.o) (_impure_ptr)
C:/ST/STM32CubeIDE_1.13.1/STM32CubeIDE/plugins/com.st.stm32cube.ide.mcu.externaltools.gnu-tools-for-stm32.11.3.rel1.win32_1.1.0.202305231506/tools/bin/../lib/gcc/arm-none-eabi/11.3.1/../../../../arm-none-eabi/lib/thumb/v7e-m+fp/hard\libc_nano.a(libc_a-lseekr.o)
[...]
Memory Configuration

Name             Origin             Length             Attributes
RAM              0x0000000020000000 0x0000000000020000 xrw
FLASH            0x0000000008000000 0x0000000000080000 xr
*default*        0x0000000000000000 0xffffffffffffffff

Linker script and memory map

LOAD C:/ST/STM32CubeIDE_1.13.1/STM32CubeIDE/plugins/com.st.stm32cube.ide.mcu.externaltools.gnu-tools-for-stm32.11.3.rel1.win32_1.1.0.202305231506/tools/bin/../lib/gcc/arm-none-eabi/11.3.1/thumb/v7e-m+fp/hard/crti.o
LOAD C:/ST/STM32CubeIDE_1.13.1/STM32CubeIDE/plugins/com.st.stm32cube.ide.mcu.externaltools.gnu-tools-for-stm32.11.3.rel1.win32_1.1.0.202305231506/tools/bin/../lib/gcc/arm-none-eabi/11.3.1/thumb/v7e-m+fp/hard/crtbegin.o
LOAD C:/ST/STM32CubeIDE_1.13.1/STM32CubeIDE/plugins/com.st.stm32cube.ide.mcu.externaltools.gnu-tools-for-stm32.11.3.rel1.win32_1.1.0.202305231506/tools/bin/../lib/gcc/arm-none-eabi/11.3.1/../../../../arm-none-eabi/lib/thumb/v7e-m+fp/hard/crt0.o
LOAD ./Core/Src/dma.o
LOAD ./Core/Src/gpio.o
LOAD ./Core/Src/main.o
LOAD ./Core/Src/spi.o
LOAD ./Core/Src/stm32f4xx_hal_msp.o
LOAD ./Core/Src/stm32f4xx_it.o
LOAD ./Core/Src/syscalls.o
LOAD ./Core/Src/sysmem.o
LOAD ./Core/Src/system_stm32f4xx.o
LOAD ./Core/Startup/startup_stm32f411ceux.o
LOAD ./Core/TMCL/TMCL-Variables.o
LOAD ./Core/TMCL/TMCL.o
LOAD ./Core/TMCL/TMCL_cmds.o
LOAD ./Core/TMCL/TMCL_receiver.o
LOAD ./Core/tmc/helpers/CRC.o
LOAD ./Core/tmc/helpers/Functions.o
LOAD ./Core/tmc/ic/TMC4671/TMC4671.o
LOAD ./Core/tmc/ic/TMC6100/TMC6100.o
LOAD ./Core/tmc/ramp/LinearRamp.o
LOAD ./Core/tmc/ramp/LinearRamp1.o
LOAD ./Core/tmc/ramp/Ramp.o
LOAD ./Core/tmc/tmc4671_template.o
LOAD ./Drivers/STM32F4xx_HAL_Driver/Src/stm32f4xx_hal.o
LOAD ./Drivers/STM32F4xx_HAL_Driver/Src/stm32f4xx_hal_cortex.o
LOAD ./Drivers/STM32F4xx_HAL_Driver/Src/stm32f4xx_hal_dma.o
LOAD ./Drivers/STM32F4xx_HAL_Driver/Src/stm32f4xx_hal_dma_ex.o
LOAD ./Drivers/STM32F4xx_HAL_Driver/Src/stm32f4xx_hal_exti.o
LOAD ./Drivers/STM32F4xx_HAL_Driver/Src/stm32f4xx_hal_flash.o
LOAD ./Drivers/STM32F4xx_HAL_Driver/Src/stm32f4xx_hal_flash_ex.o
LOAD ./Drivers/STM32F4xx_HAL_Driver/Src/stm32f4xx_hal_flash_ramfunc.o
LOAD ./Drivers/STM32F4xx_HAL_Driver/Src/stm32f4xx_hal_gpio.o
LOAD ./Drivers/STM32F4xx_HAL_Driver/Src/stm32f4xx_hal_pcd.o
LOAD ./Drivers/STM32F4xx_HAL_Driver/Src/stm32f4xx_hal_pcd_ex.o
LOAD ./Drivers/STM32F4xx_HAL_Driver/Src/stm32f4xx_hal_pwr.o
LOAD ./Drivers/STM32F4xx_HAL_Driver/Src/stm32f4xx_hal_pwr_ex.o
LOAD ./Drivers/STM32F4xx_HAL_Driver/Src/stm32f4xx_hal_rcc.o
LOAD ./Drivers/STM32F4xx_HAL_Driver/Src/stm32f4xx_hal_rcc_ex.o
LOAD ./Drivers/STM32F4xx_HAL_Driver/Src/stm32f4xx_hal_spi.o
LOAD ./Drivers/STM32F4xx_HAL_Driver/Src/stm32f4xx_hal_tim.o
LOAD ./Drivers/STM32F4xx_HAL_Driver/Src/stm32f4xx_hal_tim_ex.o
LOAD ./Drivers/STM32F4xx_HAL_Driver/Src/stm32f4xx_ll_usb.o
LOAD ./Middlewares/ST/STM32_USB_Device_Library/Class/CDC/Src/usbd_cdc.o
LOAD ./Middlewares/ST/STM32_USB_Device_Library/Core/Src/usbd_core.o
LOAD ./Middlewares/ST/STM32_USB_Device_Library/Core/Src/usbd_ctlreq.o
LOAD ./Middlewares/ST/STM32_USB_Device_Library/Core/Src/usbd_ioreq.o
LOAD ./USB_DEVICE/App/usb_device.o
LOAD ./USB_DEVICE/App/usbd_cdc_if.o
LOAD ./USB_DEVICE/App/usbd_desc.o
LOAD ./USB_DEVICE/Target/usbd_conf.o
START GROUP
LOAD C:/ST/STM32CubeIDE_1.13.1/STM32CubeIDE/plugins/com.st.stm32cube.ide.mcu.externaltools.gnu-tools-for-stm32.11.3.rel1.win32_1.1.0.202305231506/tools/bin/../lib/gcc/arm-none-eabi/11.3.1/../../../../arm-none-eabi/lib/thumb/v7e-m+fp/hard\libstdc++_nano.a
LOAD C:/ST/STM32CubeIDE_1.13.1/STM32CubeIDE/plugins/com.st.stm32cube.ide.mcu.externaltools.gnu-tools-for-stm32.11.3.rel1.win32_1.1.0.202305231506/tools/bin/../lib/gcc/arm-none-eabi/11.3.1/../../../../arm-none-eabi/lib/thumb/v7e-m+fp/hard\libsupc++_nano.a
END GROUP
LOAD C:/ST/STM32CubeIDE_1.13.1/STM32CubeIDE/plugins/com.st.stm32cube.ide.mcu.externaltools.gnu-tools-for-stm32.11.3.rel1.win32_1.1.0.202305231506/tools/bin/../lib/gcc/arm-none-eabi/11.3.1/../../../../arm-none-eabi/lib/thumb/v7e-m+fp/hard\libstdc++_nano.a
LOAD C:/ST/STM32CubeIDE_1.13.1/STM32CubeIDE/plugins/com.st.stm32cube.ide.mcu.externaltools.gnu-tools-for-stm32.11.3.rel1.win32_1.1.0.202305231506/tools/bin/../lib/gcc/arm-none-eabi/11.3.1/../../../../arm-none-eabi/lib/thumb/v7e-m+fp/hard\libm.a
LOAD C:/ST/STM32CubeIDE_1.13.1/STM32CubeIDE/plugins/com.st.stm32cube.ide.mcu.externaltools.gnu-tools-for-stm32.11.3.rel1.win32_1.1.0.202305231506/tools/bin/../lib/gcc/arm-none-eabi/11.3.1/../../../../arm-none-eabi/lib/thumb/v7e-m+fp/hard\libc_nano.a
START GROUP
LOAD C:/ST/STM32CubeIDE_1.13.1/STM32CubeIDE/plugins/com.st.stm32cube.ide.mcu.externaltools.gnu-tools-for-stm32.11.3.rel1.win32_1.1.0.202305231506/tools/bin/../lib/gcc/arm-none-eabi/11.3.1/thumb/v7e-m+fp/hard\libgcc.a
LOAD C:/ST/STM32CubeIDE_1.13.1/STM32CubeIDE/plugins/com.st.stm32cube.ide.mcu.externaltools.gnu-tools-for-stm32.11.3.rel1.win32_1.1.0.202305231506/tools/bin/../lib/gcc/arm-none-eabi/11.3.1/../../../../arm-none-eabi/lib/thumb/v7e-m+fp/hard\libc_nano.a
END GROUP
START GROUP
LOAD C:/ST/STM32CubeIDE_1.13.1/STM32CubeIDE/plugins/com.st.stm32cube.ide.mcu.externaltools.gnu-tools-for-stm32.11.3.rel1.win32_1.1.0.202305231506/tools/bin/../lib/gcc/arm-none-eabi/11.3.1/thumb/v7e-m+fp/hard\libgcc.a
LOAD C:/ST/STM32CubeIDE_1.13.1/STM32CubeIDE/plugins/com.st.stm32cube.ide.mcu.externaltools.gnu-tools-for-stm32.11.3.rel1.win32_1.1.0.202305231506/tools/bin/../lib/gcc/arm-none-eabi/11.3.1/../../../../arm-none-eabi/lib/thumb/v7e-m+fp/hard\libc_nano.a
LOAD C:/ST/STM32CubeIDE_1.13.1/STM32CubeIDE/plugins/com.st.stm32cube.ide.mcu.externaltools.gnu-tools-for-stm32.11.3.rel1.win32_1.1.0.202305231506/tools/bin/../lib/gcc/arm-none-eabi/11.3.1/../../../../arm-none-eabi/lib/thumb/v7e-m+fp/hard\libnosys.a
END GROUP
START GROUP
LOAD C:/ST/STM32CubeIDE_1.13.1/STM32CubeIDE/plugins/com.st.stm32cube.ide.mcu.externaltools.gnu-tools-for-stm32.11.3.rel1.win32_1.1.0.202305231506/tools/bin/../lib/gcc/arm-none-eabi/11.3.1/thumb/v7e-m+fp/hard\libgcc.a
LOAD C:/ST/STM32CubeIDE_1.13.1/STM32CubeIDE/plugins/com.st.stm32cube.ide.mcu.externaltools.gnu-tools-for-stm32.11.3.rel1.win32_1.1.0.202305231506/tools/bin/../lib/gcc/arm-none-eabi/11.3.1/../../../../arm-none-eabi/lib/thumb/v7e-m+fp/hard\libc_nano.a
LOAD C:/ST/STM32CubeIDE_1.13.1/STM32CubeIDE/plugins/com.st.stm32cube.ide.mcu.externaltools.gnu-tools-for-stm32.11.3.rel1.win32_1.1.0.202305231506/tools/bin/../lib/gcc/arm-none-eabi/11.3.1/../../../../arm-none-eabi/lib/thumb/v7e-m+fp/hard\libnosys.a
END GROUP
LOAD C:/ST/STM32CubeIDE_1.13.1/STM32CubeIDE/plugins/com.st.stm32cube.ide.mcu.externaltools.gnu-tools-for-stm32.11.3.rel1.win32_1.1.0.202305231506/tools/bin/../lib/gcc/arm-none-eabi/11.3.1/thumb/v7e-m+fp/hard/crtend.o
LOAD C:/ST/STM32CubeIDE_1.13.1/STM32CubeIDE/plugins/com.st.stm32cube.ide.mcu.externaltools.gnu-tools-for-stm32.11.3.rel1.win32_1.1.0.202305231506/tools/bin/../lib/gcc/arm-none-eabi/11.3.1/thumb/v7e-m+fp/hard/crtn.o
                0x0000000020020000                _estack = (ORIGIN (RAM) + LENGTH (RAM))
                0x0000000000000200                _Min_Heap_Size = 0x200
                0x0000000000000400                _Min_Stack_Size = 0x400

.isr_vector     0x0000000008000000      0x198
                0x0000000008000000                . = ALIGN (0x4)
 *(.isr_vector)
 .isr_vector    0x0000000008000000      0x198 ./Core/Startup/startup_stm32f411ceux.o
                0x0000000008000000                g_pfnVectors
                0x0000000008000198                . = ALIGN (0x4)

.text           0x0000000008000198     0x8e8c
                0x0000000008000198                . = ALIGN (0x4)
 *(.text)
 .text          0x0000000008000198       0x40 C:/ST/STM32CubeIDE_1.13.1/STM32CubeIDE/plugins/com.st.stm32cube.ide.mcu.externaltools.gnu-tools-for-stm32.11.3.rel1.win32_1.1.0.202305231506/tools/bin/../lib/gcc/arm-none-eabi/11.3.1/thumb/v7e-m+fp/hard/crtbegin.o
 .text          0x00000000080001d8      0x378 C:/ST/STM32CubeIDE_1.13.1/STM32CubeIDE/plugins/com.st.stm32cube.ide.mcu.externaltools.gnu-tools-for-stm32.11.3.rel1.win32_1.1.0.202305231506/tools/bin/../lib/gcc/arm-none-eabi/11.3.1/thumb/v7e-m+fp/hard\libgcc.a(_arm_addsubdf3.o)
                0x00000000080001d8                __aeabi_drsub
                0x00000000080001e0                __aeabi_dsub
                0x00000000080001e0                __subdf3
                0x00000000080001e4                __aeabi_dadd
                0x00000000080001e4                __adddf3
                0x000000000800045c                __floatunsidf
                0x000000000800045c                __aeabi_ui2d
                0x000000000800047c                __floatsidf
                0x000000000800047c                __aeabi_i2d
                0x00000000080004a0                __aeabi_f2d
                0x00000000080004a0                __extendsfdf2
                0x00000000080004e4                __floatundidf
                0x00000000080004e4                __aeabi_ul2d
                0x00000000080004f4                __floatdidf
                0x00000000080004f4                __aeabi_l2d
 .text          0x0000000008000550      0x424 C:/ST/STM32CubeIDE_1.13.1/STM32CubeIDE/plugins/com.st.stm32cube.ide.mcu.externaltools.gnu-tools-for-stm32.11.3.rel1.win32_1.1.0.202305231506/tools/bin/../lib/gcc/arm-none-eabi/11.3.1/thumb/v7e-m+fp/hard\libgcc.a(_arm_muldivdf3.o)
                0x0000000008000550                __aeabi_dmul
                0x0000000008000550                __muldf3
                0x00000000080007a4                __divdf3
                0x00000000080007a4                __aeabi_ddiv
 .text          0x0000000008000974       0x50 C:/ST/STM32CubeIDE_1.13.1/STM32CubeIDE/plugins/com.st.stm32cube.ide.mcu.externaltools.gnu-tools-for-stm32.11.3.rel1.win32_1.1.0.202305231506/tools/bin/../lib/gcc/arm-none-eabi/11.3.1/thumb/v7e-m+fp/hard\libgcc.a(_arm_fixdfsi.o)
                0x0000000008000974                __aeabi_d2iz
                0x0000000008000974                __fixdfsi
 .text          0x00000000080009c4       0x30 C:/ST/STM32CubeIDE_1.13.1/STM32CubeIDE/plugins/com.st.stm32cube.ide.mcu.externaltools.gnu-tools-for-stm32.11.3.rel1.win32_1.1.0.202305231506/tools/bin/../lib/gcc/arm-none-eabi/11.3.1/thumb/v7e-m+fp/hard\libgcc.a(_aeabi_uldivmod.o)
                0x00000000080009c4                __aeabi_uldivmod
 .text          0x00000000080009f4      0x2c8 C:/ST/STM32CubeIDE_1.13.1/STM32CubeIDE/plugins/com.st.stm32cube.ide.mcu.externaltools.gnu-tools-for-stm32.11.3.rel1.win32_1.1.0.202305231506/tools/bin/../lib/gcc/arm-none-eabi/11.3.1/thumb/v7e-m+fp/hard\libgcc.a(_udivmoddi4.o)
                0x00000000080009f4                __udivmoddi4
 .text          0x0000000008000cbc        0x4 C:/ST/STM32CubeIDE_1.13.1/STM32CubeIDE/plugins/com.st.stm32cube.ide.mcu.externaltools.gnu-tools-for-stm32.11.3.rel1.win32_1.1.0.202305231506/tools/bin/../lib/gcc/arm-none-eabi/11.3.1/thumb/v7e-m+fp/hard\libgcc.a(_dvmd_tls.o)
                0x0000000008000cbc                __aeabi_idiv0
                0x0000000008000cbc                __aeabi_ldiv0
 *(.text*)
 .text.MX_DMA_Init
                0x0000000008000cc0       0x50 ./Core/Src/dma.o
                0x0000000008000cc0                MX_DMA_Init
 .text.MX_GPIO_Init
                0x0000000008000d10       0x84 ./Core/Src/gpio.o
                0x0000000008000d10                MX_GPIO_Init
 .text.tmcl_transmitt
                0x0000000008000d94       0x20 ./Core/Src/main.o
                0x0000000008000d94                tmcl_transmitt
 .text.main     0x0000000008000db4       0xc0 ./Core/Src/main.o
                0x0000000008000db4                main
 .text.SystemClock_Config
                0x0000000008000e74       0xd4 ./Core/Src/main.o
                0x0000000008000e74                SystemClock_Config
 .text.Error_Handler
                0x0000000008000f48        0xa ./Core/Src/main.o
                0x0000000008000f48                Error_Handler
 *fill*         0x0000000008000f52        0x2 
 .text.MX_SPI1_Init
                0x0000000008000f54       0x6c ./Core/Src/spi.o
                0x0000000008000f54                MX_SPI1_Init
 .text.HAL_SPI_MspInit
                0x0000000008000fc0      0x168 ./Core/Src/spi.o
                0x0000000008000fc0                HAL_SPI_MspInit
 .text.HAL_MspInit
                0x0000000008001128       0x50 ./Core/Src/stm32f4xx_hal_msp.o
                0x0000000008001128                HAL_MspInit
 .text.NMI_Handler
                0x0000000008001178        0xa ./Core/Src/stm32f4xx_it.o
                0x0000000008001178                NMI_Handler
 .text.HardFault_Handler
                0x0000000008001182        0x6 ./Core/Src/stm32f4xx_it.o
                0x0000000008001182                HardFault_Handler
 .text.MemManage_Handler
                0x0000000008001188        0x6 ./Core/Src/stm32f4xx_it.o
                0x0000000008001188                MemManage_Handler
 .text.BusFault_Handler
                0x000000000800118e        0x6 ./Core/Src/stm32f4xx_it.o
                0x000000000800118e                BusFault_Handler
 .text.UsageFault_Handler
                0x0000000008001194        0x6 ./Core/Src/stm32f4xx_it.o
                0x0000000008001194                UsageFault_Handler
 .text.SVC_Handler
                0x000000000800119a        0xe ./Core/Src/stm32f4xx_it.o
                0x000000000800119a                SVC_Handler
 .text.DebugMon_Handler
                0x00000000080011a8        0xe ./Core/Src/stm32f4xx_it.o
                0x00000000080011a8                DebugMon_Handler
 .text.PendSV_Handler
                0x00000000080011b6        0xe ./Core/Src/stm32f4xx_it.o
                0x00000000080011b6                PendSV_Handler
 .text.SysTick_Handler
                0x00000000080011c4        0xc ./Core/Src/stm32f4xx_it.o
                0x00000000080011c4                SysTick_Handler
 .text.SPI1_IRQHandler
                0x00000000080011d0       0x14 ./Core/Src/stm32f4xx_it.o
                0x00000000080011d0                SPI1_IRQHandler
 .text.DMA2_Stream0_IRQHandler
                0x00000000080011e4       0x14 ./Core/Src/stm32f4xx_it.o
                0x00000000080011e4                DMA2_Stream0_IRQHandler
 .text.DMA2_Stream2_IRQHandler
                0x00000000080011f8       0x14 ./Core/Src/stm32f4xx_it.o
                0x00000000080011f8                DMA2_Stream2_IRQHandler
 .text.OTG_FS_IRQHandler
                0x000000000800120c       0x14 ./Core/Src/stm32f4xx_it.o
                0x000000000800120c                OTG_FS_IRQHandler
 .text.SystemInit
                0x0000000008001220       0x24 ./Core/Src/system_stm32f4xx.o
                0x0000000008001220                SystemInit
 .text.Reset_Handler
                0x0000000008001244       0x50 ./Core/Startup/startup_stm32f411ceux.o
                0x0000000008001244                Reset_Handler
 .text.Default_Handler
                0x0000000008001294        0x2 ./Core/Startup/startup_stm32f411ceux.o
                0x0000000008001294                RTC_Alarm_IRQHandler
                0x0000000008001294                EXTI2_IRQHandler
                0x0000000008001294                SPI4_IRQHandler
                0x0000000008001294                TIM1_CC_IRQHandler
                0x0000000008001294                DMA2_Stream5_IRQHandler
                0x0000000008001294                DMA1_Stream5_IRQHandler
                0x0000000008001294                PVD_IRQHandler
                0x0000000008001294                SDIO_IRQHandler
                0x0000000008001294                TAMP_STAMP_IRQHandler
                0x0000000008001294                EXTI3_IRQHandler
                0x0000000008001294                TIM1_UP_TIM10_IRQHandler
                0x0000000008001294                I2C3_ER_IRQHandler
                0x0000000008001294                EXTI0_IRQHandler
                0x0000000008001294                I2C2_EV_IRQHandler
                0x0000000008001294                DMA1_Stream2_IRQHandler
                0x0000000008001294                FPU_IRQHandler
                0x0000000008001294                TIM1_BRK_TIM9_IRQHandler
                0x0000000008001294                DMA2_Stream3_IRQHandler
                0x0000000008001294                USART6_IRQHandler
                0x0000000008001294                TIM4_IRQHandler
                0x0000000008001294                I2C1_EV_IRQHandler
                0x0000000008001294                DMA1_Stream6_IRQHandler
                0x0000000008001294                DMA1_Stream1_IRQHandler
                0x0000000008001294                TIM3_IRQHandler
                0x0000000008001294                RCC_IRQHandler
                0x0000000008001294                Default_Handler
                0x0000000008001294                EXTI15_10_IRQHandler
                0x0000000008001294                ADC_IRQHandler
                0x0000000008001294                DMA1_Stream7_IRQHandler
                0x0000000008001294                SPI5_IRQHandler
                0x0000000008001294                TIM5_IRQHandler
                0x0000000008001294                DMA2_Stream7_IRQHandler
                0x0000000008001294                I2C3_EV_IRQHandler
                0x0000000008001294                EXTI9_5_IRQHandler
                0x0000000008001294                RTC_WKUP_IRQHandler
                0x0000000008001294                SPI2_IRQHandler
                0x0000000008001294                DMA1_Stream0_IRQHandler
                0x0000000008001294                EXTI4_IRQHandler
                0x0000000008001294                WWDG_IRQHandler
                0x0000000008001294                TIM2_IRQHandler
                0x0000000008001294                OTG_FS_WKUP_IRQHandler
                0x0000000008001294                TIM1_TRG_COM_TIM11_IRQHandler
                0x0000000008001294                EXTI1_IRQHandler
                0x0000000008001294                USART2_IRQHandler
                0x0000000008001294                I2C2_ER_IRQHandler
                0x0000000008001294                DMA2_Stream1_IRQHandler
                0x0000000008001294                FLASH_IRQHandler
                0x0000000008001294                DMA2_Stream4_IRQHandler
                0x0000000008001294                USART1_IRQHandler
                0x0000000008001294                SPI3_IRQHandler
                0x0000000008001294                DMA1_Stream4_IRQHandler
                0x0000000008001294                I2C1_ER_IRQHandler
                0x0000000008001294                DMA2_Stream6_IRQHandler
                0x0000000008001294                DMA1_Stream3_IRQHandler
 *fill*         0x0000000008001296        0x2 
 .text.tmcl_executeActualCommand
                0x0000000008001298       0xa4 ./Core/TMCL/TMCL.o
 .text.tmcl_processCommand
                0x000000000800133c      0x1fc ./Core/TMCL/TMCL.o
                0x000000000800133c                tmcl_processCommand
 .text.getVM    0x0000000008001538       0xac ./Core/TMCL/TMCL_cmds.o
                0x0000000008001538                getVM
 .text.tmcl_getVersion
                0x00000000080015e4       0xec ./Core/TMCL/TMCL_cmds.o
                0x00000000080015e4                tmcl_getVersion
 .text.tmcl_getInput
                0x00000000080016d0       0x2c ./Core/TMCL/TMCL_cmds.o
                0x00000000080016d0                tmcl_getInput
 .text.tmcl_receive
                0x00000000080016fc       0x6c ./Core/TMCL/TMCL_receiver.o
                0x00000000080016fc                tmcl_receive
 .text.tmcl_get_data
                0x0000000008001768       0x80 ./Core/TMCL/TMCL_receiver.o
                0x0000000008001768                tmcl_get_data
 .text.tmc4671_readInt
                0x00000000080017e8       0x78 ./Core/tmc/ic/TMC4671/TMC4671.o
                0x00000000080017e8                tmc4671_readInt
 .text.tmc4671_writeInt
                0x0000000008001860       0x70 ./Core/tmc/ic/TMC4671/TMC4671.o
                0x0000000008001860                tmc4671_writeInt
 .text.tmc4671_getActualPosition
                0x00000000080018d0       0x1e ./Core/tmc/ic/TMC4671/TMC4671.o
                0x00000000080018d0                tmc4671_getActualPosition
 .text.tmc4671_readFieldWithDependency
                0x00000000080018ee       0x62 ./Core/tmc/ic/TMC4671/TMC4671.o
                0x00000000080018ee                tmc4671_readFieldWithDependency
 .text.tmc6100_init
                0x0000000008001950       0x4c ./Core/tmc/ic/TMC6100/TMC6100.o
                0x0000000008001950                tmc6100_init
 .text.tmc6100_writeInt
                0x000000000800199c       0x78 ./Core/tmc/ic/TMC6100/TMC6100.o
                0x000000000800199c                tmc6100_writeInt
 .text.StartupConfig
                0x0000000008001a14       0x80 ./Core/tmc/tmc4671_template.o
                0x0000000008001a14                StartupConfig
 .text.openloop_test_drive
                0x0000000008001a94       0x54 ./Core/tmc/tmc4671_template.o
                0x0000000008001a94                openloop_test_drive
 .text.HAL_Init
                0x0000000008001ae8       0x44 ./Drivers/STM32F4xx_HAL_Driver/Src/stm32f4xx_hal.o
                0x0000000008001ae8                HAL_Init
 .text.HAL_InitTick
                0x0000000008001b2c       0x60 ./Drivers/STM32F4xx_HAL_Driver/Src/stm32f4xx_hal.o
                0x0000000008001b2c                HAL_InitTick
 .text.HAL_IncTick
                0x0000000008001b8c       0x28 ./Drivers/STM32F4xx_HAL_Driver/Src/stm32f4xx_hal.o
                0x0000000008001b8c                HAL_IncTick
 .text.HAL_GetTick
                0x0000000008001bb4       0x18 ./Drivers/STM32F4xx_HAL_Driver/Src/stm32f4xx_hal.o
                0x0000000008001bb4                HAL_GetTick
 .text.HAL_Delay
                0x0000000008001bcc       0x48 ./Drivers/STM32F4xx_HAL_Driver/Src/stm32f4xx_hal.o
                0x0000000008001bcc                HAL_Delay
 .text.__NVIC_SetPriorityGrouping
                0x0000000008001c14       0x48 ./Drivers/STM32F4xx_HAL_Driver/Src/stm32f4xx_hal_cortex.o
 .text.__NVIC_GetPriorityGrouping
                0x0000000008001c5c       0x1c ./Drivers/STM32F4xx_HAL_Driver/Src/stm32f4xx_hal_cortex.o
 .text.__NVIC_EnableIRQ
                0x0000000008001c78       0x3c ./Drivers/STM32F4xx_HAL_Driver/Src/stm32f4xx_hal_cortex.o
 .text.__NVIC_SetPriority
                0x0000000008001cb4       0x54 ./Drivers/STM32F4xx_HAL_Driver/Src/stm32f4xx_hal_cortex.o
 .text.NVIC_EncodePriority
                0x0000000008001d08       0x66 ./Drivers/STM32F4xx_HAL_Driver/Src/stm32f4xx_hal_cortex.o
 *fill*         0x0000000008001d6e        0x2 
 .text.SysTick_Config
                0x0000000008001d70       0x44 ./Drivers/STM32F4xx_HAL_Driver/Src/stm32f4xx_hal_cortex.o
 .text.HAL_NVIC_SetPriorityGrouping
                0x0000000008001db4       0x16 ./Drivers/STM32F4xx_HAL_Driver/Src/stm32f4xx_hal_cortex.o
                0x0000000008001db4                HAL_NVIC_SetPriorityGrouping
 .text.HAL_NVIC_SetPriority
                0x0000000008001dca       0x38 ./Drivers/STM32F4xx_HAL_Driver/Src/stm32f4xx_hal_cortex.o
                0x0000000008001dca                HAL_NVIC_SetPriority
 .text.HAL_NVIC_EnableIRQ
                0x0000000008001e02       0x1c ./Drivers/STM32F4xx_HAL_Driver/Src/stm32f4xx_hal_cortex.o
                0x0000000008001e02                HAL_NVIC_EnableIRQ
 .text.HAL_SYSTICK_Config
                0x0000000008001e1e       0x18 ./Drivers/STM32F4xx_HAL_Driver/Src/stm32f4xx_hal_cortex.o
                0x0000000008001e1e                HAL_SYSTICK_Config
 *fill*         0x0000000008001e36        0x2 
 .text.HAL_DMA_Init
                0x0000000008001e38      0x15c ./Drivers/STM32F4xx_HAL_Driver/Src/stm32f4xx_hal_dma.o
                0x0000000008001e38                HAL_DMA_Init
 .text.HAL_DMA_Abort_IT
                0x0000000008001f94       0x44 ./Drivers/STM32F4xx_HAL_Driver/Src/stm32f4xx_hal_dma.o
                0x0000000008001f94                HAL_DMA_Abort_IT
 .text.HAL_DMA_IRQHandler
                0x0000000008001fd8      0x314 ./Drivers/STM32F4xx_HAL_Driver/Src/stm32f4xx_hal_dma.o
                0x0000000008001fd8                HAL_DMA_IRQHandler
 .text.DMA_CalcBaseAndBitshift
                0x00000000080022ec       0x6c ./Drivers/STM32F4xx_HAL_Driver/Src/stm32f4xx_hal_dma.o
 .text.DMA_CheckFifoParam
                0x0000000008002358       0xf8 ./Drivers/STM32F4xx_HAL_Driver/Src/stm32f4xx_hal_dma.o
 .text.HAL_GPIO_Init
                0x0000000008002450      0x308 ./Drivers/STM32F4xx_HAL_Driver/Src/stm32f4xx_hal_gpio.o
                0x0000000008002450                HAL_GPIO_Init
 .text.HAL_GPIO_WritePin
                0x0000000008002758       0x32 ./Drivers/STM32F4xx_HAL_Driver/Src/stm32f4xx_hal_gpio.o
                0x0000000008002758                HAL_GPIO_WritePin
 .text.HAL_PCD_Init
                0x000000000800278a      0x23a ./Drivers/STM32F4xx_HAL_Driver/Src/stm32f4xx_hal_pcd.o
                0x000000000800278a                HAL_PCD_Init
 .text.HAL_PCD_Start
                0x00000000080029c4       0x66 ./Drivers/STM32F4xx_HAL_Driver/Src/stm32f4xx_hal_pcd.o
                0x00000000080029c4                HAL_PCD_Start
 .text.HAL_PCD_IRQHandler
                0x0000000008002a2a      0x93e ./Drivers/STM32F4xx_HAL_Driver/Src/stm32f4xx_hal_pcd.o
                0x0000000008002a2a                HAL_PCD_IRQHandler
 .text.HAL_PCD_SetAddress
                0x0000000008003368       0x4a ./Drivers/STM32F4xx_HAL_Driver/Src/stm32f4xx_hal_pcd.o
                0x0000000008003368                HAL_PCD_SetAddress
 .text.HAL_PCD_EP_Open
                0x00000000080033b2       0xd0 ./Drivers/STM32F4xx_HAL_Driver/Src/stm32f4xx_hal_pcd.o
                0x00000000080033b2                HAL_PCD_EP_Open
 .text.HAL_PCD_EP_Close
                0x0000000008003482       0x94 ./Drivers/STM32F4xx_HAL_Driver/Src/stm32f4xx_hal_pcd.o
                0x0000000008003482                HAL_PCD_EP_Close
 .text.HAL_PCD_EP_Receive
                0x0000000008003516       0x96 ./Drivers/STM32F4xx_HAL_Driver/Src/stm32f4xx_hal_pcd.o
                0x0000000008003516                HAL_PCD_EP_Receive
 .text.HAL_PCD_EP_GetRxCount
                0x00000000080035ac       0x30 ./Drivers/STM32F4xx_HAL_Driver/Src/stm32f4xx_hal_pcd.o
                0x00000000080035ac                HAL_PCD_EP_GetRxCount
 .text.HAL_PCD_EP_Transmit
                0x00000000080035dc       0x94 ./Drivers/STM32F4xx_HAL_Driver/Src/stm32f4xx_hal_pcd.o
                0x00000000080035dc                HAL_PCD_EP_Transmit
 .text.HAL_PCD_EP_SetStall
                0x0000000008003670       0xc8 ./Drivers/STM32F4xx_HAL_Driver/Src/stm32f4xx_hal_pcd.o
                0x0000000008003670                HAL_PCD_EP_SetStall
 .text.HAL_PCD_EP_ClrStall
                0x0000000008003738       0xac ./Drivers/STM32F4xx_HAL_Driver/Src/stm32f4xx_hal_pcd.o
                0x0000000008003738                HAL_PCD_EP_ClrStall
 .text.HAL_PCD_EP_Abort
                0x00000000080037e4       0x62 ./Drivers/STM32F4xx_HAL_Driver/Src/stm32f4xx_hal_pcd.o
                0x00000000080037e4                HAL_PCD_EP_Abort
 .text.PCD_WriteEmptyTxFifo
                0x0000000008003846      0x11a ./Drivers/STM32F4xx_HAL_Driver/Src/stm32f4xx_hal_pcd.o
 .text.PCD_EP_OutXfrComplete_int
                0x0000000008003960      0x1d0 ./Drivers/STM32F4xx_HAL_Driver/Src/stm32f4xx_hal_pcd.o
 .text.PCD_EP_OutSetupPacket_int
                0x0000000008003b30       0x8c ./Drivers/STM32F4xx_HAL_Driver/Src/stm32f4xx_hal_pcd.o
 .text.HAL_PCDEx_SetTxFiFo
                0x0000000008003bbc       0x8e ./Drivers/STM32F4xx_HAL_Driver/Src/stm32f4xx_hal_pcd_ex.o
                0x0000000008003bbc                HAL_PCDEx_SetTxFiFo
 .text.HAL_PCDEx_SetRxFiFo
                0x0000000008003c4a       0x22 ./Drivers/STM32F4xx_HAL_Driver/Src/stm32f4xx_hal_pcd_ex.o
                0x0000000008003c4a                HAL_PCDEx_SetRxFiFo
 .text.HAL_PCDEx_LPM_Callback
                0x0000000008003c6c       0x18 ./Drivers/STM32F4xx_HAL_Driver/Src/stm32f4xx_hal_pcd_ex.o
                0x0000000008003c6c                HAL_PCDEx_LPM_Callback
 .text.HAL_RCC_OscConfig
                0x0000000008003c84      0x4f0 ./Drivers/STM32F4xx_HAL_Driver/Src/stm32f4xx_hal_rcc.o
                0x0000000008003c84                HAL_RCC_OscConfig
 .text.HAL_RCC_ClockConfig
                0x0000000008004174      0x1cc ./Drivers/STM32F4xx_HAL_Driver/Src/stm32f4xx_hal_rcc.o
                0x0000000008004174                HAL_RCC_ClockConfig
 .text.HAL_RCC_EnableCSS
                0x0000000008004340       0x18 ./Drivers/STM32F4xx_HAL_Driver/Src/stm32f4xx_hal_rcc.o
                0x0000000008004340                HAL_RCC_EnableCSS
 .text.HAL_RCC_GetSysClockFreq
                0x0000000008004358      0x18c ./Drivers/STM32F4xx_HAL_Driver/Src/stm32f4xx_hal_rcc.o
                0x0000000008004358                HAL_RCC_GetSysClockFreq
 .text.HAL_RCC_GetHCLKFreq
                0x00000000080044e4       0x18 ./Drivers/STM32F4xx_HAL_Driver/Src/stm32f4xx_hal_rcc.o
                0x00000000080044e4                HAL_RCC_GetHCLKFreq
 .text.HAL_RCC_NMI_IRQHandler
                0x00000000080044fc       0x28 ./Drivers/STM32F4xx_HAL_Driver/Src/stm32f4xx_hal_rcc.o
                0x00000000080044fc                HAL_RCC_NMI_IRQHandler
 .text.HAL_RCC_CSSCallback
                0x0000000008004524        0xe ./Drivers/STM32F4xx_HAL_Driver/Src/stm32f4xx_hal_rcc.o
                0x0000000008004524                HAL_RCC_CSSCallback
 .text.HAL_SPI_Init
                0x0000000008004532      0x112 ./Drivers/STM32F4xx_HAL_Driver/Src/stm32f4xx_hal_spi.o
                0x0000000008004532                HAL_SPI_Init
 .text.HAL_SPI_TransmitReceive
                0x0000000008004644      0x344 ./Drivers/STM32F4xx_HAL_Driver/Src/stm32f4xx_hal_spi.o
                0x0000000008004644                HAL_SPI_TransmitReceive
 .text.HAL_SPI_IRQHandler
                0x0000000008004988      0x1e8 ./Drivers/STM32F4xx_HAL_Driver/Src/stm32f4xx_hal_spi.o
                0x0000000008004988                HAL_SPI_IRQHandler
 .text.HAL_SPI_ErrorCallback
                0x0000000008004b70       0x14 ./Drivers/STM32F4xx_HAL_Driver/Src/stm32f4xx_hal_spi.o
                0x0000000008004b70                HAL_SPI_ErrorCallback
 .text.SPI_DMAAbortOnError
                0x0000000008004b84       0x28 ./Drivers/STM32F4xx_HAL_Driver/Src/stm32f4xx_hal_spi.o
 .text.SPI_WaitFlagStateUntilTimeout
                0x0000000008004bac      0x110 ./Drivers/STM32F4xx_HAL_Driver/Src/stm32f4xx_hal_spi.o
 .text.SPI_EndRxTxTransaction
                0x0000000008004cbc       0x84 ./Drivers/STM32F4xx_HAL_Driver/Src/stm32f4xx_hal_spi.o
 .text.USB_CoreInit
                0x0000000008004d40       0xc2 ./Drivers/STM32F4xx_HAL_Driver/Src/stm32f4xx_ll_usb.o
                0x0000000008004d40                USB_CoreInit
 *fill*         0x0000000008004e02        0x2 
 .text.USB_SetTurnaroundTime
                0x0000000008004e04      0x144 ./Drivers/STM32F4xx_HAL_Driver/Src/stm32f4xx_ll_usb.o
                0x0000000008004e04                USB_SetTurnaroundTime
 .text.USB_EnableGlobalInt
                0x0000000008004f48       0x22 ./Drivers/STM32F4xx_HAL_Driver/Src/stm32f4xx_ll_usb.o
                0x0000000008004f48                USB_EnableGlobalInt
 .text.USB_DisableGlobalInt
                0x0000000008004f6a       0x22 ./Drivers/STM32F4xx_HAL_Driver/Src/stm32f4xx_ll_usb.o
                0x0000000008004f6a                USB_DisableGlobalInt
 .text.USB_SetCurrentMode
                0x0000000008004f8c       0x98 ./Drivers/STM32F4xx_HAL_Driver/Src/stm32f4xx_ll_usb.o
                0x0000000008004f8c                USB_SetCurrentMode
 .text.USB_DevInit
                0x0000000008005024      0x2c8 ./Drivers/STM32F4xx_HAL_Driver/Src/stm32f4xx_ll_usb.o
                0x0000000008005024                USB_DevInit
 .text.USB_FlushTxFifo
                0x00000000080052ec       0x68 ./Drivers/STM32F4xx_HAL_Driver/Src/stm32f4xx_ll_usb.o
                0x00000000080052ec                USB_FlushTxFifo
 .text.USB_FlushRxFifo
                0x0000000008005354       0x60 ./Drivers/STM32F4xx_HAL_Driver/Src/stm32f4xx_ll_usb.o
                0x0000000008005354                USB_FlushRxFifo
 .text.USB_SetDevSpeed
                0x00000000080053b4       0x32 ./Drivers/STM32F4xx_HAL_Driver/Src/stm32f4xx_ll_usb.o
                0x00000000080053b4                USB_SetDevSpeed
 .text.USB_GetDevSpeed
                0x00000000080053e6       0x4a ./Drivers/STM32F4xx_HAL_Driver/Src/stm32f4xx_ll_usb.o
                0x00000000080053e6                USB_GetDevSpeed
 .text.USB_ActivateEndpoint
                0x0000000008005430      0x10e ./Drivers/STM32F4xx_HAL_Driver/Src/stm32f4xx_ll_usb.o
                0x0000000008005430                USB_ActivateEndpoint
 *fill*         0x000000000800553e        0x2 
 .text.USB_DeactivateEndpoint
                0x0000000008005540      0x1b8 ./Drivers/STM32F4xx_HAL_Driver/Src/stm32f4xx_ll_usb.o
                0x0000000008005540                USB_DeactivateEndpoint
 .text.USB_EPStartXfer
                0x00000000080056f8      0x490 ./Drivers/STM32F4xx_HAL_Driver/Src/stm32f4xx_ll_usb.o
                0x00000000080056f8                USB_EPStartXfer
 .text.USB_EP0StartXfer
                0x0000000008005b88      0x2b0 ./Drivers/STM32F4xx_HAL_Driver/Src/stm32f4xx_ll_usb.o
                0x0000000008005b88                USB_EP0StartXfer
 .text.USB_EPStopXfer
                0x0000000008005e38      0x154 ./Drivers/STM32F4xx_HAL_Driver/Src/stm32f4xx_ll_usb.o
                0x0000000008005e38                USB_EPStopXfer
 .text.USB_WritePacket
                0x0000000008005f8c       0x7c ./Drivers/STM32F4xx_HAL_Driver/Src/stm32f4xx_ll_usb.o
                0x0000000008005f8c                USB_WritePacket
 .text.USB_ReadPacket
                0x0000000008006008       0xb0 ./Drivers/STM32F4xx_HAL_Driver/Src/stm32f4xx_ll_usb.o
                0x0000000008006008                USB_ReadPacket
 .text.USB_EPSetStall
                0x00000000080060b8       0xdc ./Drivers/STM32F4xx_HAL_Driver/Src/stm32f4xx_ll_usb.o
                0x00000000080060b8                USB_EPSetStall
 .text.USB_EPClearStall
                0x0000000008006194       0xcc ./Drivers/STM32F4xx_HAL_Driver/Src/stm32f4xx_ll_usb.o
                0x0000000008006194                USB_EPClearStall
 .text.USB_SetDevAddress
                0x0000000008006260       0x4c ./Drivers/STM32F4xx_HAL_Driver/Src/stm32f4xx_ll_usb.o
                0x0000000008006260                USB_SetDevAddress
 .text.USB_DevConnect
                0x00000000080062ac       0x42 ./Drivers/STM32F4xx_HAL_Driver/Src/stm32f4xx_ll_usb.o
                0x00000000080062ac                USB_DevConnect
 .text.USB_DevDisconnect
                0x00000000080062ee       0x42 ./Drivers/STM32F4xx_HAL_Driver/Src/stm32f4xx_ll_usb.o
                0x00000000080062ee                USB_DevDisconnect
 .text.USB_ReadInterrupts
                0x0000000008006330       0x26 ./Drivers/STM32F4xx_HAL_Driver/Src/stm32f4xx_ll_usb.o
                0x0000000008006330                USB_ReadInterrupts
 .text.USB_ReadDevAllOutEpInterrupt
                0x0000000008006356       0x34 ./Drivers/STM32F4xx_HAL_Driver/Src/stm32f4xx_ll_usb.o
                0x0000000008006356                USB_ReadDevAllOutEpInterrupt
 .text.USB_ReadDevAllInEpInterrupt
                0x000000000800638a       0x34 ./Drivers/STM32F4xx_HAL_Driver/Src/stm32f4xx_ll_usb.o
                0x000000000800638a                USB_ReadDevAllInEpInterrupt
 .text.USB_ReadDevOutEPInterrupt
                0x00000000080063be       0x3c ./Drivers/STM32F4xx_HAL_Driver/Src/stm32f4xx_ll_usb.o
                0x00000000080063be                USB_ReadDevOutEPInterrupt
 .text.USB_ReadDevInEPInterrupt
                0x00000000080063fa       0x5c ./Drivers/STM32F4xx_HAL_Driver/Src/stm32f4xx_ll_usb.o
                0x00000000080063fa                USB_ReadDevInEPInterrupt
 .text.USB_GetMode
                0x0000000008006456       0x1c ./Drivers/STM32F4xx_HAL_Driver/Src/stm32f4xx_ll_usb.o
                0x0000000008006456                USB_GetMode
 .text.USB_ActivateSetup
                0x0000000008006472       0x46 ./Drivers/STM32F4xx_HAL_Driver/Src/stm32f4xx_ll_usb.o
                0x0000000008006472                USB_ActivateSetup
 .text.USB_EP0_OutStart
                0x00000000080064b8       0xbc ./Drivers/STM32F4xx_HAL_Driver/Src/stm32f4xx_ll_usb.o
                0x00000000080064b8                USB_EP0_OutStart
 .text.USB_CoreReset
                0x0000000008006574       0x68 ./Drivers/STM32F4xx_HAL_Driver/Src/stm32f4xx_ll_usb.o
 .text.USBD_CDC_Init
                0x00000000080065dc      0x1f0 ./Middlewares/ST/STM32_USB_Device_Library/Class/CDC/Src/usbd_cdc.o
 .text.USBD_CDC_DeInit
                0x00000000080067cc      0x104 ./Middlewares/ST/STM32_USB_Device_Library/Class/CDC/Src/usbd_cdc.o
 .text.USBD_CDC_Setup
                0x00000000080068d0      0x1b8 ./Middlewares/ST/STM32_USB_Device_Library/Class/CDC/Src/usbd_cdc.o
 .text.USBD_CDC_DataIn
                0x0000000008006a88       0xfe ./Middlewares/ST/STM32_USB_Device_Library/Class/CDC/Src/usbd_cdc.o
 .text.USBD_CDC_DataOut
                0x0000000008006b86       0x70 ./Middlewares/ST/STM32_USB_Device_Library/Class/CDC/Src/usbd_cdc.o
 .text.USBD_CDC_EP0_RxReady
                0x0000000008006bf6       0x76 ./Middlewares/ST/STM32_USB_Device_Library/Class/CDC/Src/usbd_cdc.o
 .text.USBD_CDC_GetFSCfgDesc
                0x0000000008006c6c       0x70 ./Middlewares/ST/STM32_USB_Device_Library/Class/CDC/Src/usbd_cdc.o
 .text.USBD_CDC_GetHSCfgDesc
                0x0000000008006cdc       0x70 ./Middlewares/ST/STM32_USB_Device_Library/Class/CDC/Src/usbd_cdc.o
 .text.USBD_CDC_GetOtherSpeedCfgDesc
                0x0000000008006d4c       0x70 ./Middlewares/ST/STM32_USB_Device_Library/Class/CDC/Src/usbd_cdc.o
 .text.USBD_CDC_GetDeviceQualifierDescriptor
                0x0000000008006dbc       0x20 ./Middlewares/ST/STM32_USB_Device_Library/Class/CDC/Src/usbd_cdc.o
                0x0000000008006dbc                USBD_CDC_GetDeviceQualifierDescriptor
 .text.USBD_CDC_RegisterInterface
                0x0000000008006ddc       0x34 ./Middlewares/ST/STM32_USB_Device_Library/Class/CDC/Src/usbd_cdc.o
                0x0000000008006ddc                USBD_CDC_RegisterInterface
 .text.USBD_CDC_SetTxBuffer
                0x0000000008006e10       0x44 ./Middlewares/ST/STM32_USB_Device_Library/Class/CDC/Src/usbd_cdc.o
                0x0000000008006e10                USBD_CDC_SetTxBuffer
 .text.USBD_CDC_SetRxBuffer
                0x0000000008006e54       0x3a ./Middlewares/ST/STM32_USB_Device_Library/Class/CDC/Src/usbd_cdc.o
                0x0000000008006e54                USBD_CDC_SetRxBuffer
 *fill*         0x0000000008006e8e        0x2 
 .text.USBD_CDC_TransmitPacket
                0x0000000008006e90       0x8c ./Middlewares/ST/STM32_USB_Device_Library/Class/CDC/Src/usbd_cdc.o
                0x0000000008006e90                USBD_CDC_TransmitPacket
 .text.USBD_CDC_ReceivePacket
                0x0000000008006f1c       0x6c ./Middlewares/ST/STM32_USB_Device_Library/Class/CDC/Src/usbd_cdc.o
                0x0000000008006f1c                USBD_CDC_ReceivePacket
 .text.USBD_Init
                0x0000000008006f88       0x60 ./Middlewares/ST/STM32_USB_Device_Library/Core/Src/usbd_core.o
                0x0000000008006f88                USBD_Init
 .text.USBD_RegisterClass
                0x0000000008006fe8       0x6c ./Middlewares/ST/STM32_USB_Device_Library/Core/Src/usbd_core.o
                0x0000000008006fe8                USBD_RegisterClass
 .text.USBD_Start
                0x0000000008007054       0x18 ./Middlewares/ST/STM32_USB_Device_Library/Core/Src/usbd_core.o
                0x0000000008007054                USBD_Start
 .text.USBD_RunTestMode
                0x000000000800706c       0x16 ./Middlewares/ST/STM32_USB_Device_Library/Core/Src/usbd_core.o
                0x000000000800706c                USBD_RunTestMode
 .text.USBD_SetClassConfig
                0x0000000008007082       0x38 ./Middlewares/ST/STM32_USB_Device_Library/Core/Src/usbd_core.o
                0x0000000008007082                USBD_SetClassConfig
 .text.USBD_ClrClassConfig
                0x00000000080070ba       0x34 ./Middlewares/ST/STM32_USB_Device_Library/Core/Src/usbd_core.o
                0x00000000080070ba                USBD_ClrClassConfig
 .text.USBD_LL_SetupStage
                0x00000000080070ee       0xaa ./Middlewares/ST/STM32_USB_Device_Library/Core/Src/usbd_core.o
                0x00000000080070ee                USBD_LL_SetupStage
 .text.USBD_LL_DataOutStage
                0x0000000008007198      0x166 ./Middlewares/ST/STM32_USB_Device_Library/Core/Src/usbd_core.o
                0x0000000008007198                USBD_LL_DataOutStage
 .text.USBD_LL_DataInStage
                0x00000000080072fe      0x164 ./Middlewares/ST/STM32_USB_Device_Library/Core/Src/usbd_core.o
                0x00000000080072fe                USBD_LL_DataInStage
 .text.USBD_LL_Reset
                0x0000000008007462       0xa4 ./Middlewares/ST/STM32_USB_Device_Library/Core/Src/usbd_core.o
                0x0000000008007462                USBD_LL_Reset
 .text.USBD_LL_SetSpeed
                0x0000000008007506       0x20 ./Middlewares/ST/STM32_USB_Device_Library/Core/Src/usbd_core.o
                0x0000000008007506                USBD_LL_SetSpeed
 .text.USBD_LL_Suspend
                0x0000000008007526       0x2c ./Middlewares/ST/STM32_USB_Device_Library/Core/Src/usbd_core.o
                0x0000000008007526                USBD_LL_Suspend
 .text.USBD_LL_Resume
                0x0000000008007552       0x30 ./Middlewares/ST/STM32_USB_Device_Library/Core/Src/usbd_core.o
                0x0000000008007552                USBD_LL_Resume
 .text.USBD_LL_SOF
                0x0000000008007582       0x40 ./Middlewares/ST/STM32_USB_Device_Library/Core/Src/usbd_core.o
                0x0000000008007582                USBD_LL_SOF
 .text.USBD_LL_IsoINIncomplete
                0x00000000080075c2       0x64 ./Middlewares/ST/STM32_USB_Device_Library/Core/Src/usbd_core.o
                0x00000000080075c2                USBD_LL_IsoINIncomplete
 .text.USBD_LL_IsoOUTIncomplete
                0x0000000008007626       0x64 ./Middlewares/ST/STM32_USB_Device_Library/Core/Src/usbd_core.o
                0x0000000008007626                USBD_LL_IsoOUTIncomplete
 .text.USBD_LL_DevConnected
                0x000000000800768a       0x16 ./Middlewares/ST/STM32_USB_Device_Library/Core/Src/usbd_core.o
                0x000000000800768a                USBD_LL_DevConnected
 .text.USBD_LL_DevDisconnected
                0x00000000080076a0       0x46 ./Middlewares/ST/STM32_USB_Device_Library/Core/Src/usbd_core.o
                0x00000000080076a0                USBD_LL_DevDisconnected
 .text.USBD_CoreFindIF
                0x00000000080076e6       0x1a ./Middlewares/ST/STM32_USB_Device_Library/Core/Src/usbd_core.o
                0x00000000080076e6                USBD_CoreFindIF
 .text.USBD_CoreFindEP
                0x0000000008007700       0x1a ./Middlewares/ST/STM32_USB_Device_Library/Core/Src/usbd_core.o
                0x0000000008007700                USBD_CoreFindEP
 .text.USBD_GetEpDesc
                0x000000000800771a       0x74 ./Middlewares/ST/STM32_USB_Device_Library/Core/Src/usbd_core.o
                0x000000000800771a                USBD_GetEpDesc
 .text.USBD_GetNextDesc
                0x000000000800778e       0x3a ./Middlewares/ST/STM32_USB_Device_Library/Core/Src/usbd_core.o
                0x000000000800778e                USBD_GetNextDesc
 .text.SWAPBYTE
                0x00000000080077c8       0x3c ./Middlewares/ST/STM32_USB_Device_Library/Core/Src/usbd_ctlreq.o
 .text.USBD_StdDevReq
                0x0000000008007804       0xe4 ./Middlewares/ST/STM32_USB_Device_Library/Core/Src/usbd_ctlreq.o
                0x0000000008007804                USBD_StdDevReq
 .text.USBD_StdItfReq
                0x00000000080078e8       0xd8 ./Middlewares/ST/STM32_USB_Device_Library/Core/Src/usbd_ctlreq.o
                0x00000000080078e8                USBD_StdItfReq
 .text.USBD_StdEPReq
                0x00000000080079c0      0x33a ./Middlewares/ST/STM32_USB_Device_Library/Core/Src/usbd_ctlreq.o
                0x00000000080079c0                USBD_StdEPReq
 *fill*         0x0000000008007cfa        0x2 
 .text.USBD_GetDescriptor
                0x0000000008007cfc      0x2d4 ./Middlewares/ST/STM32_USB_Device_Library/Core/Src/usbd_ctlreq.o
 .text.USBD_SetAddress
                0x0000000008007fd0       0x88 ./Middlewares/ST/STM32_USB_Device_Library/Core/Src/usbd_ctlreq.o
 .text.USBD_SetConfig
                0x0000000008008058      0x154 ./Middlewares/ST/STM32_USB_Device_Library/Core/Src/usbd_ctlreq.o
 .text.USBD_GetConfig
                0x00000000080081ac       0x6c ./Middlewares/ST/STM32_USB_Device_Library/Core/Src/usbd_ctlreq.o
 .text.USBD_GetStatus
                0x0000000008008218       0x68 ./Middlewares/ST/STM32_USB_Device_Library/Core/Src/usbd_ctlreq.o
 .text.USBD_SetFeature
                0x0000000008008280       0x52 ./Middlewares/ST/STM32_USB_Device_Library/Core/Src/usbd_ctlreq.o
 .text.USBD_ClrFeature
                0x00000000080082d2       0x44 ./Middlewares/ST/STM32_USB_Device_Library/Core/Src/usbd_ctlreq.o
 .text.USBD_ParseSetupRequest
                0x0000000008008316       0x74 ./Middlewares/ST/STM32_USB_Device_Library/Core/Src/usbd_ctlreq.o
                0x0000000008008316                USBD_ParseSetupRequest
 .text.USBD_CtlError
                0x000000000800838a       0x22 ./Middlewares/ST/STM32_USB_Device_Library/Core/Src/usbd_ctlreq.o
                0x000000000800838a                USBD_CtlError
 .text.USBD_GetString
                0x00000000080083ac       0x8c ./Middlewares/ST/STM32_USB_Device_Library/Core/Src/usbd_ctlreq.o
                0x00000000080083ac                USBD_GetString
 .text.USBD_GetLen
                0x0000000008008438       0x34 ./Middlewares/ST/STM32_USB_Device_Library/Core/Src/usbd_ctlreq.o
 .text.USBD_CtlSendData
                0x000000000800846c       0x36 ./Middlewares/ST/STM32_USB_Device_Library/Core/Src/usbd_ioreq.o
                0x000000000800846c                USBD_CtlSendData
 .text.USBD_CtlContinueSendData
                0x00000000080084a2       0x22 ./Middlewares/ST/STM32_USB_Device_Library/Core/Src/usbd_ioreq.o
                0x00000000080084a2                USBD_CtlContinueSendData
 .text.USBD_CtlPrepareRx
                0x00000000080084c4       0x3a ./Middlewares/ST/STM32_USB_Device_Library/Core/Src/usbd_ioreq.o
                0x00000000080084c4                USBD_CtlPrepareRx
 .text.USBD_CtlContinueRx
                0x00000000080084fe       0x22 ./Middlewares/ST/STM32_USB_Device_Library/Core/Src/usbd_ioreq.o
                0x00000000080084fe                USBD_CtlContinueRx
 .text.USBD_CtlSendStatus
                0x0000000008008520       0x26 ./Middlewares/ST/STM32_USB_Device_Library/Core/Src/usbd_ioreq.o
                0x0000000008008520                USBD_CtlSendStatus
 .text.USBD_CtlReceiveStatus
                0x0000000008008546       0x26 ./Middlewares/ST/STM32_USB_Device_Library/Core/Src/usbd_ioreq.o
                0x0000000008008546                USBD_CtlReceiveStatus
 .text.MX_USB_DEVICE_Init
                0x000000000800856c       0x60 ./USB_DEVICE/App/usb_device.o
                0x000000000800856c                MX_USB_DEVICE_Init
 .text.CDC_Init_FS
                0x00000000080085cc       0x28 ./USB_DEVICE/App/usbd_cdc_if.o
 .text.CDC_DeInit_FS
                0x00000000080085f4       0x10 ./USB_DEVICE/App/usbd_cdc_if.o
 .text.CDC_Control_FS
                0x0000000008008604       0xbc ./USB_DEVICE/App/usbd_cdc_if.o
 .text.CDC_Receive_FS
                0x00000000080086c0       0x34 ./USB_DEVICE/App/usbd_cdc_if.o
 .text.CDC_Transmit_FS
                0x00000000080086f4       0x4c ./USB_DEVICE/App/usbd_cdc_if.o
                0x00000000080086f4                CDC_Transmit_FS
 .text.CDC_TransmitCplt_FS
                0x0000000008008740       0x22 ./USB_DEVICE/App/usbd_cdc_if.o
 *fill*         0x0000000008008762        0x2 
 .text.USBD_FS_DeviceDescriptor
                0x0000000008008764       0x24 ./USB_DEVICE/App/usbd_desc.o
                0x0000000008008764                USBD_FS_DeviceDescriptor
 .text.USBD_FS_LangIDStrDescriptor
                0x0000000008008788       0x24 ./USB_DEVICE/App/usbd_desc.o
                0x0000000008008788                USBD_FS_LangIDStrDescriptor
 .text.USBD_FS_ProductStrDescriptor
                0x00000000080087ac       0x3c ./USB_DEVICE/App/usbd_desc.o
                0x00000000080087ac                USBD_FS_ProductStrDescriptor
 .text.USBD_FS_ManufacturerStrDescriptor
                0x00000000080087e8       0x28 ./USB_DEVICE/App/usbd_desc.o
                0x00000000080087e8                USBD_FS_ManufacturerStrDescriptor
 .text.USBD_FS_SerialStrDescriptor
                0x0000000008008810       0x24 ./USB_DEVICE/App/usbd_desc.o
                0x0000000008008810                USBD_FS_SerialStrDescriptor
 .text.USBD_FS_ConfigStrDescriptor
                0x0000000008008834       0x3c ./USB_DEVICE/App/usbd_desc.o
                0x0000000008008834                USBD_FS_ConfigStrDescriptor
 .text.USBD_FS_InterfaceStrDescriptor
                0x0000000008008870       0x3c ./USB_DEVICE/App/usbd_desc.o
                0x0000000008008870                USBD_FS_InterfaceStrDescriptor
 .text.Get_SerialNum
                0x00000000080088ac       0x58 ./USB_DEVICE/App/usbd_desc.o
 .text.IntToUnicode
                0x0000000008008904       0x7e ./USB_DEVICE/App/usbd_desc.o
 *fill*         0x0000000008008982        0x2 
 .text.HAL_PCD_MspInit
                0x0000000008008984       0xa8 ./USB_DEVICE/Target/usbd_conf.o
                0x0000000008008984                HAL_PCD_MspInit
 .text.HAL_PCD_SetupStageCallback
                0x0000000008008a2c       0x24 ./USB_DEVICE/Target/usbd_conf.o
                0x0000000008008a2c                HAL_PCD_SetupStageCallback
 .text.HAL_PCD_DataOutStageCallback
                0x0000000008008a50       0x36 ./USB_DEVICE/Target/usbd_conf.o
                0x0000000008008a50                HAL_PCD_DataOutStageCallback
 .text.HAL_PCD_DataInStageCallback
                0x0000000008008a86       0x34 ./USB_DEVICE/Target/usbd_conf.o
                0x0000000008008a86                HAL_PCD_DataInStageCallback
 .text.HAL_PCD_SOFCallback
                0x0000000008008aba       0x1c ./USB_DEVICE/Target/usbd_conf.o
                0x0000000008008aba                HAL_PCD_SOFCallback
 .text.HAL_PCD_ResetCallback
                0x0000000008008ad6       0x3c ./USB_DEVICE/Target/usbd_conf.o
                0x0000000008008ad6                HAL_PCD_ResetCallback
 *fill*         0x0000000008008b12        0x2 
 .text.HAL_PCD_SuspendCallback
                0x0000000008008b14       0x4c ./USB_DEVICE/Target/usbd_conf.o
                0x0000000008008b14                HAL_PCD_SuspendCallback
 .text.HAL_PCD_ResumeCallback
                0x0000000008008b60       0x1c ./USB_DEVICE/Target/usbd_conf.o
                0x0000000008008b60                HAL_PCD_ResumeCallback
 .text.HAL_PCD_ISOOUTIncompleteCallback
                0x0000000008008b7c       0x24 ./USB_DEVICE/Target/usbd_conf.o
                0x0000000008008b7c                HAL_PCD_ISOOUTIncompleteCallback
 .text.HAL_PCD_ISOINIncompleteCallback
                0x0000000008008ba0       0x24 ./USB_DEVICE/Target/usbd_conf.o
                0x0000000008008ba0                HAL_PCD_ISOINIncompleteCallback
 .text.HAL_PCD_ConnectCallback
                0x0000000008008bc4       0x1c ./USB_DEVICE/Target/usbd_conf.o
                0x0000000008008bc4                HAL_PCD_ConnectCallback
 .text.HAL_PCD_DisconnectCallback
                0x0000000008008be0       0x1c ./USB_DEVICE/Target/usbd_conf.o
                0x0000000008008be0                HAL_PCD_DisconnectCallback
 .text.USBD_LL_Init
                0x0000000008008bfc       0x98 ./USB_DEVICE/Target/usbd_conf.o
                0x0000000008008bfc                USBD_LL_Init
 .text.USBD_LL_Start
                0x0000000008008c94       0x36 ./USB_DEVICE/Target/usbd_conf.o
                0x0000000008008c94                USBD_LL_Start
 .text.USBD_LL_OpenEP
                0x0000000008008cca       0x4c ./USB_DEVICE/Target/usbd_conf.o
                0x0000000008008cca                USBD_LL_OpenEP
 .text.USBD_LL_CloseEP
                0x0000000008008d16       0x3e ./USB_DEVICE/Target/usbd_conf.o
                0x0000000008008d16                USBD_LL_CloseEP
 .text.USBD_LL_StallEP
                0x0000000008008d54       0x3e ./USB_DEVICE/Target/usbd_conf.o
                0x0000000008008d54                USBD_LL_StallEP
 .text.USBD_LL_ClearStallEP
                0x0000000008008d92       0x3e ./USB_DEVICE/Target/usbd_conf.o
                0x0000000008008d92                USBD_LL_ClearStallEP
 .text.USBD_LL_IsStallEP
                0x0000000008008dd0       0x58 ./USB_DEVICE/Target/usbd_conf.o
                0x0000000008008dd0                USBD_LL_IsStallEP
 .text.USBD_LL_SetUSBAddress
                0x0000000008008e28       0x3e ./USB_DEVICE/Target/usbd_conf.o
                0x0000000008008e28                USBD_LL_SetUSBAddress
 .text.USBD_LL_Transmit
                0x0000000008008e66       0x42 ./USB_DEVICE/Target/usbd_conf.o
                0x0000000008008e66                USBD_LL_Transmit
 .text.USBD_LL_PrepareReceive
                0x0000000008008ea8       0x42 ./USB_DEVICE/Target/usbd_conf.o
                0x0000000008008ea8                USBD_LL_PrepareReceive
 .text.USBD_LL_GetRxDataSize
                0x0000000008008eea       0x26 ./USB_DEVICE/Target/usbd_conf.o
                0x0000000008008eea                USBD_LL_GetRxDataSize
 .text.USBD_static_malloc
                0x0000000008008f10       0x1c ./USB_DEVICE/Target/usbd_conf.o
                0x0000000008008f10                USBD_static_malloc
 .text.USBD_static_free
                0x0000000008008f2c       0x14 ./USB_DEVICE/Target/usbd_conf.o
                0x0000000008008f2c                USBD_static_free
 .text.USBD_Get_USB_Status
                0x0000000008008f40       0x58 ./USB_DEVICE/Target/usbd_conf.o
                0x0000000008008f40                USBD_Get_USB_Status
 .text.memset   0x0000000008008f98       0x10 C:/ST/STM32CubeIDE_1.13.1/STM32CubeIDE/plugins/com.st.stm32cube.ide.mcu.externaltools.gnu-tools-for-stm32.11.3.rel1.win32_1.1.0.202305231506/tools/bin/../lib/gcc/arm-none-eabi/11.3.1/../../../../arm-none-eabi/lib/thumb/v7e-m+fp/hard\libc_nano.a(libc_a-memset.o)
                0x0000000008008f98                memset
 .text.__libc_init_array
                0x0000000008008fa8       0x48 C:/ST/STM32CubeIDE_1.13.1/STM32CubeIDE/plugins/com.st.stm32cube.ide.mcu.externaltools.gnu-tools-for-stm32.11.3.rel1.win32_1.1.0.202305231506/tools/bin/../lib/gcc/arm-none-eabi/11.3.1/../../../../arm-none-eabi/lib/thumb/v7e-m+fp/hard\libc_nano.a(libc_a-init.o)
                0x0000000008008fa8                __libc_init_array
 .text.memcpy   0x0000000008008ff0       0x1c C:/ST/STM32CubeIDE_1.13.1/STM32CubeIDE/plugins/com.st.stm32cube.ide.mcu.externaltools.gnu-tools-for-stm32.11.3.rel1.win32_1.1.0.202305231506/tools/bin/../lib/gcc/arm-none-eabi/11.3.1/../../../../arm-none-eabi/lib/thumb/v7e-m+fp/hard\libc_nano.a(libc_a-memcpy-stub.o)
                0x0000000008008ff0                memcpy
 *(.glue_7)
 .glue_7        0x000000000800900c        0x0 linker stubs
 *(.glue_7t)
 .glue_7t       0x000000000800900c        0x0 linker stubs
 *(.eh_frame)
 .eh_frame      0x000000000800900c        0x0 C:/ST/STM32CubeIDE_1.13.1/STM32CubeIDE/plugins/com.st.stm32cube.ide.mcu.externaltools.gnu-tools-for-stm32.11.3.rel1.win32_1.1.0.202305231506/tools/bin/../lib/gcc/arm-none-eabi/11.3.1/thumb/v7e-m+fp/hard/crtbegin.o
 *(.init)
 .init          0x000000000800900c        0x4 C:/ST/STM32CubeIDE_1.13.1/STM32CubeIDE/plugins/com.st.stm32cube.ide.mcu.externaltools.gnu-tools-for-stm32.11.3.rel1.win32_1.1.0.202305231506/tools/bin/../lib/gcc/arm-none-eabi/11.3.1/thumb/v7e-m+fp/hard/crti.o
                0x000000000800900c                _init
 .init          0x0000000008009010        0x8 C:/ST/STM32CubeIDE_1.13.1/STM32CubeIDE/plugins/com.st.stm32cube.ide.mcu.externaltools.gnu-tools-for-stm32.11.3.rel1.win32_1.1.0.202305231506/tools/bin/../lib/gcc/arm-none-eabi/11.3.1/thumb/v7e-m+fp/hard/crtn.o
 *(.fini)
 .fini          0x0000000008009018        0x4 C:/ST/STM32CubeIDE_1.13.1/STM32CubeIDE/plugins/com.st.stm32cube.ide.mcu.externaltools.gnu-tools-for-stm32.11.3.rel1.win32_1.1.0.202305231506/tools/bin/../lib/gcc/arm-none-eabi/11.3.1/thumb/v7e-m+fp/hard/crti.o
                0x0000000008009018                _fini
 .fini          0x000000000800901c        0x8 C:/ST/STM32CubeIDE_1.13.1/STM32CubeIDE/plugins/com.st.stm32cube.ide.mcu.externaltools.gnu-tools-for-stm32.11.3.rel1.win32_1.1.0.202305231506/tools/bin/../lib/gcc/arm-none-eabi/11.3.1/thumb/v7e-m+fp/hard/crtn.o
                0x0000000008009024                . = ALIGN (0x4)
                0x0000000008009024                _etext = .

.vfp11_veneer   0x0000000008009024        0x0
 .vfp11_veneer  0x0000000008009024        0x0 linker stubs

.v4_bx          0x0000000008009024        0x0
 .v4_bx         0x0000000008009024        0x0 linker stubs

.iplt           0x0000000008009024        0x0
 .iplt          0x0000000008009024        0x0 C:/ST/STM32CubeIDE_1.13.1/STM32CubeIDE/plugins/com.st.stm32cube.ide.mcu.externaltools.gnu-tools-for-stm32.11.3.rel1.win32_1.1.0.202305231506/tools/bin/../lib/gcc/arm-none-eabi/11.3.1/thumb/v7e-m+fp/hard/crtbegin.o

.rodata         0x0000000008009024       0x54
                0x0000000008009024                . = ALIGN (0x4)
 *(.rodata)
 .rodata        0x0000000008009024        0x9 ./Core/TMCL/TMCL_cmds.o
 *fill*         0x000000000800902d        0x3 
 .rodata        0x0000000008009030       0x2e ./USB_DEVICE/App/usbd_desc.o
 *(.rodata*)
 *fill*         0x000000000800905e        0x2 
 .rodata.AHBPrescTable
                0x0000000008009060       0x10 ./Core/Src/system_stm32f4xx.o
                0x0000000008009060                AHBPrescTable
 .rodata.flagBitshiftOffset.0
                0x0000000008009070        0x8 ./Drivers/STM32F4xx_HAL_Driver/Src/stm32f4xx_hal_dma.o
                0x0000000008009078                . = ALIGN (0x4)

.ARM.extab      0x0000000008009078        0x0
                0x0000000008009078                . = ALIGN (0x4)
 *(.ARM.extab* .gnu.linkonce.armextab.*)
                0x0000000008009078                . = ALIGN (0x4)

.ARM            0x0000000008009078        0x8
                0x0000000008009078                . = ALIGN (0x4)
                0x0000000008009078                __exidx_start = .
 *(.ARM.exidx*)
 .ARM.exidx     0x0000000008009078        0x8 C:/ST/STM32CubeIDE_1.13.1/STM32CubeIDE/plugins/com.st.stm32cube.ide.mcu.externaltools.gnu-tools-for-stm32.11.3.rel1.win32_1.1.0.202305231506/tools/bin/../lib/gcc/arm-none-eabi/11.3.1/thumb/v7e-m+fp/hard\libgcc.a(_udivmoddi4.o)
                0x0000000008009080                __exidx_end = .
                0x0000000008009080                . = ALIGN (0x4)

.rel.dyn        0x0000000008009080        0x0
 .rel.iplt      0x0000000008009080        0x0 C:/ST/STM32CubeIDE_1.13.1/STM32CubeIDE/plugins/com.st.stm32cube.ide.mcu.externaltools.gnu-tools-for-stm32.11.3.rel1.win32_1.1.0.202305231506/tools/bin/../lib/gcc/arm-none-eabi/11.3.1/thumb/v7e-m+fp/hard/crtbegin.o

.preinit_array  0x0000000008009080        0x0
                0x0000000008009080                . = ALIGN (0x4)
                0x0000000008009080                PROVIDE (__preinit_array_start = .)
 *(.preinit_array*)
                0x0000000008009080                PROVIDE (__preinit_array_end = .)
                0x0000000008009080                . = ALIGN (0x4)

.init_array     0x0000000008009080        0x4
                0x0000000008009080                . = ALIGN (0x4)
                0x0000000008009080                PROVIDE (__init_array_start = .)
 *(SORT_BY_NAME(.init_array.*))
 *(.init_array*)
 .init_array    0x0000000008009080        0x4 C:/ST/STM32CubeIDE_1.13.1/STM32CubeIDE/plugins/com.st.stm32cube.ide.mcu.externaltools.gnu-tools-for-stm32.11.3.rel1.win32_1.1.0.202305231506/tools/bin/../lib/gcc/arm-none-eabi/11.3.1/thumb/v7e-m+fp/hard/crtbegin.o
                0x0000000008009084                PROVIDE (__init_array_end = .)
                0x0000000008009084                . = ALIGN (0x4)

.fini_array     0x0000000008009084        0x4
                0x0000000008009084                . = ALIGN (0x4)
                [!provide]                        PROVIDE (__fini_array_start = .)
 *(SORT_BY_NAME(.fini_array.*))
 *(.fini_array*)
 .fini_array    0x0000000008009084        0x4 C:/ST/STM32CubeIDE_1.13.1/STM32CubeIDE/plugins/com.st.stm32cube.ide.mcu.externaltools.gnu-tools-for-stm32.11.3.rel1.win32_1.1.0.202305231506/tools/bin/../lib/gcc/arm-none-eabi/11.3.1/thumb/v7e-m+fp/hard/crtbegin.o
                [!provide]                        PROVIDE (__fini_array_end = .)
                0x0000000008009088                . = ALIGN (0x4)
                0x0000000008009088                _sidata = LOADADDR (.data)

.data           0x0000000020000000      0x100 load address 0x0000000008009088
                0x0000000020000000                . = ALIGN (0x4)
                0x0000000020000000                _sdata = .
 *(.data)
 *(.data*)
 .data.SystemCoreClock
                0x0000000020000000        0x4 ./Core/Src/system_stm32f4xx.o
                0x0000000020000000                SystemCoreClock
 .data.VersionString
                0x0000000020000004        0x4 ./Core/TMCL/TMCL_cmds.o
 .data.uwTickPrio
                0x0000000020000008        0x4 ./Drivers/STM32F4xx_HAL_Driver/Src/stm32f4xx_hal.o
                0x0000000020000008                uwTickPrio
 .data.uwTickFreq
                0x000000002000000c        0x1 ./Drivers/STM32F4xx_HAL_Driver/Src/stm32f4xx_hal.o
                0x000000002000000c                uwTickFreq
 *fill*         0x000000002000000d        0x3 
 .data.USBD_CDC_DeviceQualifierDesc
                0x0000000020000010        0xa ./Middlewares/ST/STM32_USB_Device_Library/Class/CDC/Src/usbd_cdc.o
 *fill*         0x000000002000001a        0x2 
 .data.USBD_CDC
                0x000000002000001c       0x38 ./Middlewares/ST/STM32_USB_Device_Library/Class/CDC/Src/usbd_cdc.o
                0x000000002000001c                USBD_CDC
 .data.USBD_CDC_CfgDesc
                0x0000000020000054       0x43 ./Middlewares/ST/STM32_USB_Device_Library/Class/CDC/Src/usbd_cdc.o
 .data.CDCInEpAdd
                0x0000000020000097        0x1 ./Middlewares/ST/STM32_USB_Device_Library/Class/CDC/Src/usbd_cdc.o
 .data.CDCOutEpAdd
                0x0000000020000098        0x1 ./Middlewares/ST/STM32_USB_Device_Library/Class/CDC/Src/usbd_cdc.o
 .data.CDCCmdEpAdd
                0x0000000020000099        0x1 ./Middlewares/ST/STM32_USB_Device_Library/Class/CDC/Src/usbd_cdc.o
 *fill*         0x000000002000009a        0x2 
 .data.USBD_Interface_fops_FS
                0x000000002000009c       0x14 ./USB_DEVICE/App/usbd_cdc_if.o
                0x000000002000009c                USBD_Interface_fops_FS
 .data.FS_Desc  0x00000000200000b0       0x1c ./USB_DEVICE/App/usbd_desc.o
                0x00000000200000b0                FS_Desc
 .data.USBD_FS_DeviceDesc
                0x00000000200000cc       0x12 ./USB_DEVICE/App/usbd_desc.o
                0x00000000200000cc                USBD_FS_DeviceDesc
 *fill*         0x00000000200000de        0x2 
 .data.USBD_LangIDDesc
                0x00000000200000e0        0x4 ./USB_DEVICE/App/usbd_desc.o
                0x00000000200000e0                USBD_LangIDDesc
 .data.USBD_StringSerial
                0x00000000200000e4       0x1a ./USB_DEVICE/App/usbd_desc.o
                0x00000000200000e4                USBD_StringSerial
 *(.RamFunc)
 *(.RamFunc*)
                0x0000000020000100                . = ALIGN (0x4)
 *fill*         0x00000000200000fe        0x2 
                0x0000000020000100                _edata = .

.igot.plt       0x0000000020000100        0x0 load address 0x0000000008009188
 .igot.plt      0x0000000020000100        0x0 C:/ST/STM32CubeIDE_1.13.1/STM32CubeIDE/plugins/com.st.stm32cube.ide.mcu.externaltools.gnu-tools-for-stm32.11.3.rel1.win32_1.1.0.202305231506/tools/bin/../lib/gcc/arm-none-eabi/11.3.1/thumb/v7e-m+fp/hard/crtbegin.o
                0x0000000020000100                . = ALIGN (0x4)

.bss            0x0000000020000100     0x1e38 load address 0x0000000008009188
                0x0000000020000100                _sbss = .
                0x0000000020000100                __bss_start__ = _sbss
 *(.bss)
 .bss           0x0000000020000100       0x1c C:/ST/STM32CubeIDE_1.13.1/STM32CubeIDE/plugins/com.st.stm32cube.ide.mcu.externaltools.gnu-tools-for-stm32.11.3.rel1.win32_1.1.0.202305231506/tools/bin/../lib/gcc/arm-none-eabi/11.3.1/thumb/v7e-m+fp/hard/crtbegin.o
 *(.bss*)
 .bss.tx_data   0x000000002000011c        0x5 ./Core/Src/main.o
                0x000000002000011c                tx_data
 *fill*         0x0000000020000121        0x3 
 .bss.hspi1     0x0000000020000124       0x58 ./Core/Src/spi.o
                0x0000000020000124                hspi1
 .bss.hdma_spi1_rx
                0x000000002000017c       0x60 ./Core/Src/spi.o
                0x000000002000017c                hdma_spi1_rx
 .bss.hdma_spi1_tx
                0x00000000200001dc       0x60 ./Core/Src/spi.o
                0x00000000200001dc                hdma_spi1_tx
 .bss.TMCL_handle
                0x000000002000023c       0x20 ./Core/TMCL/TMCL-Variables.o
                0x000000002000023c                TMCL_handle
 .bss.TMCLCommandState.0
                0x000000002000025c        0x1 ./Core/TMCL/TMCL.o
 *fill*         0x000000002000025d        0x3 
 .bss.rx_cmd_buf
                0x0000000020000260       0xbc ./Core/TMCL/TMCL_receiver.o
 .bss.tmc6100   0x000000002000031c        0xc ./Core/tmc/tmc4671_template.o
                0x000000002000031c                tmc6100
 .bss.uwTick    0x0000000020000328        0x4 ./Drivers/STM32F4xx_HAL_Driver/Src/stm32f4xx_hal.o
                0x0000000020000328                uwTick
 .bss.cfgidx.0  0x000000002000032c        0x1 ./Middlewares/ST/STM32_USB_Device_Library/Core/Src/usbd_ctlreq.o
 *fill*         0x000000002000032d        0x3 
 .bss.hUsbDeviceFS
                0x0000000020000330      0x2dc ./USB_DEVICE/App/usb_device.o
                0x0000000020000330                hUsbDeviceFS
 .bss.UserRxBufferFS
                0x000000002000060c      0x800 ./USB_DEVICE/App/usbd_cdc_if.o
                0x000000002000060c                UserRxBufferFS
 .bss.UserTxBufferFS
                0x0000000020000e0c      0x800 ./USB_DEVICE/App/usbd_cdc_if.o
                0x0000000020000e0c                UserTxBufferFS
 .bss.USBD_StrDesc
                0x000000002000160c      0x200 ./USB_DEVICE/App/usbd_desc.o
                0x000000002000160c                USBD_StrDesc
 .bss.hpcd_USB_OTG_FS
                0x000000002000180c      0x50c ./USB_DEVICE/Target/usbd_conf.o
                0x000000002000180c                hpcd_USB_OTG_FS
 .bss.mem.0     0x0000000020001d18      0x220 ./USB_DEVICE/Target/usbd_conf.o
 *(COMMON)
                0x0000000020001f38                . = ALIGN (0x4)
                0x0000000020001f38                _ebss = .
                0x0000000020001f38                __bss_end__ = _ebss

._user_heap_stack
                0x0000000020001f38      0x600 load address 0x0000000008009188
                0x0000000020001f38                . = ALIGN (0x8)
                [!provide]                        PROVIDE (end = .)
                0x0000000020001f38                PROVIDE (_end = .)
                0x0000000020002138                . = (. + _Min_Heap_Size)
 *fill*         0x0000000020001f38      0x200 
                0x0000000020002538                . = (. + _Min_Stack_Size)
 *fill*         0x0000000020002138      0x400 
                0x0000000020002538                . = ALIGN (0x8)

/DISCARD/
 libc.a(*)
 libm.a(*)
 libgcc.a(*)

.ARM.attributes
                0x0000000000000000       0x30
 *(.ARM.attributes)
 .ARM.attributes
                0x0000000000000000       0x1e C:/ST/STM32CubeIDE_1.13.1/STM32CubeIDE/plugins/com.st.stm32cube.ide.mcu.externaltools.gnu-tools-for-stm32.11.3.rel1.win32_1.1.0.202305231506/tools/bin/../lib/gcc/arm-none-eabi/11.3.1/thumb/v7e-m+fp/hard/crti.o
 .ARM.attributes
                0x000000000000001e       0x34 C:/ST/STM32CubeIDE_1.13.1/STM32CubeIDE/plugins/com.st.stm32cube.ide.mcu.externaltools.gnu-tools-for-stm32.11.3.rel1.win32_1.1.0.202305231506/tools/bin/../lib/gcc/arm-none-eabi/11.3.1/thumb/v7e-m+fp/hard/crtbegin.o
 .ARM.attributes
                0x0000000000000052       0x34 ./Core/Src/dma.o
 .ARM.attributes
                0x0000000000000086       0x34 ./Core/Src/gpio.o
 .ARM.attributes
                0x00000000000000ba       0x34 ./Core/Src/main.o
 .ARM.attributes
                0x00000000000000ee       0x34 ./Core/Src/spi.o
 .ARM.attributes
                0x0000000000000122       0x34 ./Core/Src/stm32f4xx_hal_msp.o
 .ARM.attributes
                0x0000000000000156       0x34 ./Core/Src/stm32f4xx_it.o
 .ARM.attributes
                0x000000000000018a       0x34 ./Core/Src/system_stm32f4xx.o
 .ARM.attributes
                0x00000000000001be       0x21 ./Core/Startup/startup_stm32f411ceux.o
 .ARM.attributes
                0x00000000000001df       0x34 ./Core/TMCL/TMCL-Variables.o
 .ARM.attributes
                0x0000000000000213       0x34 ./Core/TMCL/TMCL.o
 .ARM.attributes
                0x0000000000000247       0x34 ./Core/TMCL/TMCL_cmds.o
 .ARM.attributes
                0x000000000000027b       0x34 ./Core/TMCL/TMCL_receiver.o
 .ARM.attributes
                0x00000000000002af       0x34 ./Core/tmc/ic/TMC4671/TMC4671.o
 .ARM.attributes
                0x00000000000002e3       0x34 ./Core/tmc/ic/TMC6100/TMC6100.o
 .ARM.attributes
                0x0000000000000317       0x34 ./Core/tmc/tmc4671_template.o
 .ARM.attributes
                0x000000000000034b       0x34 ./Drivers/STM32F4xx_HAL_Driver/Src/stm32f4xx_hal.o
 .ARM.attributes
                0x000000000000037f       0x34 ./Drivers/STM32F4xx_HAL_Driver/Src/stm32f4xx_hal_cortex.o
 .ARM.attributes
                0x00000000000003b3       0x34 ./Drivers/STM32F4xx_HAL_Driver/Src/stm32f4xx_hal_dma.o
 .ARM.attributes
                0x00000000000003e7       0x34 ./Drivers/STM32F4xx_HAL_Driver/Src/stm32f4xx_hal_gpio.o
 .ARM.attributes
                0x000000000000041b       0x34 ./Drivers/STM32F4xx_HAL_Driver/Src/stm32f4xx_hal_pcd.o
 .ARM.attributes
                0x000000000000044f       0x34 ./Drivers/STM32F4xx_HAL_Driver/Src/stm32f4xx_hal_pcd_ex.o
 .ARM.attributes
                0x0000000000000483       0x34 ./Drivers/STM32F4xx_HAL_Driver/Src/stm32f4xx_hal_rcc.o
 .ARM.attributes
                0x00000000000004b7       0x34 ./Drivers/STM32F4xx_HAL_Driver/Src/stm32f4xx_hal_spi.o
 .ARM.attributes
                0x00000000000004eb       0x34 ./Drivers/STM32F4xx_HAL_Driver/Src/stm32f4xx_ll_usb.o
 .ARM.attributes
                0x000000000000051f       0x34 ./Middlewares/ST/STM32_USB_Device_Library/Class/CDC/Src/usbd_cdc.o
 .ARM.attributes
                0x0000000000000553       0x34 ./Middlewares/ST/STM32_USB_Device_Library/Core/Src/usbd_core.o
 .ARM.attributes
                0x0000000000000587       0x34 ./Middlewares/ST/STM32_USB_Device_Library/Core/Src/usbd_ctlreq.o
 .ARM.attributes
                0x00000000000005bb       0x34 ./Middlewares/ST/STM32_USB_Device_Library/Core/Src/usbd_ioreq.o
 .ARM.attributes
                0x00000000000005ef       0x34 ./USB_DEVICE/App/usb_device.o
 .ARM.attributes
                0x0000000000000623       0x34 ./USB_DEVICE/App/usbd_cdc_if.o
 .ARM.attributes
                0x0000000000000657       0x34 ./USB_DEVICE/App/usbd_desc.o
 .ARM.attributes
                0x000000000000068b       0x34 ./USB_DEVICE/Target/usbd_conf.o
 .ARM.attributes
                0x00000000000006bf       0x34 C:/ST/STM32CubeIDE_1.13.1/STM32CubeIDE/plugins/com.st.stm32cube.ide.mcu.externaltools.gnu-tools-for-stm32.11.3.rel1.win32_1.1.0.202305231506/tools/bin/../lib/gcc/arm-none-eabi/11.3.1/../../../../arm-none-eabi/lib/thumb/v7e-m+fp/hard\libc_nano.a(libc_a-memset.o)
 .ARM.attributes
                0x00000000000006f3       0x34 C:/ST/STM32CubeIDE_1.13.1/STM32CubeIDE/plugins/com.st.stm32cube.ide.mcu.externaltools.gnu-tools-for-stm32.11.3.rel1.win32_1.1.0.202305231506/tools/bin/../lib/gcc/arm-none-eabi/11.3.1/../../../../arm-none-eabi/lib/thumb/v7e-m+fp/hard\libc_nano.a(libc_a-init.o)
 .ARM.attributes
                0x0000000000000727       0x34 C:/ST/STM32CubeIDE_1.13.1/STM32CubeIDE/plugins/com.st.stm32cube.ide.mcu.externaltools.gnu-tools-for-stm32.11.3.rel1.win32_1.1.0.202305231506/tools/bin/../lib/gcc/arm-none-eabi/11.3.1/../../../../arm-none-eabi/lib/thumb/v7e-m+fp/hard\libc_nano.a(libc_a-memcpy-stub.o)
 .ARM.attributes
                0x000000000000075b       0x1e C:/ST/STM32CubeIDE_1.13.1/STM32CubeIDE/plugins/com.st.stm32cube.ide.mcu.externaltools.gnu-tools-for-stm32.11.3.rel1.win32_1.1.0.202305231506/tools/bin/../lib/gcc/arm-none-eabi/11.3.1/thumb/v7e-m+fp/hard\libgcc.a(_arm_addsubdf3.o)
 .ARM.attributes
                0x0000000000000779       0x1e C:/ST/STM32CubeIDE_1.13.1/STM32CubeIDE/plugins/com.st.stm32cube.ide.mcu.externaltools.gnu-tools-for-stm32.11.3.rel1.win32_1.1.0.202305231506/tools/bin/../lib/gcc/arm-none-eabi/11.3.1/thumb/v7e-m+fp/hard\libgcc.a(_arm_muldivdf3.o)
 .ARM.attributes
                0x0000000000000797       0x1e C:/ST/STM32CubeIDE_1.13.1/STM32CubeIDE/plugins/com.st.stm32cube.ide.mcu.externaltools.gnu-tools-for-stm32.11.3.rel1.win32_1.1.0.202305231506/tools/bin/../lib/gcc/arm-none-eabi/11.3.1/thumb/v7e-m+fp/hard\libgcc.a(_arm_fixdfsi.o)
 .ARM.attributes
                0x00000000000007b5       0x1e C:/ST/STM32CubeIDE_1.13.1/STM32CubeIDE/plugins/com.st.stm32cube.ide.mcu.externaltools.gnu-tools-for-stm32.11.3.rel1.win32_1.1.0.202305231506/tools/bin/../lib/gcc/arm-none-eabi/11.3.1/thumb/v7e-m+fp/hard\libgcc.a(_aeabi_uldivmod.o)
 .ARM.attributes
                0x00000000000007d3       0x34 C:/ST/STM32CubeIDE_1.13.1/STM32CubeIDE/plugins/com.st.stm32cube.ide.mcu.externaltools.gnu-tools-for-stm32.11.3.rel1.win32_1.1.0.202305231506/tools/bin/../lib/gcc/arm-none-eabi/11.3.1/thumb/v7e-m+fp/hard\libgcc.a(_udivmoddi4.o)
 .ARM.attributes
                0x0000000000000807       0x1e C:/ST/STM32CubeIDE_1.13.1/STM32CubeIDE/plugins/com.st.stm32cube.ide.mcu.externaltools.gnu-tools-for-stm32.11.3.rel1.win32_1.1.0.202305231506/tools/bin/../lib/gcc/arm-none-eabi/11.3.1/thumb/v7e-m+fp/hard\libgcc.a(_dvmd_tls.o)
 .ARM.attributes
                0x0000000000000825       0x1e C:/ST/STM32CubeIDE_1.13.1/STM32CubeIDE/plugins/com.st.stm32cube.ide.mcu.externaltools.gnu-tools-for-stm32.11.3.rel1.win32_1.1.0.202305231506/tools/bin/../lib/gcc/arm-none-eabi/11.3.1/thumb/v7e-m+fp/hard/crtn.o
OUTPUT(blackpill_test.elf elf32-littlearm)
LOAD linker stubs
LOAD C:/ST/STM32CubeIDE_1.13.1/STM32CubeIDE/plugins/com.st.stm32cube.ide.mcu.externaltools.gnu-tools-for-stm32.11.3.rel1.win32_1.1.0.202305231506/tools/bin/../lib/gcc/arm-none-eabi/11.3.1/../../../../arm-none-eabi/lib/thumb/v7e-m+fp/hard\libc.a
LOAD C:/ST/STM32CubeIDE_1.13.1/STM32CubeIDE/plugins/com.st.stm32cube.ide.mcu.externaltools.gnu-tools-for-stm32.11.3.rel1.win32_1.1.0.202305231506/tools/bin/../lib/gcc/arm-none-eabi/11.3.1/../../../../arm-none-eabi/lib/thumb/v7e-m+fp/hard\libm.a
LOAD C:/ST/STM32CubeIDE_1.13.1/STM32CubeIDE/plugins/com.st.stm32cube.ide.mcu.externaltools.gnu-tools-for-stm32.11.3.rel1.win32_1.1.0.202305231506/tools/bin/../lib/gcc/arm-none-eabi/11.3.1/thumb/v7e-m+fp/hard\libgcc.a

.comment        0x0000000000000000       0x43
 .comment       0x0000000000000000       0x43 C:/ST/STM32CubeIDE_1.13.1/STM32CubeIDE/plugins/com.st.stm32cube.ide.mcu.externaltools.gnu-tools-for-stm32.11.3.rel1.win32_1.1.0.202305231506/tools/bin/../lib/gcc/arm-none-eabi/11.3.1/thumb/v7e-m+fp/hard/crtbegin.o
                                         0x44 (size before relaxing)
 .comment       0x0000000000000043       0x44 ./Core/Src/dma.o
 .comment       0x0000000000000043       0x44 ./Core/Src/gpio.o
 .comment       0x0000000000000043       0x44 ./Core/Src/main.o
 .comment       0x0000000000000043       0x44 ./Core/Src/spi.o
 .comment       0x0000000000000043       0x44 ./Core/Src/stm32f4xx_hal_msp.o
 .comment       0x0000000000000043       0x44 ./Core/Src/stm32f4xx_it.o
 .comment       0x0000000000000043       0x44 ./Core/Src/system_stm32f4xx.o
 .comment       0x0000000000000043       0x44 ./Core/TMCL/TMCL-Variables.o
 .comment       0x0000000000000043       0x44 ./Core/TMCL/TMCL.o
 .comment       0x0000000000000043       0x44 ./Core/TMCL/TMCL_cmds.o
 .comment       0x0000000000000043       0x44 ./Core/TMCL/TMCL_receiver.o
 .comment       0x0000000000000043       0x44 ./Core/tmc/ic/TMC4671/TMC4671.o
 .comment       0x0000000000000043       0x44 ./Core/tmc/ic/TMC6100/TMC6100.o
 .comment       0x0000000000000043       0x44 ./Core/tmc/tmc4671_template.o
 .comment       0x0000000000000043       0x44 ./Drivers/STM32F4xx_HAL_Driver/Src/stm32f4xx_hal.o
 .comment       0x0000000000000043       0x44 ./Drivers/STM32F4xx_HAL_Driver/Src/stm32f4xx_hal_cortex.o
 .comment       0x0000000000000043       0x44 ./Drivers/STM32F4xx_HAL_Driver/Src/stm32f4xx_hal_dma.o
 .comment       0x0000000000000043       0x44 ./Drivers/STM32F4xx_HAL_Driver/Src/stm32f4xx_hal_gpio.o
 .comment       0x0000000000000043       0x44 ./Drivers/STM32F4xx_HAL_Driver/Src/stm32f4xx_hal_pcd.o
 .comment       0x0000000000000043       0x44 ./Drivers/STM32F4xx_HAL_Driver/Src/stm32f4xx_hal_pcd_ex.o
 .comment       0x0000000000000043       0x44 ./Drivers/STM32F4xx_HAL_Driver/Src/stm32f4xx_hal_rcc.o
 .comment       0x0000000000000043       0x44 ./Drivers/STM32F4xx_HAL_Driver/Src/stm32f4xx_hal_spi.o
 .comment       0x0000000000000043       0x44 ./Drivers/STM32F4xx_HAL_Driver/Src/stm32f4xx_ll_usb.o
 .comment       0x0000000000000043       0x44 ./Middlewares/ST/STM32_USB_Device_Library/Class/CDC/Src/usbd_cdc.o
 .comment       0x0000000000000043       0x44 ./Middlewares/ST/STM32_USB_Device_Library/Core/Src/usbd_core.o
 .comment       0x0000000000000043       0x44 ./Middlewares/ST/STM32_USB_Device_Library/Core/Src/usbd_ctlreq.o
 .comment       0x0000000000000043       0x44 ./Middlewares/ST/STM32_USB_Device_Library/Core/Src/usbd_ioreq.o
 .comment       0x0000000000000043       0x44 ./USB_DEVICE/App/usb_device.o
 .comment       0x0000000000000043       0x44 ./USB_DEVICE/App/usbd_cdc_if.o
 .comment       0x0000000000000043       0x44 ./USB_DEVICE/App/usbd_desc.o
 .comment       0x0000000000000043       0x44 ./USB_DEVICE/Target/usbd_conf.o

.debug_info     0x0000000000000000    0x1404f
 .debug_info    0x0000000000000000      0x445 ./Core/Src/dma.o
 .debug_info    0x0000000000000445      0x3fb ./Core/Src/gpio.o
 .debug_info    0x0000000000000840      0xc18 ./Core/Src/main.o
 .debug_info    0x0000000000001458      0xba1 ./Core/Src/spi.o
 .debug_info    0x0000000000001ff9      0x291 ./Core/Src/stm32f4xx_hal_msp.o
 .debug_info    0x000000000000228a      0xb40 ./Core/Src/stm32f4xx_it.o
 .debug_info    0x0000000000002dca      0x53e ./Core/Src/system_stm32f4xx.o
 .debug_info    0x0000000000003308       0x23 ./Core/Startup/startup_stm32f411ceux.o
 .debug_info    0x000000000000332b      0x209 ./Core/TMCL/TMCL-Variables.o
 .debug_info    0x0000000000003534      0x381 ./Core/TMCL/TMCL.o
 .debug_info    0x00000000000038b5      0x2d4 ./Core/TMCL/TMCL_cmds.o
 .debug_info    0x0000000000003b89      0x242 ./Core/TMCL/TMCL_receiver.o
 .debug_info    0x0000000000003dcb     0x15c6 ./Core/tmc/ic/TMC4671/TMC4671.o
 .debug_info    0x0000000000005391      0x832 ./Core/tmc/ic/TMC6100/TMC6100.o
 .debug_info    0x0000000000005bc3      0x809 ./Core/tmc/tmc4671_template.o
 .debug_info    0x00000000000063cc      0x8c4 ./Drivers/STM32F4xx_HAL_Driver/Src/stm32f4xx_hal.o
 .debug_info    0x0000000000006c90      0xcb6 ./Drivers/STM32F4xx_HAL_Driver/Src/stm32f4xx_hal_cortex.o
 .debug_info    0x0000000000007946      0x8e6 ./Drivers/STM32F4xx_HAL_Driver/Src/stm32f4xx_hal_dma.o
 .debug_info    0x000000000000822c      0x6f9 ./Drivers/STM32F4xx_HAL_Driver/Src/stm32f4xx_hal_gpio.o
 .debug_info    0x0000000000008925     0x1549 ./Drivers/STM32F4xx_HAL_Driver/Src/stm32f4xx_hal_pcd.o
 .debug_info    0x0000000000009e6e      0x6d2 ./Drivers/STM32F4xx_HAL_Driver/Src/stm32f4xx_hal_pcd_ex.o
 .debug_info    0x000000000000a540      0x8f2 ./Drivers/STM32F4xx_HAL_Driver/Src/stm32f4xx_hal_rcc.o
 .debug_info    0x000000000000ae32     0x1606 ./Drivers/STM32F4xx_HAL_Driver/Src/stm32f4xx_hal_spi.o
 .debug_info    0x000000000000c438     0x18f6 ./Drivers/STM32F4xx_HAL_Driver/Src/stm32f4xx_ll_usb.o
 .debug_info    0x000000000000dd2e     0x128b ./Middlewares/ST/STM32_USB_Device_Library/Class/CDC/Src/usbd_cdc.o
 .debug_info    0x000000000000efb9      0xe05 ./Middlewares/ST/STM32_USB_Device_Library/Core/Src/usbd_core.o
 .debug_info    0x000000000000fdbe      0xade ./Middlewares/ST/STM32_USB_Device_Library/Core/Src/usbd_ctlreq.o
 .debug_info    0x000000000001089c      0x755 ./Middlewares/ST/STM32_USB_Device_Library/Core/Src/usbd_ioreq.o
 .debug_info    0x0000000000010ff1      0x701 ./USB_DEVICE/App/usb_device.o
 .debug_info    0x00000000000116f2      0x922 ./USB_DEVICE/App/usbd_cdc_if.o
 .debug_info    0x0000000000012014      0x458 ./USB_DEVICE/App/usbd_desc.o
 .debug_info    0x000000000001246c     0x1be3 ./USB_DEVICE/Target/usbd_conf.o

.debug_abbrev   0x0000000000000000     0x3e91
 .debug_abbrev  0x0000000000000000      0x10e ./Core/Src/dma.o
 .debug_abbrev  0x000000000000010e      0x151 ./Core/Src/gpio.o
 .debug_abbrev  0x000000000000025f      0x2a7 ./Core/Src/main.o
 .debug_abbrev  0x0000000000000506      0x226 ./Core/Src/spi.o
 .debug_abbrev  0x000000000000072c       0xd8 ./Core/Src/stm32f4xx_hal_msp.o
 .debug_abbrev  0x0000000000000804      0x1e6 ./Core/Src/stm32f4xx_it.o
 .debug_abbrev  0x00000000000009ea      0x11a ./Core/Src/system_stm32f4xx.o
 .debug_abbrev  0x0000000000000b04       0x12 ./Core/Startup/startup_stm32f411ceux.o
 .debug_abbrev  0x0000000000000b16       0xaf ./Core/TMCL/TMCL-Variables.o
 .debug_abbrev  0x0000000000000bc5      0x15f ./Core/TMCL/TMCL.o
 .debug_abbrev  0x0000000000000d24      0x151 ./Core/TMCL/TMCL_cmds.o
 .debug_abbrev  0x0000000000000e75      0x133 ./Core/TMCL/TMCL_receiver.o
 .debug_abbrev  0x0000000000000fa8      0x2bc ./Core/tmc/ic/TMC4671/TMC4671.o
 .debug_abbrev  0x0000000000001264      0x1d6 ./Core/tmc/ic/TMC6100/TMC6100.o
 .debug_abbrev  0x000000000000143a      0x1bb ./Core/tmc/tmc4671_template.o
 .debug_abbrev  0x00000000000015f5      0x24b ./Drivers/STM32F4xx_HAL_Driver/Src/stm32f4xx_hal.o
 .debug_abbrev  0x0000000000001840      0x327 ./Drivers/STM32F4xx_HAL_Driver/Src/stm32f4xx_hal_cortex.o
 .debug_abbrev  0x0000000000001b67      0x221 ./Drivers/STM32F4xx_HAL_Driver/Src/stm32f4xx_hal_dma.o
 .debug_abbrev  0x0000000000001d88      0x1d3 ./Drivers/STM32F4xx_HAL_Driver/Src/stm32f4xx_hal_gpio.o
 .debug_abbrev  0x0000000000001f5b      0x2cd ./Drivers/STM32F4xx_HAL_Driver/Src/stm32f4xx_hal_pcd.o
 .debug_abbrev  0x0000000000002228      0x1da ./Drivers/STM32F4xx_HAL_Driver/Src/stm32f4xx_hal_pcd_ex.o
 .debug_abbrev  0x0000000000002402      0x2b5 ./Drivers/STM32F4xx_HAL_Driver/Src/stm32f4xx_hal_rcc.o
 .debug_abbrev  0x00000000000026b7      0x280 ./Drivers/STM32F4xx_HAL_Driver/Src/stm32f4xx_hal_spi.o
 .debug_abbrev  0x0000000000002937      0x2ac ./Drivers/STM32F4xx_HAL_Driver/Src/stm32f4xx_ll_usb.o
 .debug_abbrev  0x0000000000002be3      0x2d2 ./Middlewares/ST/STM32_USB_Device_Library/Class/CDC/Src/usbd_cdc.o
 .debug_abbrev  0x0000000000002eb5      0x27c ./Middlewares/ST/STM32_USB_Device_Library/Core/Src/usbd_core.o
 .debug_abbrev  0x0000000000003131      0x26f ./Middlewares/ST/STM32_USB_Device_Library/Core/Src/usbd_ctlreq.o
 .debug_abbrev  0x00000000000033a0      0x19a ./Middlewares/ST/STM32_USB_Device_Library/Core/Src/usbd_ioreq.o
 .debug_abbrev  0x000000000000353a      0x195 ./USB_DEVICE/App/usb_device.o
 .debug_abbrev  0x00000000000036cf      0x2a2 ./USB_DEVICE/App/usbd_cdc_if.o
 .debug_abbrev  0x0000000000003971      0x1e1 ./USB_DEVICE/App/usbd_desc.o
 .debug_abbrev  0x0000000000003b52      0x33f ./USB_DEVICE/Target/usbd_conf.o

.debug_aranges  0x0000000000000000     0x1100
 .debug_aranges
                0x0000000000000000       0x20 ./Core/Src/dma.o
 .debug_aranges
                0x0000000000000020       0x20 ./Core/Src/gpio.o
 .debug_aranges
                0x0000000000000040       0x48 ./Core/Src/main.o
 .debug_aranges
                0x0000000000000088       0x30 ./Core/Src/spi.o
 .debug_aranges
                0x00000000000000b8       0x20 ./Core/Src/stm32f4xx_hal_msp.o
 .debug_aranges
                0x00000000000000d8       0x80 ./Core/Src/stm32f4xx_it.o
 .debug_aranges
                0x0000000000000158       0x28 ./Core/Src/system_stm32f4xx.o
 .debug_aranges
                0x0000000000000180       0x28 ./Core/Startup/startup_stm32f411ceux.o
 .debug_aranges
                0x00000000000001a8       0x18 ./Core/TMCL/TMCL-Variables.o
 .debug_aranges
                0x00000000000001c0       0x28 ./Core/TMCL/TMCL.o
 .debug_aranges
                0x00000000000001e8       0x30 ./Core/TMCL/TMCL_cmds.o
 .debug_aranges
                0x0000000000000218       0x30 ./Core/TMCL/TMCL_receiver.o
 .debug_aranges
                0x0000000000000248      0x1c8 ./Core/tmc/ic/TMC4671/TMC4671.o
 .debug_aranges
                0x0000000000000410       0x30 ./Core/tmc/ic/TMC6100/TMC6100.o
 .debug_aranges
                0x0000000000000440       0x38 ./Core/tmc/tmc4671_template.o
 .debug_aranges
                0x0000000000000478       0xf0 ./Drivers/STM32F4xx_HAL_Driver/Src/stm32f4xx_hal.o
 .debug_aranges
                0x0000000000000568      0x118 ./Drivers/STM32F4xx_HAL_Driver/Src/stm32f4xx_hal_cortex.o
 .debug_aranges
                0x0000000000000680       0x90 ./Drivers/STM32F4xx_HAL_Driver/Src/stm32f4xx_hal_dma.o
 .debug_aranges
                0x0000000000000710       0x58 ./Drivers/STM32F4xx_HAL_Driver/Src/stm32f4xx_hal_gpio.o
 .debug_aranges
                0x0000000000000768      0x148 ./Drivers/STM32F4xx_HAL_Driver/Src/stm32f4xx_hal_pcd.o
 .debug_aranges
                0x00000000000008b0       0x38 ./Drivers/STM32F4xx_HAL_Driver/Src/stm32f4xx_hal_pcd_ex.o
 .debug_aranges
                0x00000000000008e8       0x88 ./Drivers/STM32F4xx_HAL_Driver/Src/stm32f4xx_hal_rcc.o
 .debug_aranges
                0x0000000000000970      0x1d0 ./Drivers/STM32F4xx_HAL_Driver/Src/stm32f4xx_hal_spi.o
 .debug_aranges
                0x0000000000000b40      0x1a0 ./Drivers/STM32F4xx_HAL_Driver/Src/stm32f4xx_ll_usb.o
 .debug_aranges
                0x0000000000000ce0       0x90 ./Middlewares/ST/STM32_USB_Device_Library/Class/CDC/Src/usbd_cdc.o
 .debug_aranges
                0x0000000000000d70       0xd8 ./Middlewares/ST/STM32_USB_Device_Library/Core/Src/usbd_core.o
 .debug_aranges
                0x0000000000000e48       0x90 ./Middlewares/ST/STM32_USB_Device_Library/Core/Src/usbd_ctlreq.o
 .debug_aranges
                0x0000000000000ed8       0x50 ./Middlewares/ST/STM32_USB_Device_Library/Core/Src/usbd_ioreq.o
 .debug_aranges
                0x0000000000000f28       0x20 ./USB_DEVICE/App/usb_device.o
 .debug_aranges
                0x0000000000000f48       0x48 ./USB_DEVICE/App/usbd_cdc_if.o
 .debug_aranges
                0x0000000000000f90       0x60 ./USB_DEVICE/App/usbd_desc.o
 .debug_aranges
                0x0000000000000ff0      0x110 ./USB_DEVICE/Target/usbd_conf.o

.debug_rnglists
                0x0000000000000000      0xc7e
 .debug_rnglists
                0x0000000000000000       0x13 ./Core/Src/dma.o
 .debug_rnglists
                0x0000000000000013       0x14 ./Core/Src/gpio.o
 .debug_rnglists
                0x0000000000000027       0x33 ./Core/Src/main.o
 .debug_rnglists
                0x000000000000005a       0x20 ./Core/Src/spi.o
 .debug_rnglists
                0x000000000000007a       0x13 ./Core/Src/stm32f4xx_hal_msp.o
 .debug_rnglists
                0x000000000000008d       0x5b ./Core/Src/stm32f4xx_it.o
 .debug_rnglists
                0x00000000000000e8       0x1a ./Core/Src/system_stm32f4xx.o
 .debug_rnglists
                0x0000000000000102       0x19 ./Core/Startup/startup_stm32f411ceux.o
 .debug_rnglists
                0x000000000000011b       0x1b ./Core/TMCL/TMCL.o
 .debug_rnglists
                0x0000000000000136       0x21 ./Core/TMCL/TMCL_cmds.o
 .debug_rnglists
                0x0000000000000157       0x20 ./Core/TMCL/TMCL_receiver.o
 .debug_rnglists
                0x0000000000000177      0x153 ./Core/tmc/ic/TMC4671/TMC4671.o
 .debug_rnglists
                0x00000000000002ca       0x1f ./Core/tmc/ic/TMC6100/TMC6100.o
 .debug_rnglists
                0x00000000000002e9       0x27 ./Core/tmc/tmc4671_template.o
 .debug_rnglists
                0x0000000000000310       0xaf ./Drivers/STM32F4xx_HAL_Driver/Src/stm32f4xx_hal.o
 .debug_rnglists
                0x00000000000003bf       0xce ./Drivers/STM32F4xx_HAL_Driver/Src/stm32f4xx_hal_cortex.o
 .debug_rnglists
                0x000000000000048d       0x70 ./Drivers/STM32F4xx_HAL_Driver/Src/stm32f4xx_hal_dma.o
 .debug_rnglists
                0x00000000000004fd       0x3f ./Drivers/STM32F4xx_HAL_Driver/Src/stm32f4xx_hal_gpio.o
 .debug_rnglists
                0x000000000000053c       0xfc ./Drivers/STM32F4xx_HAL_Driver/Src/stm32f4xx_hal_pcd.o
 .debug_rnglists
                0x0000000000000638       0x26 ./Drivers/STM32F4xx_HAL_Driver/Src/stm32f4xx_hal_pcd_ex.o
 .debug_rnglists
                0x000000000000065e       0x66 ./Drivers/STM32F4xx_HAL_Driver/Src/stm32f4xx_hal_rcc.o
 .debug_rnglists
                0x00000000000006c4      0x16f ./Drivers/STM32F4xx_HAL_Driver/Src/stm32f4xx_hal_spi.o
 .debug_rnglists
                0x0000000000000833      0x148 ./Drivers/STM32F4xx_HAL_Driver/Src/stm32f4xx_ll_usb.o
 .debug_rnglists
                0x000000000000097b       0x6c ./Middlewares/ST/STM32_USB_Device_Library/Class/CDC/Src/usbd_cdc.o
 .debug_rnglists
                0x00000000000009e7       0xa1 ./Middlewares/ST/STM32_USB_Device_Library/Core/Src/usbd_core.o
 .debug_rnglists
                0x0000000000000a88       0x6e ./Middlewares/ST/STM32_USB_Device_Library/Core/Src/usbd_ctlreq.o
 .debug_rnglists
                0x0000000000000af6       0x37 ./Middlewares/ST/STM32_USB_Device_Library/Core/Src/usbd_ioreq.o
 .debug_rnglists
                0x0000000000000b2d       0x13 ./USB_DEVICE/App/usb_device.o
 .debug_rnglists
                0x0000000000000b40       0x32 ./USB_DEVICE/App/usbd_cdc_if.o
 .debug_rnglists
                0x0000000000000b72       0x43 ./USB_DEVICE/App/usbd_desc.o
 .debug_rnglists
                0x0000000000000bb5       0xc9 ./USB_DEVICE/Target/usbd_conf.o

.debug_macro    0x0000000000000000    0x1ba13
 .debug_macro   0x0000000000000000      0x1f7 ./Core/Src/dma.o
 .debug_macro   0x00000000000001f7      0xaa8 ./Core/Src/dma.o
 .debug_macro   0x0000000000000c9f      0x29b ./Core/Src/dma.o
 .debug_macro   0x0000000000000f3a       0x2e ./Core/Src/dma.o
 .debug_macro   0x0000000000000f68       0x28 ./Core/Src/dma.o
 .debug_macro   0x0000000000000f90       0x22 ./Core/Src/dma.o
 .debug_macro   0x0000000000000fb2       0x8e ./Core/Src/dma.o
 .debug_macro   0x0000000000001040       0x51 ./Core/Src/dma.o
 .debug_macro   0x0000000000001091      0x103 ./Core/Src/dma.o
 .debug_macro   0x0000000000001194       0x6a ./Core/Src/dma.o
 .debug_macro   0x00000000000011fe      0x1df ./Core/Src/dma.o
 .debug_macro   0x00000000000013dd       0x1c ./Core/Src/dma.o
 .debug_macro   0x00000000000013f9       0x22 ./Core/Src/dma.o
 .debug_macro   0x000000000000141b       0xd9 ./Core/Src/dma.o
 .debug_macro   0x00000000000014f4     0x102d ./Core/Src/dma.o
 .debug_macro   0x0000000000002521      0x11f ./Core/Src/dma.o
 .debug_macro   0x0000000000002640     0xb953 ./Core/Src/dma.o
 .debug_macro   0x000000000000df93       0x6d ./Core/Src/dma.o
 .debug_macro   0x000000000000e000     0x367e ./Core/Src/dma.o
 .debug_macro   0x000000000001167e      0x174 ./Core/Src/dma.o
 .debug_macro   0x00000000000117f2       0x5c ./Core/Src/dma.o
 .debug_macro   0x000000000001184e      0x447 ./Core/Src/dma.o
 .debug_macro   0x0000000000011c95      0x9fe ./Core/Src/dma.o
 .debug_macro   0x0000000000012693      0x115 ./Core/Src/dma.o
 .debug_macro   0x00000000000127a8      0x11b ./Core/Src/dma.o
 .debug_macro   0x00000000000128c3       0xa5 ./Core/Src/dma.o
 .debug_macro   0x0000000000012968      0x15f ./Core/Src/dma.o
 .debug_macro   0x0000000000012ac7      0x287 ./Core/Src/dma.o
 .debug_macro   0x0000000000012d4e       0x5f ./Core/Src/dma.o
 .debug_macro   0x0000000000012dad      0x236 ./Core/Src/dma.o
 .debug_macro   0x0000000000012fe3      0x132 ./Core/Src/dma.o
 .debug_macro   0x0000000000013115      0x264 ./Core/Src/dma.o
 .debug_macro   0x0000000000013379       0x2e ./Core/Src/dma.o
 .debug_macro   0x00000000000133a7      0x11a ./Core/Src/dma.o
 .debug_macro   0x00000000000134c1       0x85 ./Core/Src/dma.o
 .debug_macro   0x0000000000013546       0x89 ./Core/Src/dma.o
 .debug_macro   0x00000000000135cf      0x225 ./Core/Src/dma.o
 .debug_macro   0x00000000000137f4      0x248 ./Core/Src/dma.o
 .debug_macro   0x0000000000013a3c       0xba ./Core/Src/dma.o
 .debug_macro   0x0000000000013af6      0x126 ./Core/Src/dma.o
 .debug_macro   0x0000000000013c1c       0x28 ./Core/Src/dma.o
 .debug_macro   0x0000000000013c44      0x1f7 ./Core/Src/gpio.o
 .debug_macro   0x0000000000013e3b      0x46c ./Core/Src/main.o
 .debug_macro   0x00000000000142a7       0x61 ./Core/Src/main.o
 .debug_macro   0x0000000000014308       0x2a ./Core/Src/main.o
 .debug_macro   0x0000000000014332       0x43 ./Core/Src/main.o
 .debug_macro   0x0000000000014375       0x34 ./Core/Src/main.o
 .debug_macro   0x00000000000143a9       0x16 ./Core/Src/main.o
 .debug_macro   0x00000000000143bf       0x35 ./Core/Src/main.o
 .debug_macro   0x00000000000143f4      0x369 ./Core/Src/main.o
 .debug_macro   0x000000000001475d       0x10 ./Core/Src/main.o
 .debug_macro   0x000000000001476d       0x16 ./Core/Src/main.o