Archive member included to satisfy reference by file (symbol)

C:/ST/STM32CubeIDE_1.13.1/STM32CubeIDE/plugins/com.st.stm32cube.ide.mcu.externaltools.gnu-tools-for-stm32.11.3.rel1.win32_1.1.0.202305231506/tools/bin/../lib/gcc/arm-none-eabi/11.3.1/../../../../arm-none-eabi/lib/thumb/v7e-m+fp/hard\libc_nano.a(libc_a-exit.o)
                              C:/ST/STM32CubeIDE_1.13.1/STM32CubeIDE/plugins/com.st.stm32cube.ide.mcu.externaltools.gnu-tools-for-stm32.11.3.rel1.win32_1.1.0.202305231506/tools/bin/../lib/gcc/arm-none-eabi/11.3.1/../../../../arm-none-eabi/lib/thumb/v7e-m+fp/hard/crt0.o (exit)
C:/ST/STM32CubeIDE_1.13.1/STM32CubeIDE/plugins/com.st.stm32cube.ide.mcu.externaltools.gnu-tools-for-stm32.11.3.rel1.win32_1.1.0.202305231506/tools/bin/../lib/gcc/arm-none-eabi/11.3.1/../../../../arm-none-eabi/lib/thumb/v7e-m+fp/hard\libc_nano.a(libc_a-findfp.o)
                              C:/ST/STM32CubeIDE_1.13.1/STM32CubeIDE/plugins/com.st.stm32cube.ide.mcu.externaltools.gnu-tools-for-stm32.11.3.rel1.win32_1.1.0.202305231506/tools/bin/../lib/gcc/arm-none-eabi/11.3.1/../../../../arm-none-eabi/lib/thumb/v7e-m+fp/hard\libc_nano.a(libc_a-exit.o) (__stdio_exit_handler)
C:/ST/STM32CubeIDE_1.13.1/STM32CubeIDE/plugins/com.st.stm32cube.ide.mcu.externaltools.gnu-tools-for-stm32.11.3.rel1.win32_1.1.0.202305231506/tools/bin/../lib/gcc/arm-none-eabi/11.3.1/../../../../arm-none-eabi/lib/thumb/v7e-m+fp/hard\libc_nano.a(libc_a-fwalk.o)
                              C:/ST/STM32CubeIDE_1.13.1/STM32CubeIDE/plugins/com.st.stm32cube.ide.mcu.externaltools.gnu-tools-for-stm32.11.3.rel1.win32_1.1.0.202305231506/tools/bin/../lib/gcc/arm-none-eabi/11.3.1/../../../../arm-none-eabi/lib/thumb/v7e-m+fp/hard\libc_nano.a(libc_a-findfp.o) (_fwalk_sglue)
C:/ST/STM32CubeIDE_1.13.1/STM32CubeIDE/plugins/com.st.stm32cube.ide.mcu.externaltools.gnu-tools-for-stm32.11.3.rel1.win32_1.1.0.202305231506/tools/bin/../lib/gcc/arm-none-eabi/11.3.1/../../../../arm-none-eabi/lib/thumb/v7e-m+fp/hard\libc_nano.a(libc_a-stdio.o)
                              C:/ST/STM32CubeIDE_1.13.1/STM32CubeIDE/plugins/com.st.stm32cube.ide.mcu.externaltools.gnu-tools-for-stm32.11.3.rel1.win32_1.1.0.202305231506/tools/bin/../lib/gcc/arm-none-eabi/11.3.1/../../../../arm-none-eabi/lib/thumb/v7e-m+fp/hard\libc_nano.a(libc_a-findfp.o) (__sread)
C:/ST/STM32CubeIDE_1.13.1/STM32CubeIDE/plugins/com.st.stm32cube.ide.mcu.externaltools.gnu-tools-for-stm32.11.3.rel1.win32_1.1.0.202305231506/tools/bin/../lib/gcc/arm-none-eabi/11.3.1/../../../../arm-none-eabi/lib/thumb/v7e-m+fp/hard\libc_nano.a(libc_a-memset.o)
                              C:/ST/STM32CubeIDE_1.13.1/STM32CubeIDE/plugins/com.st.stm32cube.ide.mcu.externaltools.gnu-tools-for-stm32.11.3.rel1.win32_1.1.0.202305231506/tools/bin/../lib/gcc/arm-none-eabi/11.3.1/../../../../arm-none-eabi/lib/thumb/v7e-m+fp/hard/crt0.o (memset)
C:/ST/STM32CubeIDE_1.13.1/STM32CubeIDE/plugins/com.st.stm32cube.ide.mcu.externaltools.gnu-tools-for-stm32.11.3.rel1.win32_1.1.0.202305231506/tools/bin/../lib/gcc/arm-none-eabi/11.3.1/../../../../arm-none-eabi/lib/thumb/v7e-m+fp/hard\libc_nano.a(libc_a-closer.o)
                              C:/ST/STM32CubeIDE_1.13.1/STM32CubeIDE/plugins/com.st.stm32cube.ide.mcu.externaltools.gnu-tools-for-stm32.11.3.rel1.win32_1.1.0.202305231506/tools/bin/../lib/gcc/arm-none-eabi/11.3.1/../../../../arm-none-eabi/lib/thumb/v7e-m+fp/hard\libc_nano.a(libc_a-stdio.o) (_close_r)
C:/ST/STM32CubeIDE_1.13.1/STM32CubeIDE/plugins/com.st.stm32cube.ide.mcu.externaltools.gnu-tools-for-stm32.11.3.rel1.win32_1.1.0.202305231506/tools/bin/../lib/gcc/arm-none-eabi/11.3.1/../../../../arm-none-eabi/lib/thumb/v7e-m+fp/hard\libc_nano.a(libc_a-reent.o)
                              C:/ST/STM32CubeIDE_1.13.1/STM32CubeIDE/plugins/com.st.stm32cube.ide.mcu.externaltools.gnu-tools-for-stm32.11.3.rel1.win32_1.1.0.202305231506/tools/bin/../lib/gcc/arm-none-eabi/11.3.1/../../../../arm-none-eabi/lib/thumb/v7e-m+fp/hard\libc_nano.a(libc_a-closer.o) (errno)
C:/ST/STM32CubeIDE_1.13.1/STM32CubeIDE/plugins/com.st.stm32cube.ide.mcu.externaltools.gnu-tools-for-stm32.11.3.rel1.win32_1.1.0.202305231506/tools/bin/../lib/gcc/arm-none-eabi/11.3.1/../../../../arm-none-eabi/lib/thumb/v7e-m+fp/hard\libc_nano.a(libc_a-impure.o)
                              C:/ST/STM32CubeIDE_1.13.1/STM32CubeIDE/plugins/com.st.stm32cube.ide.mcu.externaltools.gnu-tools-for-stm32.11.3.rel1.win32_1.1.0.202305231506/tools/bin/../lib/gcc/arm-none-eabi/11.3.1/../../../../arm-none-eabi/lib/thumb/v7e-m+fp/hard\libc_nano.a(libc_a-reent.o) (_impure_ptr)
C:/ST/STM32CubeIDE_1.13.1/STM32CubeIDE/plugins/com.st.stm32cube.ide.mcu.externaltools.gnu-tools-for-stm32.11.3.rel1.win32_1.1.0.202305231506/tools/bin/../lib/gcc/arm-none-eabi/11.3.1/../../../../arm-none-eabi/lib/thumb/v7e-m+fp/hard\libc_nano.a(libc_a-lseekr.o)
[...]
Memory Configuration

Name             Origin             Length             Attributes
RAM              0x0000000020000000 0x0000000000020000 xrw
FLASH            0x0000000008000000 0x0000000000080000 xr
*default*        0x0000000000000000 0xffffffffffffffff

Linker script and memory map

LOAD C:/ST/STM32CubeIDE_1.13.1/STM32CubeIDE/plugins/com.st.stm32cube.ide.mcu.externaltools.gnu-tools-for-stm32.11.3.rel1.win32_1.1.0.202305231506/tools/bin/../lib/gcc/arm-none-eabi/11.3.1/thumb/v7e-m+fp/hard/crti.o
LOAD C:/ST/STM32CubeIDE_1.13.1/STM32CubeIDE/plugins/com.st.stm32cube.ide.mcu.externaltools.gnu-tools-for-stm32.11.3.rel1.win32_1.1.0.202305231506/tools/bin/../lib/gcc/arm-none-eabi/11.3.1/thumb/v7e-m+fp/hard/crtbegin.o
LOAD C:/ST/STM32CubeIDE_1.13.1/STM32CubeIDE/plugins/com.st.stm32cube.ide.mcu.externaltools.gnu-tools-for-stm32.11.3.rel1.win32_1.1.0.202305231506/tools/bin/../lib/gcc/arm-none-eabi/11.3.1/../../../../arm-none-eabi/lib/thumb/v7e-m+fp/hard/crt0.o
LOAD ./Core/Src/dma.o
LOAD ./Core/Src/gpio.o
LOAD ./Core/Src/main.o
LOAD ./Core/Src/spi.o
LOAD ./Core/Src/stm32f4xx_hal_msp.o
LOAD ./Core/Src/stm32f4xx_it.o
LOAD ./Core/Src/syscalls.o
LOAD ./Core/Src/sysmem.o
LOAD ./Core/Src/system_stm32f4xx.o
LOAD ./Core/Startup/startup_stm32f411ceux.o
LOAD ./Core/TMCL/TMCL-Variables.o
LOAD ./Core/TMCL/TMCL.o
LOAD ./Core/tmc/helpers/CRC.o
LOAD ./Core/tmc/helpers/Functions.o
LOAD ./Core/tmc/ic/TMC4671/TMC4671.o
LOAD ./Core/tmc/ic/TMC6100/TMC6100.o
LOAD ./Core/tmc/ramp/LinearRamp.o
LOAD ./Core/tmc/ramp/LinearRamp1.o
LOAD ./Core/tmc/ramp/Ramp.o
LOAD ./Core/tmc/tmc4671_template.o
LOAD ./Drivers/STM32F4xx_HAL_Driver/Src/stm32f4xx_hal.o
LOAD ./Drivers/STM32F4xx_HAL_Driver/Src/stm32f4xx_hal_cortex.o
LOAD ./Drivers/STM32F4xx_HAL_Driver/Src/stm32f4xx_hal_dma.o
LOAD ./Drivers/STM32F4xx_HAL_Driver/Src/stm32f4xx_hal_dma_ex.o
LOAD ./Drivers/STM32F4xx_HAL_Driver/Src/stm32f4xx_hal_exti.o
LOAD ./Drivers/STM32F4xx_HAL_Driver/Src/stm32f4xx_hal_flash.o
LOAD ./Drivers/STM32F4xx_HAL_Driver/Src/stm32f4xx_hal_flash_ex.o
LOAD ./Drivers/STM32F4xx_HAL_Driver/Src/stm32f4xx_hal_flash_ramfunc.o
LOAD ./Drivers/STM32F4xx_HAL_Driver/Src/stm32f4xx_hal_gpio.o
LOAD ./Drivers/STM32F4xx_HAL_Driver/Src/stm32f4xx_hal_pcd.o
LOAD ./Drivers/STM32F4xx_HAL_Driver/Src/stm32f4xx_hal_pcd_ex.o
LOAD ./Drivers/STM32F4xx_HAL_Driver/Src/stm32f4xx_hal_pwr.o
LOAD ./Drivers/STM32F4xx_HAL_Driver/Src/stm32f4xx_hal_pwr_ex.o
LOAD ./Drivers/STM32F4xx_HAL_Driver/Src/stm32f4xx_hal_rcc.o
LOAD ./Drivers/STM32F4xx_HAL_Driver/Src/stm32f4xx_hal_rcc_ex.o
LOAD ./Drivers/STM32F4xx_HAL_Driver/Src/stm32f4xx_hal_spi.o
LOAD ./Drivers/STM32F4xx_HAL_Driver/Src/stm32f4xx_hal_tim.o
LOAD ./Drivers/STM32F4xx_HAL_Driver/Src/stm32f4xx_hal_tim_ex.o
LOAD ./Drivers/STM32F4xx_HAL_Driver/Src/stm32f4xx_ll_usb.o
LOAD ./Middlewares/ST/STM32_USB_Device_Library/Class/CDC/Src/usbd_cdc.o
LOAD ./Middlewares/ST/STM32_USB_Device_Library/Core/Src/usbd_core.o
LOAD ./Middlewares/ST/STM32_USB_Device_Library/Core/Src/usbd_ctlreq.o
LOAD ./Middlewares/ST/STM32_USB_Device_Library/Core/Src/usbd_ioreq.o
LOAD ./USB_DEVICE/App/usb_device.o
LOAD ./USB_DEVICE/App/usbd_cdc_if.o
LOAD ./USB_DEVICE/App/usbd_desc.o
LOAD ./USB_DEVICE/Target/usbd_conf.o
START GROUP
LOAD C:/ST/STM32CubeIDE_1.13.1/STM32CubeIDE/plugins/com.st.stm32cube.ide.mcu.externaltools.gnu-tools-for-stm32.11.3.rel1.win32_1.1.0.202305231506/tools/bin/../lib/gcc/arm-none-eabi/11.3.1/../../../../arm-none-eabi/lib/thumb/v7e-m+fp/hard\libstdc++_nano.a
LOAD C:/ST/STM32CubeIDE_1.13.1/STM32CubeIDE/plugins/com.st.stm32cube.ide.mcu.externaltools.gnu-tools-for-stm32.11.3.rel1.win32_1.1.0.202305231506/tools/bin/../lib/gcc/arm-none-eabi/11.3.1/../../../../arm-none-eabi/lib/thumb/v7e-m+fp/hard\libsupc++_nano.a
END GROUP
LOAD C:/ST/STM32CubeIDE_1.13.1/STM32CubeIDE/plugins/com.st.stm32cube.ide.mcu.externaltools.gnu-tools-for-stm32.11.3.rel1.win32_1.1.0.202305231506/tools/bin/../lib/gcc/arm-none-eabi/11.3.1/../../../../arm-none-eabi/lib/thumb/v7e-m+fp/hard\libstdc++_nano.a
LOAD C:/ST/STM32CubeIDE_1.13.1/STM32CubeIDE/plugins/com.st.stm32cube.ide.mcu.externaltools.gnu-tools-for-stm32.11.3.rel1.win32_1.1.0.202305231506/tools/bin/../lib/gcc/arm-none-eabi/11.3.1/../../../../arm-none-eabi/lib/thumb/v7e-m+fp/hard\libm.a
LOAD C:/ST/STM32CubeIDE_1.13.1/STM32CubeIDE/plugins/com.st.stm32cube.ide.mcu.externaltools.gnu-tools-for-stm32.11.3.rel1.win32_1.1.0.202305231506/tools/bin/../lib/gcc/arm-none-eabi/11.3.1/../../../../arm-none-eabi/lib/thumb/v7e-m+fp/hard\libc_nano.a
START GROUP
LOAD C:/ST/STM32CubeIDE_1.13.1/STM32CubeIDE/plugins/com.st.stm32cube.ide.mcu.externaltools.gnu-tools-for-stm32.11.3.rel1.win32_1.1.0.202305231506/tools/bin/../lib/gcc/arm-none-eabi/11.3.1/thumb/v7e-m+fp/hard\libgcc.a
LOAD C:/ST/STM32CubeIDE_1.13.1/STM32CubeIDE/plugins/com.st.stm32cube.ide.mcu.externaltools.gnu-tools-for-stm32.11.3.rel1.win32_1.1.0.202305231506/tools/bin/../lib/gcc/arm-none-eabi/11.3.1/../../../../arm-none-eabi/lib/thumb/v7e-m+fp/hard\libc_nano.a
END GROUP
START GROUP
LOAD C:/ST/STM32CubeIDE_1.13.1/STM32CubeIDE/plugins/com.st.stm32cube.ide.mcu.externaltools.gnu-tools-for-stm32.11.3.rel1.win32_1.1.0.202305231506/tools/bin/../lib/gcc/arm-none-eabi/11.3.1/thumb/v7e-m+fp/hard\libgcc.a
LOAD C:/ST/STM32CubeIDE_1.13.1/STM32CubeIDE/plugins/com.st.stm32cube.ide.mcu.externaltools.gnu-tools-for-stm32.11.3.rel1.win32_1.1.0.202305231506/tools/bin/../lib/gcc/arm-none-eabi/11.3.1/../../../../arm-none-eabi/lib/thumb/v7e-m+fp/hard\libc_nano.a
LOAD C:/ST/STM32CubeIDE_1.13.1/STM32CubeIDE/plugins/com.st.stm32cube.ide.mcu.externaltools.gnu-tools-for-stm32.11.3.rel1.win32_1.1.0.202305231506/tools/bin/../lib/gcc/arm-none-eabi/11.3.1/../../../../arm-none-eabi/lib/thumb/v7e-m+fp/hard\libnosys.a
END GROUP
START GROUP
LOAD C:/ST/STM32CubeIDE_1.13.1/STM32CubeIDE/plugins/com.st.stm32cube.ide.mcu.externaltools.gnu-tools-for-stm32.11.3.rel1.win32_1.1.0.202305231506/tools/bin/../lib/gcc/arm-none-eabi/11.3.1/thumb/v7e-m+fp/hard\libgcc.a
LOAD C:/ST/STM32CubeIDE_1.13.1/STM32CubeIDE/plugins/com.st.stm32cube.ide.mcu.externaltools.gnu-tools-for-stm32.11.3.rel1.win32_1.1.0.202305231506/tools/bin/../lib/gcc/arm-none-eabi/11.3.1/../../../../arm-none-eabi/lib/thumb/v7e-m+fp/hard\libc_nano.a
LOAD C:/ST/STM32CubeIDE_1.13.1/STM32CubeIDE/plugins/com.st.stm32cube.ide.mcu.externaltools.gnu-tools-for-stm32.11.3.rel1.win32_1.1.0.202305231506/tools/bin/../lib/gcc/arm-none-eabi/11.3.1/../../../../arm-none-eabi/lib/thumb/v7e-m+fp/hard\libnosys.a
END GROUP
LOAD C:/ST/STM32CubeIDE_1.13.1/STM32CubeIDE/plugins/com.st.stm32cube.ide.mcu.externaltools.gnu-tools-for-stm32.11.3.rel1.win32_1.1.0.202305231506/tools/bin/../lib/gcc/arm-none-eabi/11.3.1/thumb/v7e-m+fp/hard/crtend.o
LOAD C:/ST/STM32CubeIDE_1.13.1/STM32CubeIDE/plugins/com.st.stm32cube.ide.mcu.externaltools.gnu-tools-for-stm32.11.3.rel1.win32_1.1.0.202305231506/tools/bin/../lib/gcc/arm-none-eabi/11.3.1/thumb/v7e-m+fp/hard/crtn.o
                0x0000000020020000                _estack = (ORIGIN (RAM) + LENGTH (RAM))
                0x0000000000000200                _Min_Heap_Size = 0x200
                0x0000000000000400                _Min_Stack_Size = 0x400

.isr_vector     0x0000000008000000      0x198
                0x0000000008000000                . = ALIGN (0x4)
 *(.isr_vector)
 .isr_vector    0x0000000008000000      0x198 ./Core/Startup/startup_stm32f411ceux.o
                0x0000000008000000                g_pfnVectors
                0x0000000008000198                . = ALIGN (0x4)

.text           0x0000000008000198     0x8e4c
                0x0000000008000198                . = ALIGN (0x4)
 *(.text)
 .text          0x0000000008000198       0x40 C:/ST/STM32CubeIDE_1.13.1/STM32CubeIDE/plugins/com.st.stm32cube.ide.mcu.externaltools.gnu-tools-for-stm32.11.3.rel1.win32_1.1.0.202305231506/tools/bin/../lib/gcc/arm-none-eabi/11.3.1/thumb/v7e-m+fp/hard/crtbegin.o
 .text          0x00000000080001d8      0x378 C:/ST/STM32CubeIDE_1.13.1/STM32CubeIDE/plugins/com.st.stm32cube.ide.mcu.externaltools.gnu-tools-for-stm32.11.3.rel1.win32_1.1.0.202305231506/tools/bin/../lib/gcc/arm-none-eabi/11.3.1/thumb/v7e-m+fp/hard\libgcc.a(_arm_addsubdf3.o)
                0x00000000080001d8                __aeabi_drsub
                0x00000000080001e0                __aeabi_dsub
                0x00000000080001e0                __subdf3
                0x00000000080001e4                __aeabi_dadd
                0x00000000080001e4                __adddf3
                0x000000000800045c                __floatunsidf
                0x000000000800045c                __aeabi_ui2d
                0x000000000800047c                __floatsidf
                0x000000000800047c                __aeabi_i2d
                0x00000000080004a0                __aeabi_f2d
                0x00000000080004a0                __extendsfdf2
                0x00000000080004e4                __floatundidf
                0x00000000080004e4                __aeabi_ul2d
                0x00000000080004f4                __floatdidf
                0x00000000080004f4                __aeabi_l2d
 .text          0x0000000008000550      0x424 C:/ST/STM32CubeIDE_1.13.1/STM32CubeIDE/plugins/com.st.stm32cube.ide.mcu.externaltools.gnu-tools-for-stm32.11.3.rel1.win32_1.1.0.202305231506/tools/bin/../lib/gcc/arm-none-eabi/11.3.1/thumb/v7e-m+fp/hard\libgcc.a(_arm_muldivdf3.o)
                0x0000000008000550                __aeabi_dmul
                0x0000000008000550                __muldf3
                0x00000000080007a4                __divdf3
                0x00000000080007a4                __aeabi_ddiv
 .text          0x0000000008000974       0x50 C:/ST/STM32CubeIDE_1.13.1/STM32CubeIDE/plugins/com.st.stm32cube.ide.mcu.externaltools.gnu-tools-for-stm32.11.3.rel1.win32_1.1.0.202305231506/tools/bin/../lib/gcc/arm-none-eabi/11.3.1/thumb/v7e-m+fp/hard\libgcc.a(_arm_fixdfsi.o)
                0x0000000008000974                __aeabi_d2iz
                0x0000000008000974                __fixdfsi
 .text          0x00000000080009c4       0x30 C:/ST/STM32CubeIDE_1.13.1/STM32CubeIDE/plugins/com.st.stm32cube.ide.mcu.externaltools.gnu-tools-for-stm32.11.3.rel1.win32_1.1.0.202305231506/tools/bin/../lib/gcc/arm-none-eabi/11.3.1/thumb/v7e-m+fp/hard\libgcc.a(_aeabi_uldivmod.o)
                0x00000000080009c4                __aeabi_uldivmod
 .text          0x00000000080009f4      0x2c8 C:/ST/STM32CubeIDE_1.13.1/STM32CubeIDE/plugins/com.st.stm32cube.ide.mcu.externaltools.gnu-tools-for-stm32.11.3.rel1.win32_1.1.0.202305231506/tools/bin/../lib/gcc/arm-none-eabi/11.3.1/thumb/v7e-m+fp/hard\libgcc.a(_udivmoddi4.o)
                0x00000000080009f4                __udivmoddi4
 .text          0x0000000008000cbc        0x4 C:/ST/STM32CubeIDE_1.13.1/STM32CubeIDE/plugins/com.st.stm32cube.ide.mcu.externaltools.gnu-tools-for-stm32.11.3.rel1.win32_1.1.0.202305231506/tools/bin/../lib/gcc/arm-none-eabi/11.3.1/thumb/v7e-m+fp/hard\libgcc.a(_dvmd_tls.o)
                0x0000000008000cbc                __aeabi_idiv0
                0x0000000008000cbc                __aeabi_ldiv0
 *(.text*)
 .text.MX_DMA_Init
                0x0000000008000cc0       0x50 ./Core/Src/dma.o
                0x0000000008000cc0                MX_DMA_Init
 .text.MX_GPIO_Init
                0x0000000008000d10       0x84 ./Core/Src/gpio.o
                0x0000000008000d10                MX_GPIO_Init
 .text.main     0x0000000008000d94       0xc0 ./Core/Src/main.o
                0x0000000008000d94                main
 .text.SystemClock_Config
                0x0000000008000e54       0xd4 ./Core/Src/main.o
                0x0000000008000e54                SystemClock_Config
 .text.Error_Handler
                0x0000000008000f28        0xa ./Core/Src/main.o
                0x0000000008000f28                Error_Handler
 *fill*         0x0000000008000f32        0x2 
 .text.MX_SPI1_Init
                0x0000000008000f34       0x6c ./Core/Src/spi.o
                0x0000000008000f34                MX_SPI1_Init
 .text.HAL_SPI_MspInit
                0x0000000008000fa0      0x168 ./Core/Src/spi.o
                0x0000000008000fa0                HAL_SPI_MspInit
 .text.HAL_MspInit
                0x0000000008001108       0x50 ./Core/Src/stm32f4xx_hal_msp.o
                0x0000000008001108                HAL_MspInit
 .text.NMI_Handler
                0x0000000008001158        0xa ./Core/Src/stm32f4xx_it.o
                0x0000000008001158                NMI_Handler
 .text.HardFault_Handler
                0x0000000008001162        0x6 ./Core/Src/stm32f4xx_it.o
                0x0000000008001162                HardFault_Handler
 .text.MemManage_Handler
                0x0000000008001168        0x6 ./Core/Src/stm32f4xx_it.o
                0x0000000008001168                MemManage_Handler
 .text.BusFault_Handler
                0x000000000800116e        0x6 ./Core/Src/stm32f4xx_it.o
                0x000000000800116e                BusFault_Handler
 .text.UsageFault_Handler
                0x0000000008001174        0x6 ./Core/Src/stm32f4xx_it.o
                0x0000000008001174                UsageFault_Handler
 .text.SVC_Handler
                0x000000000800117a        0xe ./Core/Src/stm32f4xx_it.o
                0x000000000800117a                SVC_Handler
 .text.DebugMon_Handler
                0x0000000008001188        0xe ./Core/Src/stm32f4xx_it.o
                0x0000000008001188                DebugMon_Handler
 .text.PendSV_Handler
                0x0000000008001196        0xe ./Core/Src/stm32f4xx_it.o
                0x0000000008001196                PendSV_Handler
 .text.SysTick_Handler
                0x00000000080011a4        0xc ./Core/Src/stm32f4xx_it.o
                0x00000000080011a4                SysTick_Handler
 .text.SPI1_IRQHandler
                0x00000000080011b0       0x14 ./Core/Src/stm32f4xx_it.o
                0x00000000080011b0                SPI1_IRQHandler
 .text.DMA2_Stream0_IRQHandler
                0x00000000080011c4       0x14 ./Core/Src/stm32f4xx_it.o
                0x00000000080011c4                DMA2_Stream0_IRQHandler
 .text.DMA2_Stream2_IRQHandler
                0x00000000080011d8       0x14 ./Core/Src/stm32f4xx_it.o
                0x00000000080011d8                DMA2_Stream2_IRQHandler
 .text.OTG_FS_IRQHandler
                0x00000000080011ec       0x14 ./Core/Src/stm32f4xx_it.o
                0x00000000080011ec                OTG_FS_IRQHandler
 .text.SystemInit
                0x0000000008001200       0x24 ./Core/Src/system_stm32f4xx.o
                0x0000000008001200                SystemInit
 .text.Reset_Handler
                0x0000000008001224       0x50 ./Core/Startup/startup_stm32f411ceux.o
                0x0000000008001224                Reset_Handler
 .text.Default_Handler
                0x0000000008001274        0x2 ./Core/Startup/startup_stm32f411ceux.o
                0x0000000008001274                RTC_Alarm_IRQHandler
                0x0000000008001274                EXTI2_IRQHandler
                0x0000000008001274                SPI4_IRQHandler
                0x0000000008001274                TIM1_CC_IRQHandler
                0x0000000008001274                DMA2_Stream5_IRQHandler
                0x0000000008001274                DMA1_Stream5_IRQHandler
                0x0000000008001274                PVD_IRQHandler
                0x0000000008001274                SDIO_IRQHandler
                0x0000000008001274                TAMP_STAMP_IRQHandler
                0x0000000008001274                EXTI3_IRQHandler
                0x0000000008001274                TIM1_UP_TIM10_IRQHandler
                0x0000000008001274                I2C3_ER_IRQHandler
                0x0000000008001274                EXTI0_IRQHandler
                0x0000000008001274                I2C2_EV_IRQHandler
                0x0000000008001274                DMA1_Stream2_IRQHandler
                0x0000000008001274                FPU_IRQHandler
                0x0000000008001274                TIM1_BRK_TIM9_IRQHandler
                0x0000000008001274                DMA2_Stream3_IRQHandler
                0x0000000008001274                USART6_IRQHandler
                0x0000000008001274                TIM4_IRQHandler
                0x0000000008001274                I2C1_EV_IRQHandler
                0x0000000008001274                DMA1_Stream6_IRQHandler
                0x0000000008001274                DMA1_Stream1_IRQHandler
                0x0000000008001274                TIM3_IRQHandler
                0x0000000008001274                RCC_IRQHandler
                0x0000000008001274                Default_Handler
                0x0000000008001274                EXTI15_10_IRQHandler
                0x0000000008001274                ADC_IRQHandler
                0x0000000008001274                DMA1_Stream7_IRQHandler
                0x0000000008001274                SPI5_IRQHandler
                0x0000000008001274                TIM5_IRQHandler
                0x0000000008001274                DMA2_Stream7_IRQHandler
                0x0000000008001274                I2C3_EV_IRQHandler
                0x0000000008001274                EXTI9_5_IRQHandler
                0x0000000008001274                RTC_WKUP_IRQHandler
                0x0000000008001274                SPI2_IRQHandler
                0x0000000008001274                DMA1_Stream0_IRQHandler
                0x0000000008001274                EXTI4_IRQHandler
                0x0000000008001274                WWDG_IRQHandler
                0x0000000008001274                TIM2_IRQHandler
                0x0000000008001274                OTG_FS_WKUP_IRQHandler
                0x0000000008001274                TIM1_TRG_COM_TIM11_IRQHandler
                0x0000000008001274                EXTI1_IRQHandler
                0x0000000008001274                USART2_IRQHandler
                0x0000000008001274                I2C2_ER_IRQHandler
                0x0000000008001274                DMA2_Stream1_IRQHandler
                0x0000000008001274                FLASH_IRQHandler
                0x0000000008001274                DMA2_Stream4_IRQHandler
                0x0000000008001274                USART1_IRQHandler
                0x0000000008001274                SPI3_IRQHandler
                0x0000000008001274                DMA1_Stream4_IRQHandler
                0x0000000008001274                I2C1_ER_IRQHandler
                0x0000000008001274                DMA2_Stream6_IRQHandler
                0x0000000008001274                DMA1_Stream3_IRQHandler
 *fill*         0x0000000008001276        0x2 
 .text.getVM    0x0000000008001278       0xac ./Core/TMCL/TMCL.o
                0x0000000008001278                getVM
 .text.tmcl_getVersion
                0x0000000008001324       0xf4 ./Core/TMCL/TMCL.o
                0x0000000008001324                tmcl_getVersion
 .text.tmcl_getInput
                0x0000000008001418       0x30 ./Core/TMCL/TMCL.o
                0x0000000008001418                tmcl_getInput
 .text.tmcl_executeActualCommand
                0x0000000008001448       0x8c ./Core/TMCL/TMCL.o
                0x0000000008001448                tmcl_executeActualCommand
 .text.tmcl_processCommand
                0x00000000080014d4      0x228 ./Core/TMCL/TMCL.o
                0x00000000080014d4                tmcl_processCommand
 .text.tmc4671_readInt
                0x00000000080016fc       0x78 ./Core/tmc/ic/TMC4671/TMC4671.o
                0x00000000080016fc                tmc4671_readInt
 .text.tmc4671_writeInt
                0x0000000008001774       0x70 ./Core/tmc/ic/TMC4671/TMC4671.o
                0x0000000008001774                tmc4671_writeInt
 .text.tmc4671_readFieldWithDependency
                0x00000000080017e4       0x62 ./Core/tmc/ic/TMC4671/TMC4671.o
                0x00000000080017e4                tmc4671_readFieldWithDependency
 .text.tmc6100_init
                0x0000000008001846       0x4c ./Core/tmc/ic/TMC6100/TMC6100.o
                0x0000000008001846                tmc6100_init
 .text.tmc6100_writeInt
                0x0000000008001892       0x78 ./Core/tmc/ic/TMC6100/TMC6100.o
                0x0000000008001892                tmc6100_writeInt
 *fill*         0x000000000800190a        0x2 
 .text.StartupConfig
                0x000000000800190c       0x80 ./Core/tmc/tmc4671_template.o
                0x000000000800190c                StartupConfig
 .text.openloop_test_drive
                0x000000000800198c       0x54 ./Core/tmc/tmc4671_template.o
                0x000000000800198c                openloop_test_drive
 .text.HAL_Init
                0x00000000080019e0       0x44 ./Drivers/STM32F4xx_HAL_Driver/Src/stm32f4xx_hal.o
                0x00000000080019e0                HAL_Init
 .text.HAL_InitTick
                0x0000000008001a24       0x60 ./Drivers/STM32F4xx_HAL_Driver/Src/stm32f4xx_hal.o
                0x0000000008001a24                HAL_InitTick
 .text.HAL_IncTick
                0x0000000008001a84       0x28 ./Drivers/STM32F4xx_HAL_Driver/Src/stm32f4xx_hal.o
                0x0000000008001a84                HAL_IncTick
 .text.HAL_GetTick
                0x0000000008001aac       0x18 ./Drivers/STM32F4xx_HAL_Driver/Src/stm32f4xx_hal.o
                0x0000000008001aac                HAL_GetTick
 .text.HAL_Delay
                0x0000000008001ac4       0x48 ./Drivers/STM32F4xx_HAL_Driver/Src/stm32f4xx_hal.o
                0x0000000008001ac4                HAL_Delay
 .text.__NVIC_SetPriorityGrouping
                0x0000000008001b0c       0x48 ./Drivers/STM32F4xx_HAL_Driver/Src/stm32f4xx_hal_cortex.o
 .text.__NVIC_GetPriorityGrouping
                0x0000000008001b54       0x1c ./Drivers/STM32F4xx_HAL_Driver/Src/stm32f4xx_hal_cortex.o
 .text.__NVIC_EnableIRQ
                0x0000000008001b70       0x3c ./Drivers/STM32F4xx_HAL_Driver/Src/stm32f4xx_hal_cortex.o
 .text.__NVIC_SetPriority
                0x0000000008001bac       0x54 ./Drivers/STM32F4xx_HAL_Driver/Src/stm32f4xx_hal_cortex.o
 .text.NVIC_EncodePriority
                0x0000000008001c00       0x66 ./Drivers/STM32F4xx_HAL_Driver/Src/stm32f4xx_hal_cortex.o
 *fill*         0x0000000008001c66        0x2 
 .text.SysTick_Config
                0x0000000008001c68       0x44 ./Drivers/STM32F4xx_HAL_Driver/Src/stm32f4xx_hal_cortex.o
 .text.HAL_NVIC_SetPriorityGrouping
                0x0000000008001cac       0x16 ./Drivers/STM32F4xx_HAL_Driver/Src/stm32f4xx_hal_cortex.o
                0x0000000008001cac                HAL_NVIC_SetPriorityGrouping
 .text.HAL_NVIC_SetPriority
                0x0000000008001cc2       0x38 ./Drivers/STM32F4xx_HAL_Driver/Src/stm32f4xx_hal_cortex.o
                0x0000000008001cc2                HAL_NVIC_SetPriority
 .text.HAL_NVIC_EnableIRQ
                0x0000000008001cfa       0x1c ./Drivers/STM32F4xx_HAL_Driver/Src/stm32f4xx_hal_cortex.o
                0x0000000008001cfa                HAL_NVIC_EnableIRQ
 .text.HAL_SYSTICK_Config
                0x0000000008001d16       0x18 ./Drivers/STM32F4xx_HAL_Driver/Src/stm32f4xx_hal_cortex.o
                0x0000000008001d16                HAL_SYSTICK_Config
 *fill*         0x0000000008001d2e        0x2 
 .text.HAL_DMA_Init
                0x0000000008001d30      0x15c ./Drivers/STM32F4xx_HAL_Driver/Src/stm32f4xx_hal_dma.o
                0x0000000008001d30                HAL_DMA_Init
 .text.HAL_DMA_Abort_IT
                0x0000000008001e8c       0x44 ./Drivers/STM32F4xx_HAL_Driver/Src/stm32f4xx_hal_dma.o
                0x0000000008001e8c                HAL_DMA_Abort_IT
 .text.HAL_DMA_IRQHandler
                0x0000000008001ed0      0x314 ./Drivers/STM32F4xx_HAL_Driver/Src/stm32f4xx_hal_dma.o
                0x0000000008001ed0                HAL_DMA_IRQHandler
 .text.DMA_CalcBaseAndBitshift
                0x00000000080021e4       0x6c ./Drivers/STM32F4xx_HAL_Driver/Src/stm32f4xx_hal_dma.o
 .text.DMA_CheckFifoParam
                0x0000000008002250       0xf8 ./Drivers/STM32F4xx_HAL_Driver/Src/stm32f4xx_hal_dma.o
 .text.HAL_GPIO_Init
                0x0000000008002348      0x308 ./Drivers/STM32F4xx_HAL_Driver/Src/stm32f4xx_hal_gpio.o
                0x0000000008002348                HAL_GPIO_Init
 .text.HAL_GPIO_WritePin
                0x0000000008002650       0x32 ./Drivers/STM32F4xx_HAL_Driver/Src/stm32f4xx_hal_gpio.o
                0x0000000008002650                HAL_GPIO_WritePin
 .text.HAL_PCD_Init
                0x0000000008002682      0x23a ./Drivers/STM32F4xx_HAL_Driver/Src/stm32f4xx_hal_pcd.o
                0x0000000008002682                HAL_PCD_Init
 .text.HAL_PCD_Start
                0x00000000080028bc       0x66 ./Drivers/STM32F4xx_HAL_Driver/Src/stm32f4xx_hal_pcd.o
                0x00000000080028bc                HAL_PCD_Start
 .text.HAL_PCD_IRQHandler
                0x0000000008002922      0x93e ./Drivers/STM32F4xx_HAL_Driver/Src/stm32f4xx_hal_pcd.o
                0x0000000008002922                HAL_PCD_IRQHandler
 .text.HAL_PCD_SetAddress
                0x0000000008003260       0x4a ./Drivers/STM32F4xx_HAL_Driver/Src/stm32f4xx_hal_pcd.o
                0x0000000008003260                HAL_PCD_SetAddress
 .text.HAL_PCD_EP_Open
                0x00000000080032aa       0xd0 ./Drivers/STM32F4xx_HAL_Driver/Src/stm32f4xx_hal_pcd.o
                0x00000000080032aa                HAL_PCD_EP_Open
 .text.HAL_PCD_EP_Close
                0x000000000800337a       0x94 ./Drivers/STM32F4xx_HAL_Driver/Src/stm32f4xx_hal_pcd.o
                0x000000000800337a                HAL_PCD_EP_Close
 .text.HAL_PCD_EP_Receive
                0x000000000800340e       0x96 ./Drivers/STM32F4xx_HAL_Driver/Src/stm32f4xx_hal_pcd.o
                0x000000000800340e                HAL_PCD_EP_Receive
 .text.HAL_PCD_EP_GetRxCount
                0x00000000080034a4       0x30 ./Drivers/STM32F4xx_HAL_Driver/Src/stm32f4xx_hal_pcd.o
                0x00000000080034a4                HAL_PCD_EP_GetRxCount
 .text.HAL_PCD_EP_Transmit
                0x00000000080034d4       0x94 ./Drivers/STM32F4xx_HAL_Driver/Src/stm32f4xx_hal_pcd.o
                0x00000000080034d4                HAL_PCD_EP_Transmit
 .text.HAL_PCD_EP_SetStall
                0x0000000008003568       0xc8 ./Drivers/STM32F4xx_HAL_Driver/Src/stm32f4xx_hal_pcd.o
                0x0000000008003568                HAL_PCD_EP_SetStall
 .text.HAL_PCD_EP_ClrStall
                0x0000000008003630       0xac ./Drivers/STM32F4xx_HAL_Driver/Src/stm32f4xx_hal_pcd.o
                0x0000000008003630                HAL_PCD_EP_ClrStall
 .text.HAL_PCD_EP_Abort
                0x00000000080036dc       0x62 ./Drivers/STM32F4xx_HAL_Driver/Src/stm32f4xx_hal_pcd.o
                0x00000000080036dc                HAL_PCD_EP_Abort
 .text.PCD_WriteEmptyTxFifo
                0x000000000800373e      0x11a ./Drivers/STM32F4xx_HAL_Driver/Src/stm32f4xx_hal_pcd.o
 .text.PCD_EP_OutXfrComplete_int
                0x0000000008003858      0x1d0 ./Drivers/STM32F4xx_HAL_Driver/Src/stm32f4xx_hal_pcd.o
 .text.PCD_EP_OutSetupPacket_int
                0x0000000008003a28       0x8c ./Drivers/STM32F4xx_HAL_Driver/Src/stm32f4xx_hal_pcd.o
 .text.HAL_PCDEx_SetTxFiFo
                0x0000000008003ab4       0x8e ./Drivers/STM32F4xx_HAL_Driver/Src/stm32f4xx_hal_pcd_ex.o
                0x0000000008003ab4                HAL_PCDEx_SetTxFiFo
 .text.HAL_PCDEx_SetRxFiFo
                0x0000000008003b42       0x22 ./Drivers/STM32F4xx_HAL_Driver/Src/stm32f4xx_hal_pcd_ex.o
                0x0000000008003b42                HAL_PCDEx_SetRxFiFo
 .text.HAL_PCDEx_LPM_Callback
                0x0000000008003b64       0x18 ./Drivers/STM32F4xx_HAL_Driver/Src/stm32f4xx_hal_pcd_ex.o
                0x0000000008003b64                HAL_PCDEx_LPM_Callback
 .text.HAL_RCC_OscConfig
                0x0000000008003b7c      0x4f0 ./Drivers/STM32F4xx_HAL_Driver/Src/stm32f4xx_hal_rcc.o
                0x0000000008003b7c                HAL_RCC_OscConfig
 .text.HAL_RCC_ClockConfig
                0x000000000800406c      0x1cc ./Drivers/STM32F4xx_HAL_Driver/Src/stm32f4xx_hal_rcc.o
                0x000000000800406c                HAL_RCC_ClockConfig
 .text.HAL_RCC_EnableCSS
                0x0000000008004238       0x18 ./Drivers/STM32F4xx_HAL_Driver/Src/stm32f4xx_hal_rcc.o
                0x0000000008004238                HAL_RCC_EnableCSS
 .text.HAL_RCC_GetSysClockFreq
                0x0000000008004250      0x18c ./Drivers/STM32F4xx_HAL_Driver/Src/stm32f4xx_hal_rcc.o
                0x0000000008004250                HAL_RCC_GetSysClockFreq
 .text.HAL_RCC_GetHCLKFreq
                0x00000000080043dc       0x18 ./Drivers/STM32F4xx_HAL_Driver/Src/stm32f4xx_hal_rcc.o
                0x00000000080043dc                HAL_RCC_GetHCLKFreq
 .text.HAL_RCC_NMI_IRQHandler
                0x00000000080043f4       0x28 ./Drivers/STM32F4xx_HAL_Driver/Src/stm32f4xx_hal_rcc.o
                0x00000000080043f4                HAL_RCC_NMI_IRQHandler
 .text.HAL_RCC_CSSCallback
                0x000000000800441c        0xe ./Drivers/STM32F4xx_HAL_Driver/Src/stm32f4xx_hal_rcc.o
                0x000000000800441c                HAL_RCC_CSSCallback
 .text.HAL_SPI_Init
                0x000000000800442a      0x112 ./Drivers/STM32F4xx_HAL_Driver/Src/stm32f4xx_hal_spi.o
                0x000000000800442a                HAL_SPI_Init
 .text.HAL_SPI_TransmitReceive
                0x000000000800453c      0x344 ./Drivers/STM32F4xx_HAL_Driver/Src/stm32f4xx_hal_spi.o
                0x000000000800453c                HAL_SPI_TransmitReceive
 .text.HAL_SPI_IRQHandler
                0x0000000008004880      0x1e8 ./Drivers/STM32F4xx_HAL_Driver/Src/stm32f4xx_hal_spi.o
                0x0000000008004880                HAL_SPI_IRQHandler
 .text.HAL_SPI_ErrorCallback
                0x0000000008004a68       0x14 ./Drivers/STM32F4xx_HAL_Driver/Src/stm32f4xx_hal_spi.o
                0x0000000008004a68                HAL_SPI_ErrorCallback
 .text.SPI_DMAAbortOnError
                0x0000000008004a7c       0x28 ./Drivers/STM32F4xx_HAL_Driver/Src/stm32f4xx_hal_spi.o
 .text.SPI_WaitFlagStateUntilTimeout
                0x0000000008004aa4      0x110 ./Drivers/STM32F4xx_HAL_Driver/Src/stm32f4xx_hal_spi.o
 .text.SPI_EndRxTxTransaction
                0x0000000008004bb4       0x84 ./Drivers/STM32F4xx_HAL_Driver/Src/stm32f4xx_hal_spi.o
 .text.USB_CoreInit
                0x0000000008004c38       0xc2 ./Drivers/STM32F4xx_HAL_Driver/Src/stm32f4xx_ll_usb.o
                0x0000000008004c38                USB_CoreInit
 *fill*         0x0000000008004cfa        0x2 
 .text.USB_SetTurnaroundTime
                0x0000000008004cfc      0x144 ./Drivers/STM32F4xx_HAL_Driver/Src/stm32f4xx_ll_usb.o
                0x0000000008004cfc                USB_SetTurnaroundTime
 .text.USB_EnableGlobalInt
                0x0000000008004e40       0x22 ./Drivers/STM32F4xx_HAL_Driver/Src/stm32f4xx_ll_usb.o
                0x0000000008004e40                USB_EnableGlobalInt
 .text.USB_DisableGlobalInt
                0x0000000008004e62       0x22 ./Drivers/STM32F4xx_HAL_Driver/Src/stm32f4xx_ll_usb.o
                0x0000000008004e62                USB_DisableGlobalInt
 .text.USB_SetCurrentMode
                0x0000000008004e84       0x98 ./Drivers/STM32F4xx_HAL_Driver/Src/stm32f4xx_ll_usb.o
                0x0000000008004e84                USB_SetCurrentMode
 .text.USB_DevInit
                0x0000000008004f1c      0x2c8 ./Drivers/STM32F4xx_HAL_Driver/Src/stm32f4xx_ll_usb.o
                0x0000000008004f1c                USB_DevInit
 .text.USB_FlushTxFifo
                0x00000000080051e4       0x68 ./Drivers/STM32F4xx_HAL_Driver/Src/stm32f4xx_ll_usb.o
                0x00000000080051e4                USB_FlushTxFifo
 .text.USB_FlushRxFifo
                0x000000000800524c       0x60 ./Drivers/STM32F4xx_HAL_Driver/Src/stm32f4xx_ll_usb.o
                0x000000000800524c                USB_FlushRxFifo
 .text.USB_SetDevSpeed
                0x00000000080052ac       0x32 ./Drivers/STM32F4xx_HAL_Driver/Src/stm32f4xx_ll_usb.o
                0x00000000080052ac                USB_SetDevSpeed
 .text.USB_GetDevSpeed
                0x00000000080052de       0x4a ./Drivers/STM32F4xx_HAL_Driver/Src/stm32f4xx_ll_usb.o
                0x00000000080052de                USB_GetDevSpeed
 .text.USB_ActivateEndpoint
                0x0000000008005328      0x10e ./Drivers/STM32F4xx_HAL_Driver/Src/stm32f4xx_ll_usb.o
                0x0000000008005328                USB_ActivateEndpoint
 *fill*         0x0000000008005436        0x2 
 .text.USB_DeactivateEndpoint
                0x0000000008005438      0x1b8 ./Drivers/STM32F4xx_HAL_Driver/Src/stm32f4xx_ll_usb.o
                0x0000000008005438                USB_DeactivateEndpoint
 .text.USB_EPStartXfer
                0x00000000080055f0      0x490 ./Drivers/STM32F4xx_HAL_Driver/Src/stm32f4xx_ll_usb.o
                0x00000000080055f0                USB_EPStartXfer
 .text.USB_EP0StartXfer
                0x0000000008005a80      0x2b0 ./Drivers/STM32F4xx_HAL_Driver/Src/stm32f4xx_ll_usb.o
                0x0000000008005a80                USB_EP0StartXfer
 .text.USB_EPStopXfer
                0x0000000008005d30      0x154 ./Drivers/STM32F4xx_HAL_Driver/Src/stm32f4xx_ll_usb.o
                0x0000000008005d30                USB_EPStopXfer
 .text.USB_WritePacket
                0x0000000008005e84       0x7c ./Drivers/STM32F4xx_HAL_Driver/Src/stm32f4xx_ll_usb.o
                0x0000000008005e84                USB_WritePacket
 .text.USB_ReadPacket
                0x0000000008005f00       0xb0 ./Drivers/STM32F4xx_HAL_Driver/Src/stm32f4xx_ll_usb.o
                0x0000000008005f00                USB_ReadPacket
 .text.USB_EPSetStall
                0x0000000008005fb0       0xdc ./Drivers/STM32F4xx_HAL_Driver/Src/stm32f4xx_ll_usb.o
                0x0000000008005fb0                USB_EPSetStall
 .text.USB_EPClearStall
                0x000000000800608c       0xcc ./Drivers/STM32F4xx_HAL_Driver/Src/stm32f4xx_ll_usb.o
                0x000000000800608c                USB_EPClearStall
 .text.USB_SetDevAddress
                0x0000000008006158       0x4c ./Drivers/STM32F4xx_HAL_Driver/Src/stm32f4xx_ll_usb.o
                0x0000000008006158                USB_SetDevAddress
 .text.USB_DevConnect
                0x00000000080061a4       0x42 ./Drivers/STM32F4xx_HAL_Driver/Src/stm32f4xx_ll_usb.o
                0x00000000080061a4                USB_DevConnect
 .text.USB_DevDisconnect
                0x00000000080061e6       0x42 ./Drivers/STM32F4xx_HAL_Driver/Src/stm32f4xx_ll_usb.o
                0x00000000080061e6                USB_DevDisconnect
 .text.USB_ReadInterrupts
                0x0000000008006228       0x26 ./Drivers/STM32F4xx_HAL_Driver/Src/stm32f4xx_ll_usb.o
                0x0000000008006228                USB_ReadInterrupts
 .text.USB_ReadDevAllOutEpInterrupt
                0x000000000800624e       0x34 ./Drivers/STM32F4xx_HAL_Driver/Src/stm32f4xx_ll_usb.o
                0x000000000800624e                USB_ReadDevAllOutEpInterrupt
 .text.USB_ReadDevAllInEpInterrupt
                0x0000000008006282       0x34 ./Drivers/STM32F4xx_HAL_Driver/Src/stm32f4xx_ll_usb.o
                0x0000000008006282                USB_ReadDevAllInEpInterrupt
 .text.USB_ReadDevOutEPInterrupt
                0x00000000080062b6       0x3c ./Drivers/STM32F4xx_HAL_Driver/Src/stm32f4xx_ll_usb.o
                0x00000000080062b6                USB_ReadDevOutEPInterrupt
 .text.USB_ReadDevInEPInterrupt
                0x00000000080062f2       0x5c ./Drivers/STM32F4xx_HAL_Driver/Src/stm32f4xx_ll_usb.o
                0x00000000080062f2                USB_ReadDevInEPInterrupt
 .text.USB_GetMode
                0x000000000800634e       0x1c ./Drivers/STM32F4xx_HAL_Driver/Src/stm32f4xx_ll_usb.o
                0x000000000800634e                USB_GetMode
 .text.USB_ActivateSetup
                0x000000000800636a       0x46 ./Drivers/STM32F4xx_HAL_Driver/Src/stm32f4xx_ll_usb.o
                0x000000000800636a                USB_ActivateSetup
 .text.USB_EP0_OutStart
                0x00000000080063b0       0xbc ./Drivers/STM32F4xx_HAL_Driver/Src/stm32f4xx_ll_usb.o
                0x00000000080063b0                USB_EP0_OutStart
 .text.USB_CoreReset
                0x000000000800646c       0x68 ./Drivers/STM32F4xx_HAL_Driver/Src/stm32f4xx_ll_usb.o
 .text.USBD_CDC_Init
                0x00000000080064d4      0x1f0 ./Middlewares/ST/STM32_USB_Device_Library/Class/CDC/Src/usbd_cdc.o
 .text.USBD_CDC_DeInit
                0x00000000080066c4      0x104 ./Middlewares/ST/STM32_USB_Device_Library/Class/CDC/Src/usbd_cdc.o
 .text.USBD_CDC_Setup
                0x00000000080067c8      0x1b8 ./Middlewares/ST/STM32_USB_Device_Library/Class/CDC/Src/usbd_cdc.o
 .text.USBD_CDC_DataIn
                0x0000000008006980       0xfe ./Middlewares/ST/STM32_USB_Device_Library/Class/CDC/Src/usbd_cdc.o
 .text.USBD_CDC_DataOut
                0x0000000008006a7e       0x70 ./Middlewares/ST/STM32_USB_Device_Library/Class/CDC/Src/usbd_cdc.o
 .text.USBD_CDC_EP0_RxReady
                0x0000000008006aee       0x76 ./Middlewares/ST/STM32_USB_Device_Library/Class/CDC/Src/usbd_cdc.o
 .text.USBD_CDC_GetFSCfgDesc
                0x0000000008006b64       0x70 ./Middlewares/ST/STM32_USB_Device_Library/Class/CDC/Src/usbd_cdc.o
 .text.USBD_CDC_GetHSCfgDesc
                0x0000000008006bd4       0x70 ./Middlewares/ST/STM32_USB_Device_Library/Class/CDC/Src/usbd_cdc.o
 .text.USBD_CDC_GetOtherSpeedCfgDesc
                0x0000000008006c44       0x70 ./Middlewares/ST/STM32_USB_Device_Library/Class/CDC/Src/usbd_cdc.o
 .text.USBD_CDC_GetDeviceQualifierDescriptor
                0x0000000008006cb4       0x20 ./Middlewares/ST/STM32_USB_Device_Library/Class/CDC/Src/usbd_cdc.o
                0x0000000008006cb4                USBD_CDC_GetDeviceQualifierDescriptor
 .text.USBD_CDC_RegisterInterface
                0x0000000008006cd4       0x34 ./Middlewares/ST/STM32_USB_Device_Library/Class/CDC/Src/usbd_cdc.o
                0x0000000008006cd4                USBD_CDC_RegisterInterface
 .text.USBD_CDC_SetTxBuffer
                0x0000000008006d08       0x44 ./Middlewares/ST/STM32_USB_Device_Library/Class/CDC/Src/usbd_cdc.o
                0x0000000008006d08                USBD_CDC_SetTxBuffer
 .text.USBD_CDC_SetRxBuffer
                0x0000000008006d4c       0x3a ./Middlewares/ST/STM32_USB_Device_Library/Class/CDC/Src/usbd_cdc.o
                0x0000000008006d4c                USBD_CDC_SetRxBuffer
 *fill*         0x0000000008006d86        0x2 
 .text.USBD_CDC_TransmitPacket
                0x0000000008006d88       0x8c ./Middlewares/ST/STM32_USB_Device_Library/Class/CDC/Src/usbd_cdc.o
                0x0000000008006d88                USBD_CDC_TransmitPacket
 .text.USBD_CDC_ReceivePacket
                0x0000000008006e14       0x6c ./Middlewares/ST/STM32_USB_Device_Library/Class/CDC/Src/usbd_cdc.o
                0x0000000008006e14                USBD_CDC_ReceivePacket
 .text.USBD_Init
                0x0000000008006e80       0x60 ./Middlewares/ST/STM32_USB_Device_Library/Core/Src/usbd_core.o
                0x0000000008006e80                USBD_Init
 .text.USBD_RegisterClass
                0x0000000008006ee0       0x6c ./Middlewares/ST/STM32_USB_Device_Library/Core/Src/usbd_core.o
                0x0000000008006ee0                USBD_RegisterClass
 .text.USBD_Start
                0x0000000008006f4c       0x18 ./Middlewares/ST/STM32_USB_Device_Library/Core/Src/usbd_core.o
                0x0000000008006f4c                USBD_Start
 .text.USBD_RunTestMode
                0x0000000008006f64       0x16 ./Middlewares/ST/STM32_USB_Device_Library/Core/Src/usbd_core.o
                0x0000000008006f64                USBD_RunTestMode
 .text.USBD_SetClassConfig
                0x0000000008006f7a       0x38 ./Middlewares/ST/STM32_USB_Device_Library/Core/Src/usbd_core.o
                0x0000000008006f7a                USBD_SetClassConfig
 .text.USBD_ClrClassConfig
                0x0000000008006fb2       0x34 ./Middlewares/ST/STM32_USB_Device_Library/Core/Src/usbd_core.o
                0x0000000008006fb2                USBD_ClrClassConfig
 .text.USBD_LL_SetupStage
                0x0000000008006fe6       0xaa ./Middlewares/ST/STM32_USB_Device_Library/Core/Src/usbd_core.o
                0x0000000008006fe6                USBD_LL_SetupStage
 .text.USBD_LL_DataOutStage
                0x0000000008007090      0x166 ./Middlewares/ST/STM32_USB_Device_Library/Core/Src/usbd_core.o
                0x0000000008007090                USBD_LL_DataOutStage
 .text.USBD_LL_DataInStage
                0x00000000080071f6      0x164 ./Middlewares/ST/STM32_USB_Device_Library/Core/Src/usbd_core.o
                0x00000000080071f6                USBD_LL_DataInStage
 .text.USBD_LL_Reset
                0x000000000800735a       0xa4 ./Middlewares/ST/STM32_USB_Device_Library/Core/Src/usbd_core.o
                0x000000000800735a                USBD_LL_Reset
 .text.USBD_LL_SetSpeed
                0x00000000080073fe       0x20 ./Middlewares/ST/STM32_USB_Device_Library/Core/Src/usbd_core.o
                0x00000000080073fe                USBD_LL_SetSpeed
 .text.USBD_LL_Suspend
                0x000000000800741e       0x2c ./Middlewares/ST/STM32_USB_Device_Library/Core/Src/usbd_core.o
                0x000000000800741e                USBD_LL_Suspend
 .text.USBD_LL_Resume
                0x000000000800744a       0x30 ./Middlewares/ST/STM32_USB_Device_Library/Core/Src/usbd_core.o
                0x000000000800744a                USBD_LL_Resume
 .text.USBD_LL_SOF
                0x000000000800747a       0x40 ./Middlewares/ST/STM32_USB_Device_Library/Core/Src/usbd_core.o
                0x000000000800747a                USBD_LL_SOF
 .text.USBD_LL_IsoINIncomplete
                0x00000000080074ba       0x64 ./Middlewares/ST/STM32_USB_Device_Library/Core/Src/usbd_core.o
                0x00000000080074ba                USBD_LL_IsoINIncomplete
 .text.USBD_LL_IsoOUTIncomplete
                0x000000000800751e       0x64 ./Middlewares/ST/STM32_USB_Device_Library/Core/Src/usbd_core.o
                0x000000000800751e                USBD_LL_IsoOUTIncomplete
 .text.USBD_LL_DevConnected
                0x0000000008007582       0x16 ./Middlewares/ST/STM32_USB_Device_Library/Core/Src/usbd_core.o
                0x0000000008007582                USBD_LL_DevConnected
 .text.USBD_LL_DevDisconnected
                0x0000000008007598       0x46 ./Middlewares/ST/STM32_USB_Device_Library/Core/Src/usbd_core.o
                0x0000000008007598                USBD_LL_DevDisconnected
 .text.USBD_CoreFindIF
                0x00000000080075de       0x1a ./Middlewares/ST/STM32_USB_Device_Library/Core/Src/usbd_core.o
                0x00000000080075de                USBD_CoreFindIF
 .text.USBD_CoreFindEP
                0x00000000080075f8       0x1a ./Middlewares/ST/STM32_USB_Device_Library/Core/Src/usbd_core.o
                0x00000000080075f8                USBD_CoreFindEP
 .text.USBD_GetEpDesc
                0x0000000008007612       0x74 ./Middlewares/ST/STM32_USB_Device_Library/Core/Src/usbd_core.o
                0x0000000008007612                USBD_GetEpDesc
 .text.USBD_GetNextDesc
                0x0000000008007686       0x3a ./Middlewares/ST/STM32_USB_Device_Library/Core/Src/usbd_core.o
                0x0000000008007686                USBD_GetNextDesc
 .text.SWAPBYTE
                0x00000000080076c0       0x3c ./Middlewares/ST/STM32_USB_Device_Library/Core/Src/usbd_ctlreq.o
 .text.USBD_StdDevReq
                0x00000000080076fc       0xe4 ./Middlewares/ST/STM32_USB_Device_Library/Core/Src/usbd_ctlreq.o
                0x00000000080076fc                USBD_StdDevReq
 .text.USBD_StdItfReq
                0x00000000080077e0       0xd8 ./Middlewares/ST/STM32_USB_Device_Library/Core/Src/usbd_ctlreq.o
                0x00000000080077e0                USBD_StdItfReq
 .text.USBD_StdEPReq
                0x00000000080078b8      0x33a ./Middlewares/ST/STM32_USB_Device_Library/Core/Src/usbd_ctlreq.o
                0x00000000080078b8                USBD_StdEPReq
 *fill*         0x0000000008007bf2        0x2 
 .text.USBD_GetDescriptor
                0x0000000008007bf4      0x2d4 ./Middlewares/ST/STM32_USB_Device_Library/Core/Src/usbd_ctlreq.o
 .text.USBD_SetAddress
                0x0000000008007ec8       0x88 ./Middlewares/ST/STM32_USB_Device_Library/Core/Src/usbd_ctlreq.o
 .text.USBD_SetConfig
                0x0000000008007f50      0x154 ./Middlewares/ST/STM32_USB_Device_Library/Core/Src/usbd_ctlreq.o
 .text.USBD_GetConfig
                0x00000000080080a4       0x6c ./Middlewares/ST/STM32_USB_Device_Library/Core/Src/usbd_ctlreq.o
 .text.USBD_GetStatus
                0x0000000008008110       0x68 ./Middlewares/ST/STM32_USB_Device_Library/Core/Src/usbd_ctlreq.o
 .text.USBD_SetFeature
                0x0000000008008178       0x52 ./Middlewares/ST/STM32_USB_Device_Library/Core/Src/usbd_ctlreq.o
 .text.USBD_ClrFeature
                0x00000000080081ca       0x44 ./Middlewares/ST/STM32_USB_Device_Library/Core/Src/usbd_ctlreq.o
 .text.USBD_ParseSetupRequest
                0x000000000800820e       0x74 ./Middlewares/ST/STM32_USB_Device_Library/Core/Src/usbd_ctlreq.o
                0x000000000800820e                USBD_ParseSetupRequest
 .text.USBD_CtlError
                0x0000000008008282       0x22 ./Middlewares/ST/STM32_USB_Device_Library/Core/Src/usbd_ctlreq.o
                0x0000000008008282                USBD_CtlError
 .text.USBD_GetString
                0x00000000080082a4       0x8c ./Middlewares/ST/STM32_USB_Device_Library/Core/Src/usbd_ctlreq.o
                0x00000000080082a4                USBD_GetString
 .text.USBD_GetLen
                0x0000000008008330       0x34 ./Middlewares/ST/STM32_USB_Device_Library/Core/Src/usbd_ctlreq.o
 .text.USBD_CtlSendData
                0x0000000008008364       0x36 ./Middlewares/ST/STM32_USB_Device_Library/Core/Src/usbd_ioreq.o
                0x0000000008008364                USBD_CtlSendData
 .text.USBD_CtlContinueSendData
                0x000000000800839a       0x22 ./Middlewares/ST/STM32_USB_Device_Library/Core/Src/usbd_ioreq.o
                0x000000000800839a                USBD_CtlContinueSendData
 .text.USBD_CtlPrepareRx
                0x00000000080083bc       0x3a ./Middlewares/ST/STM32_USB_Device_Library/Core/Src/usbd_ioreq.o
                0x00000000080083bc                USBD_CtlPrepareRx
 .text.USBD_CtlContinueRx
                0x00000000080083f6       0x22 ./Middlewares/ST/STM32_USB_Device_Library/Core/Src/usbd_ioreq.o
                0x00000000080083f6                USBD_CtlContinueRx
 .text.USBD_CtlSendStatus
                0x0000000008008418       0x26 ./Middlewares/ST/STM32_USB_Device_Library/Core/Src/usbd_ioreq.o
                0x0000000008008418                USBD_CtlSendStatus
 .text.USBD_CtlReceiveStatus
                0x000000000800843e       0x26 ./Middlewares/ST/STM32_USB_Device_Library/Core/Src/usbd_ioreq.o
                0x000000000800843e                USBD_CtlReceiveStatus
 .text.MX_USB_DEVICE_Init
                0x0000000008008464       0x60 ./USB_DEVICE/App/usb_device.o
                0x0000000008008464                MX_USB_DEVICE_Init
 .text.CDC_Init_FS
                0x00000000080084c4       0x28 ./USB_DEVICE/App/usbd_cdc_if.o
 .text.CDC_DeInit_FS
                0x00000000080084ec       0x10 ./USB_DEVICE/App/usbd_cdc_if.o
 .text.CDC_Control_FS
                0x00000000080084fc       0xbc ./USB_DEVICE/App/usbd_cdc_if.o
 .text.CDC_Receive_FS
                0x00000000080085b8       0x7c ./USB_DEVICE/App/usbd_cdc_if.o
 .text.CDC_Transmit_FS
                0x0000000008008634       0x4c ./USB_DEVICE/App/usbd_cdc_if.o
                0x0000000008008634                CDC_Transmit_FS
 .text.CDC_TransmitCplt_FS
                0x0000000008008680       0x22 ./USB_DEVICE/App/usbd_cdc_if.o
 *fill*         0x00000000080086a2        0x2 
 .text.USB_retrieveCMD
                0x00000000080086a4       0x80 ./USB_DEVICE/App/usbd_cdc_if.o
                0x00000000080086a4                USB_retrieveCMD
 .text.USBD_FS_DeviceDescriptor
                0x0000000008008724       0x24 ./USB_DEVICE/App/usbd_desc.o
                0x0000000008008724                USBD_FS_DeviceDescriptor
 .text.USBD_FS_LangIDStrDescriptor
                0x0000000008008748       0x24 ./USB_DEVICE/App/usbd_desc.o
                0x0000000008008748                USBD_FS_LangIDStrDescriptor
 .text.USBD_FS_ProductStrDescriptor
                0x000000000800876c       0x3c ./USB_DEVICE/App/usbd_desc.o
                0x000000000800876c                USBD_FS_ProductStrDescriptor
 .text.USBD_FS_ManufacturerStrDescriptor
                0x00000000080087a8       0x28 ./USB_DEVICE/App/usbd_desc.o
                0x00000000080087a8                USBD_FS_ManufacturerStrDescriptor
 .text.USBD_FS_SerialStrDescriptor
                0x00000000080087d0       0x24 ./USB_DEVICE/App/usbd_desc.o
                0x00000000080087d0                USBD_FS_SerialStrDescriptor
 .text.USBD_FS_ConfigStrDescriptor
                0x00000000080087f4       0x3c ./USB_DEVICE/App/usbd_desc.o
                0x00000000080087f4                USBD_FS_ConfigStrDescriptor
 .text.USBD_FS_InterfaceStrDescriptor
                0x0000000008008830       0x3c ./USB_DEVICE/App/usbd_desc.o
                0x0000000008008830                USBD_FS_InterfaceStrDescriptor
 .text.Get_SerialNum
                0x000000000800886c       0x58 ./USB_DEVICE/App/usbd_desc.o
 .text.IntToUnicode
                0x00000000080088c4       0x7e ./USB_DEVICE/App/usbd_desc.o
 *fill*         0x0000000008008942        0x2 
 .text.HAL_PCD_MspInit
                0x0000000008008944       0xa8 ./USB_DEVICE/Target/usbd_conf.o
                0x0000000008008944                HAL_PCD_MspInit
 .text.HAL_PCD_SetupStageCallback
                0x00000000080089ec       0x24 ./USB_DEVICE/Target/usbd_conf.o
                0x00000000080089ec                HAL_PCD_SetupStageCallback
 .text.HAL_PCD_DataOutStageCallback
                0x0000000008008a10       0x36 ./USB_DEVICE/Target/usbd_conf.o
                0x0000000008008a10                HAL_PCD_DataOutStageCallback
 .text.HAL_PCD_DataInStageCallback
                0x0000000008008a46       0x34 ./USB_DEVICE/Target/usbd_conf.o
                0x0000000008008a46                HAL_PCD_DataInStageCallback
 .text.HAL_PCD_SOFCallback
                0x0000000008008a7a       0x1c ./USB_DEVICE/Target/usbd_conf.o
                0x0000000008008a7a                HAL_PCD_SOFCallback
 .text.HAL_PCD_ResetCallback
                0x0000000008008a96       0x3c ./USB_DEVICE/Target/usbd_conf.o
                0x0000000008008a96                HAL_PCD_ResetCallback
 *fill*         0x0000000008008ad2        0x2 
 .text.HAL_PCD_SuspendCallback
                0x0000000008008ad4       0x4c ./USB_DEVICE/Target/usbd_conf.o
                0x0000000008008ad4                HAL_PCD_SuspendCallback
 .text.HAL_PCD_ResumeCallback
                0x0000000008008b20       0x1c ./USB_DEVICE/Target/usbd_conf.o
                0x0000000008008b20                HAL_PCD_ResumeCallback
 .text.HAL_PCD_ISOOUTIncompleteCallback
                0x0000000008008b3c       0x24 ./USB_DEVICE/Target/usbd_conf.o
                0x0000000008008b3c                HAL_PCD_ISOOUTIncompleteCallback
 .text.HAL_PCD_ISOINIncompleteCallback
                0x0000000008008b60       0x24 ./USB_DEVICE/Target/usbd_conf.o
                0x0000000008008b60                HAL_PCD_ISOINIncompleteCallback
 .text.HAL_PCD_ConnectCallback
                0x0000000008008b84       0x1c ./USB_DEVICE/Target/usbd_conf.o
                0x0000000008008b84                HAL_PCD_ConnectCallback
 .text.HAL_PCD_DisconnectCallback
                0x0000000008008ba0       0x1c ./USB_DEVICE/Target/usbd_conf.o
                0x0000000008008ba0                HAL_PCD_DisconnectCallback
 .text.USBD_LL_Init
                0x0000000008008bbc       0x98 ./USB_DEVICE/Target/usbd_conf.o
                0x0000000008008bbc                USBD_LL_Init
 .text.USBD_LL_Start
                0x0000000008008c54       0x36 ./USB_DEVICE/Target/usbd_conf.o
                0x0000000008008c54                USBD_LL_Start
 .text.USBD_LL_OpenEP
                0x0000000008008c8a       0x4c ./USB_DEVICE/Target/usbd_conf.o
                0x0000000008008c8a                USBD_LL_OpenEP
 .text.USBD_LL_CloseEP
                0x0000000008008cd6       0x3e ./USB_DEVICE/Target/usbd_conf.o
                0x0000000008008cd6                USBD_LL_CloseEP
 .text.USBD_LL_StallEP
                0x0000000008008d14       0x3e ./USB_DEVICE/Target/usbd_conf.o
                0x0000000008008d14                USBD_LL_StallEP
 .text.USBD_LL_ClearStallEP
                0x0000000008008d52       0x3e ./USB_DEVICE/Target/usbd_conf.o
                0x0000000008008d52                USBD_LL_ClearStallEP
 .text.USBD_LL_IsStallEP
                0x0000000008008d90       0x58 ./USB_DEVICE/Target/usbd_conf.o
                0x0000000008008d90                USBD_LL_IsStallEP
 .text.USBD_LL_SetUSBAddress
                0x0000000008008de8       0x3e ./USB_DEVICE/Target/usbd_conf.o
                0x0000000008008de8                USBD_LL_SetUSBAddress
 .text.USBD_LL_Transmit
                0x0000000008008e26       0x42 ./USB_DEVICE/Target/usbd_conf.o
                0x0000000008008e26                USBD_LL_Transmit
 .text.USBD_LL_PrepareReceive
                0x0000000008008e68       0x42 ./USB_DEVICE/Target/usbd_conf.o
                0x0000000008008e68                USBD_LL_PrepareReceive
 .text.USBD_LL_GetRxDataSize
                0x0000000008008eaa       0x26 ./USB_DEVICE/Target/usbd_conf.o
                0x0000000008008eaa                USBD_LL_GetRxDataSize
 .text.USBD_static_malloc
                0x0000000008008ed0       0x1c ./USB_DEVICE/Target/usbd_conf.o
                0x0000000008008ed0                USBD_static_malloc
 .text.USBD_static_free
                0x0000000008008eec       0x14 ./USB_DEVICE/Target/usbd_conf.o
                0x0000000008008eec                USBD_static_free
 .text.USBD_Get_USB_Status
                0x0000000008008f00       0x58 ./USB_DEVICE/Target/usbd_conf.o
                0x0000000008008f00                USBD_Get_USB_Status
 .text.memset   0x0000000008008f58       0x10 C:/ST/STM32CubeIDE_1.13.1/STM32CubeIDE/plugins/com.st.stm32cube.ide.mcu.externaltools.gnu-tools-for-stm32.11.3.rel1.win32_1.1.0.202305231506/tools/bin/../lib/gcc/arm-none-eabi/11.3.1/../../../../arm-none-eabi/lib/thumb/v7e-m+fp/hard\libc_nano.a(libc_a-memset.o)
                0x0000000008008f58                memset
 .text.__libc_init_array
                0x0000000008008f68       0x48 C:/ST/STM32CubeIDE_1.13.1/STM32CubeIDE/plugins/com.st.stm32cube.ide.mcu.externaltools.gnu-tools-for-stm32.11.3.rel1.win32_1.1.0.202305231506/tools/bin/../lib/gcc/arm-none-eabi/11.3.1/../../../../arm-none-eabi/lib/thumb/v7e-m+fp/hard\libc_nano.a(libc_a-init.o)
                0x0000000008008f68                __libc_init_array
 .text.memcpy   0x0000000008008fb0       0x1c C:/ST/STM32CubeIDE_1.13.1/STM32CubeIDE/plugins/com.st.stm32cube.ide.mcu.externaltools.gnu-tools-for-stm32.11.3.rel1.win32_1.1.0.202305231506/tools/bin/../lib/gcc/arm-none-eabi/11.3.1/../../../../arm-none-eabi/lib/thumb/v7e-m+fp/hard\libc_nano.a(libc_a-memcpy-stub.o)
                0x0000000008008fb0                memcpy
 *(.glue_7)
 .glue_7        0x0000000008008fcc        0x0 linker stubs
 *(.glue_7t)
 .glue_7t       0x0000000008008fcc        0x0 linker stubs
 *(.eh_frame)
 .eh_frame      0x0000000008008fcc        0x0 C:/ST/STM32CubeIDE_1.13.1/STM32CubeIDE/plugins/com.st.stm32cube.ide.mcu.externaltools.gnu-tools-for-stm32.11.3.rel1.win32_1.1.0.202305231506/tools/bin/../lib/gcc/arm-none-eabi/11.3.1/thumb/v7e-m+fp/hard/crtbegin.o
 *(.init)
 .init          0x0000000008008fcc        0x4 C:/ST/STM32CubeIDE_1.13.1/STM32CubeIDE/plugins/com.st.stm32cube.ide.mcu.externaltools.gnu-tools-for-stm32.11.3.rel1.win32_1.1.0.202305231506/tools/bin/../lib/gcc/arm-none-eabi/11.3.1/thumb/v7e-m+fp/hard/crti.o
                0x0000000008008fcc                _init
 .init          0x0000000008008fd0        0x8 C:/ST/STM32CubeIDE_1.13.1/STM32CubeIDE/plugins/com.st.stm32cube.ide.mcu.externaltools.gnu-tools-for-stm32.11.3.rel1.win32_1.1.0.202305231506/tools/bin/../lib/gcc/arm-none-eabi/11.3.1/thumb/v7e-m+fp/hard/crtn.o
 *(.fini)
 .fini          0x0000000008008fd8        0x4 C:/ST/STM32CubeIDE_1.13.1/STM32CubeIDE/plugins/com.st.stm32cube.ide.mcu.externaltools.gnu-tools-for-stm32.11.3.rel1.win32_1.1.0.202305231506/tools/bin/../lib/gcc/arm-none-eabi/11.3.1/thumb/v7e-m+fp/hard/crti.o
                0x0000000008008fd8                _fini
 .fini          0x0000000008008fdc        0x8 C:/ST/STM32CubeIDE_1.13.1/STM32CubeIDE/plugins/com.st.stm32cube.ide.mcu.externaltools.gnu-tools-for-stm32.11.3.rel1.win32_1.1.0.202305231506/tools/bin/../lib/gcc/arm-none-eabi/11.3.1/thumb/v7e-m+fp/hard/crtn.o
                0x0000000008008fe4                . = ALIGN (0x4)
                0x0000000008008fe4                _etext = .

.vfp11_veneer   0x0000000008008fe4        0x0
 .vfp11_veneer  0x0000000008008fe4        0x0 linker stubs

.v4_bx          0x0000000008008fe4        0x0
 .v4_bx         0x0000000008008fe4        0x0 linker stubs

.iplt           0x0000000008008fe4        0x0
 .iplt          0x0000000008008fe4        0x0 C:/ST/STM32CubeIDE_1.13.1/STM32CubeIDE/plugins/com.st.stm32cube.ide.mcu.externaltools.gnu-tools-for-stm32.11.3.rel1.win32_1.1.0.202305231506/tools/bin/../lib/gcc/arm-none-eabi/11.3.1/thumb/v7e-m+fp/hard/crtbegin.o

.rodata         0x0000000008008fe4       0x54
                0x0000000008008fe4                . = ALIGN (0x4)
 *(.rodata)
 .rodata        0x0000000008008fe4        0x9 ./Core/TMCL/TMCL.o
 *fill*         0x0000000008008fed        0x3 
 .rodata        0x0000000008008ff0       0x2e ./USB_DEVICE/App/usbd_desc.o
 *(.rodata*)
 *fill*         0x000000000800901e        0x2 
 .rodata.AHBPrescTable
                0x0000000008009020       0x10 ./Core/Src/system_stm32f4xx.o
                0x0000000008009020                AHBPrescTable
 .rodata.flagBitshiftOffset.0
                0x0000000008009030        0x8 ./Drivers/STM32F4xx_HAL_Driver/Src/stm32f4xx_hal_dma.o
                0x0000000008009038                . = ALIGN (0x4)

.ARM.extab      0x0000000008009038        0x0
                0x0000000008009038                . = ALIGN (0x4)
 *(.ARM.extab* .gnu.linkonce.armextab.*)
                0x0000000008009038                . = ALIGN (0x4)

.ARM            0x0000000008009038        0x8
                0x0000000008009038                . = ALIGN (0x4)
                0x0000000008009038                __exidx_start = .
 *(.ARM.exidx*)
 .ARM.exidx     0x0000000008009038        0x8 C:/ST/STM32CubeIDE_1.13.1/STM32CubeIDE/plugins/com.st.stm32cube.ide.mcu.externaltools.gnu-tools-for-stm32.11.3.rel1.win32_1.1.0.202305231506/tools/bin/../lib/gcc/arm-none-eabi/11.3.1/thumb/v7e-m+fp/hard\libgcc.a(_udivmoddi4.o)
                0x0000000008009040                __exidx_end = .
                0x0000000008009040                . = ALIGN (0x4)

.rel.dyn        0x0000000008009040        0x0
 .rel.iplt      0x0000000008009040        0x0 C:/ST/STM32CubeIDE_1.13.1/STM32CubeIDE/plugins/com.st.stm32cube.ide.mcu.externaltools.gnu-tools-for-stm32.11.3.rel1.win32_1.1.0.202305231506/tools/bin/../lib/gcc/arm-none-eabi/11.3.1/thumb/v7e-m+fp/hard/crtbegin.o

.preinit_array  0x0000000008009040        0x0
                0x0000000008009040                . = ALIGN (0x4)
                0x0000000008009040                PROVIDE (__preinit_array_start = .)
 *(.preinit_array*)
                0x0000000008009040                PROVIDE (__preinit_array_end = .)
                0x0000000008009040                . = ALIGN (0x4)

.init_array     0x0000000008009040        0x4
                0x0000000008009040                . = ALIGN (0x4)
                0x0000000008009040                PROVIDE (__init_array_start = .)
 *(SORT_BY_NAME(.init_array.*))
 *(.init_array*)
 .init_array    0x0000000008009040        0x4 C:/ST/STM32CubeIDE_1.13.1/STM32CubeIDE/plugins/com.st.stm32cube.ide.mcu.externaltools.gnu-tools-for-stm32.11.3.rel1.win32_1.1.0.202305231506/tools/bin/../lib/gcc/arm-none-eabi/11.3.1/thumb/v7e-m+fp/hard/crtbegin.o
                0x0000000008009044                PROVIDE (__init_array_end = .)
                0x0000000008009044                . = ALIGN (0x4)

.fini_array     0x0000000008009044        0x4
                0x0000000008009044                . = ALIGN (0x4)
                [!provide]                        PROVIDE (__fini_array_start = .)
 *(SORT_BY_NAME(.fini_array.*))
 *(.fini_array*)
 .fini_array    0x0000000008009044        0x4 C:/ST/STM32CubeIDE_1.13.1/STM32CubeIDE/plugins/com.st.stm32cube.ide.mcu.externaltools.gnu-tools-for-stm32.11.3.rel1.win32_1.1.0.202305231506/tools/bin/../lib/gcc/arm-none-eabi/11.3.1/thumb/v7e-m+fp/hard/crtbegin.o
                [!provide]                        PROVIDE (__fini_array_end = .)
                0x0000000008009048                . = ALIGN (0x4)
                0x0000000008009048                _sidata = LOADADDR (.data)

.data           0x0000000020000000      0x100 load address 0x0000000008009048
                0x0000000020000000                . = ALIGN (0x4)
                0x0000000020000000                _sdata = .
 *(.data)
 *(.data*)
 .data.SystemCoreClock
                0x0000000020000000        0x4 ./Core/Src/system_stm32f4xx.o
                0x0000000020000000                SystemCoreClock
 .data.VersionString
                0x0000000020000004        0x4 ./Core/TMCL/TMCL.o
                0x0000000020000004                VersionString
 .data.uwTickPrio
                0x0000000020000008        0x4 ./Drivers/STM32F4xx_HAL_Driver/Src/stm32f4xx_hal.o
                0x0000000020000008                uwTickPrio
 .data.uwTickFreq
                0x000000002000000c        0x1 ./Drivers/STM32F4xx_HAL_Driver/Src/stm32f4xx_hal.o
                0x000000002000000c                uwTickFreq
 *fill*         0x000000002000000d        0x3 
 .data.USBD_CDC_DeviceQualifierDesc
                0x0000000020000010        0xa ./Middlewares/ST/STM32_USB_Device_Library/Class/CDC/Src/usbd_cdc.o
 *fill*         0x000000002000001a        0x2 
 .data.USBD_CDC
                0x000000002000001c       0x38 ./Middlewares/ST/STM32_USB_Device_Library/Class/CDC/Src/usbd_cdc.o
                0x000000002000001c                USBD_CDC
 .data.USBD_CDC_CfgDesc
                0x0000000020000054       0x43 ./Middlewares/ST/STM32_USB_Device_Library/Class/CDC/Src/usbd_cdc.o
 .data.CDCInEpAdd
                0x0000000020000097        0x1 ./Middlewares/ST/STM32_USB_Device_Library/Class/CDC/Src/usbd_cdc.o
 .data.CDCOutEpAdd
                0x0000000020000098        0x1 ./Middlewares/ST/STM32_USB_Device_Library/Class/CDC/Src/usbd_cdc.o
 .data.CDCCmdEpAdd
                0x0000000020000099        0x1 ./Middlewares/ST/STM32_USB_Device_Library/Class/CDC/Src/usbd_cdc.o
 *fill*         0x000000002000009a        0x2 
 .data.USBD_Interface_fops_FS
                0x000000002000009c       0x14 ./USB_DEVICE/App/usbd_cdc_if.o
                0x000000002000009c                USBD_Interface_fops_FS
 .data.FS_Desc  0x00000000200000b0       0x1c ./USB_DEVICE/App/usbd_desc.o
                0x00000000200000b0                FS_Desc
 .data.USBD_FS_DeviceDesc
                0x00000000200000cc       0x12 ./USB_DEVICE/App/usbd_desc.o
                0x00000000200000cc                USBD_FS_DeviceDesc
 *fill*         0x00000000200000de        0x2 
 .data.USBD_LangIDDesc
                0x00000000200000e0        0x4 ./USB_DEVICE/App/usbd_desc.o
                0x00000000200000e0                USBD_LangIDDesc
 .data.USBD_StringSerial
                0x00000000200000e4       0x1a ./USB_DEVICE/App/usbd_desc.o
                0x00000000200000e4                USBD_StringSerial
 *(.RamFunc)
 *(.RamFunc*)
                0x0000000020000100                . = ALIGN (0x4)
 *fill*         0x00000000200000fe        0x2 
                0x0000000020000100                _edata = .

.igot.plt       0x0000000020000100        0x0 load address 0x0000000008009148
 .igot.plt      0x0000000020000100        0x0 C:/ST/STM32CubeIDE_1.13.1/STM32CubeIDE/plugins/com.st.stm32cube.ide.mcu.externaltools.gnu-tools-for-stm32.11.3.rel1.win32_1.1.0.202305231506/tools/bin/../lib/gcc/arm-none-eabi/11.3.1/thumb/v7e-m+fp/hard/crtbegin.o
                0x0000000020000100                . = ALIGN (0x4)

.bss            0x0000000020000100    0x10da8 load address 0x0000000008009148
                0x0000000020000100                _sbss = .
                0x0000000020000100                __bss_start__ = _sbss
 *(.bss)
 .bss           0x0000000020000100       0x1c C:/ST/STM32CubeIDE_1.13.1/STM32CubeIDE/plugins/com.st.stm32cube.ide.mcu.externaltools.gnu-tools-for-stm32.11.3.rel1.win32_1.1.0.202305231506/tools/bin/../lib/gcc/arm-none-eabi/11.3.1/thumb/v7e-m+fp/hard/crtbegin.o
 *(.bss*)
 .bss.tx_data   0x000000002000011c        0x5 ./Core/Src/main.o
                0x000000002000011c                tx_data
 *fill*         0x0000000020000121        0x3 
 .bss.hspi1     0x0000000020000124       0x58 ./Core/Src/spi.o
                0x0000000020000124                hspi1
 .bss.hdma_spi1_rx
                0x000000002000017c       0x60 ./Core/Src/spi.o
                0x000000002000017c                hdma_spi1_rx
 .bss.hdma_spi1_tx
                0x00000000200001dc       0x60 ./Core/Src/spi.o
                0x00000000200001dc                hdma_spi1_tx
 .bss.TMCLReplyFormat
                0x000000002000023c        0x1 ./Core/TMCL/TMCL-Variables.o
                0x000000002000023c                TMCLReplyFormat
 *fill*         0x000000002000023d        0x3 
 .bss.SpecialReply
                0x0000000020000240        0x9 ./Core/TMCL/TMCL-Variables.o
                0x0000000020000240                SpecialReply
 *fill*         0x0000000020000249        0x3 
 .bss.ActualCommand
                0x000000002000024c        0x8 ./Core/TMCL/TMCL-Variables.o
                0x000000002000024c                ActualCommand
 .bss.ActualReply
                0x0000000020000254        0x8 ./Core/TMCL/TMCL-Variables.o
                0x0000000020000254                ActualReply
 .bss.commLoopCounter
                0x000000002000025c        0x4 ./Core/TMCL/TMCL.o
                0x000000002000025c                commLoopCounter
 .bss.TMCLCommandState.0
                0x0000000020000260        0x1 ./Core/TMCL/TMCL.o
 *fill*         0x0000000020000261        0x3 
 .bss.tmc6100   0x0000000020000264        0xc ./Core/tmc/tmc4671_template.o
                0x0000000020000264                tmc6100
 .bss.uwTick    0x0000000020000270        0x4 ./Drivers/STM32F4xx_HAL_Driver/Src/stm32f4xx_hal.o
                0x0000000020000270                uwTick
 .bss.cfgidx.0  0x0000000020000274        0x1 ./Middlewares/ST/STM32_USB_Device_Library/Core/Src/usbd_ctlreq.o
 *fill*         0x0000000020000275        0x3 
 .bss.hUsbDeviceFS
                0x0000000020000278      0x2dc ./USB_DEVICE/App/usb_device.o
                0x0000000020000278                hUsbDeviceFS
 .bss.UserRxBufferFS
                0x0000000020000554      0x800 ./USB_DEVICE/App/usbd_cdc_if.o
                0x0000000020000554                UserRxBufferFS
 .bss.UserTxBufferFS
                0x0000000020000d54      0x800 ./USB_DEVICE/App/usbd_cdc_if.o
                0x0000000020000d54                UserTxBufferFS
 .bss.rx_cmd_buf
                0x0000000020001554     0xf028 ./USB_DEVICE/App/usbd_cdc_if.o
                0x0000000020001554                rx_cmd_buf
 .bss.USBD_StrDesc
                0x000000002001057c      0x200 ./USB_DEVICE/App/usbd_desc.o
                0x000000002001057c                USBD_StrDesc
 .bss.hpcd_USB_OTG_FS
                0x000000002001077c      0x50c ./USB_DEVICE/Target/usbd_conf.o
                0x000000002001077c                hpcd_USB_OTG_FS
 .bss.mem.0     0x0000000020010c88      0x220 ./USB_DEVICE/Target/usbd_conf.o
 *(COMMON)
                0x0000000020010ea8                . = ALIGN (0x4)
                0x0000000020010ea8                _ebss = .
                0x0000000020010ea8                __bss_end__ = _ebss

._user_heap_stack
                0x0000000020010ea8      0x600 load address 0x0000000008009148
                0x0000000020010ea8                . = ALIGN (0x8)
                [!provide]                        PROVIDE (end = .)
                0x0000000020010ea8                PROVIDE (_end = .)
                0x00000000200110a8                . = (. + _Min_Heap_Size)
 *fill*         0x0000000020010ea8      0x200 
                0x00000000200114a8                . = (. + _Min_Stack_Size)
 *fill*         0x00000000200110a8      0x400 
                0x00000000200114a8                . = ALIGN (0x8)

/DISCARD/
 libc.a(*)
 libm.a(*)
 libgcc.a(*)

.ARM.attributes
                0x0000000000000000       0x30
 *(.ARM.attributes)
 .ARM.attributes
                0x0000000000000000       0x1e C:/ST/STM32CubeIDE_1.13.1/STM32CubeIDE/plugins/com.st.stm32cube.ide.mcu.externaltools.gnu-tools-for-stm32.11.3.rel1.win32_1.1.0.202305231506/tools/bin/../lib/gcc/arm-none-eabi/11.3.1/thumb/v7e-m+fp/hard/crti.o
 .ARM.attributes
                0x000000000000001e       0x34 C:/ST/STM32CubeIDE_1.13.1/STM32CubeIDE/plugins/com.st.stm32cube.ide.mcu.externaltools.gnu-tools-for-stm32.11.3.rel1.win32_1.1.0.202305231506/tools/bin/../lib/gcc/arm-none-eabi/11.3.1/thumb/v7e-m+fp/hard/crtbegin.o
 .ARM.attributes
                0x0000000000000052       0x34 ./Core/Src/dma.o
 .ARM.attributes
                0x0000000000000086       0x34 ./Core/Src/gpio.o
 .ARM.attributes
                0x00000000000000ba       0x34 ./Core/Src/main.o
 .ARM.attributes
                0x00000000000000ee       0x34 ./Core/Src/spi.o
 .ARM.attributes
                0x0000000000000122       0x34 ./Core/Src/stm32f4xx_hal_msp.o
 .ARM.attributes
                0x0000000000000156       0x34 ./Core/Src/stm32f4xx_it.o
 .ARM.attributes
                0x000000000000018a       0x34 ./Core/Src/system_stm32f4xx.o
 .ARM.attributes
                0x00000000000001be       0x21 ./Core/Startup/startup_stm32f411ceux.o
 .ARM.attributes
                0x00000000000001df       0x34 ./Core/TMCL/TMCL-Variables.o
 .ARM.attributes
                0x0000000000000213       0x34 ./Core/TMCL/TMCL.o
 .ARM.attributes
                0x0000000000000247       0x34 ./Core/tmc/ic/TMC4671/TMC4671.o
 .ARM.attributes
                0x000000000000027b       0x34 ./Core/tmc/ic/TMC6100/TMC6100.o
 .ARM.attributes
                0x00000000000002af       0x34 ./Core/tmc/tmc4671_template.o
 .ARM.attributes
                0x00000000000002e3       0x34 ./Drivers/STM32F4xx_HAL_Driver/Src/stm32f4xx_hal.o
 .ARM.attributes
                0x0000000000000317       0x34 ./Drivers/STM32F4xx_HAL_Driver/Src/stm32f4xx_hal_cortex.o
 .ARM.attributes
                0x000000000000034b       0x34 ./Drivers/STM32F4xx_HAL_Driver/Src/stm32f4xx_hal_dma.o
 .ARM.attributes
                0x000000000000037f       0x34 ./Drivers/STM32F4xx_HAL_Driver/Src/stm32f4xx_hal_gpio.o
 .ARM.attributes
                0x00000000000003b3       0x34 ./Drivers/STM32F4xx_HAL_Driver/Src/stm32f4xx_hal_pcd.o
 .ARM.attributes
                0x00000000000003e7       0x34 ./Drivers/STM32F4xx_HAL_Driver/Src/stm32f4xx_hal_pcd_ex.o
 .ARM.attributes
                0x000000000000041b       0x34 ./Drivers/STM32F4xx_HAL_Driver/Src/stm32f4xx_hal_rcc.o
 .ARM.attributes
                0x000000000000044f       0x34 ./Drivers/STM32F4xx_HAL_Driver/Src/stm32f4xx_hal_spi.o
 .ARM.attributes
                0x0000000000000483       0x34 ./Drivers/STM32F4xx_HAL_Driver/Src/stm32f4xx_ll_usb.o
 .ARM.attributes
                0x00000000000004b7       0x34 ./Middlewares/ST/STM32_USB_Device_Library/Class/CDC/Src/usbd_cdc.o
 .ARM.attributes
                0x00000000000004eb       0x34 ./Middlewares/ST/STM32_USB_Device_Library/Core/Src/usbd_core.o
 .ARM.attributes
                0x000000000000051f       0x34 ./Middlewares/ST/STM32_USB_Device_Library/Core/Src/usbd_ctlreq.o
 .ARM.attributes
                0x0000000000000553       0x34 ./Middlewares/ST/STM32_USB_Device_Library/Core/Src/usbd_ioreq.o
 .ARM.attributes
                0x0000000000000587       0x34 ./USB_DEVICE/App/usb_device.o
 .ARM.attributes
                0x00000000000005bb       0x34 ./USB_DEVICE/App/usbd_cdc_if.o
 .ARM.attributes
                0x00000000000005ef       0x34 ./USB_DEVICE/App/usbd_desc.o
 .ARM.attributes
                0x0000000000000623       0x34 ./USB_DEVICE/Target/usbd_conf.o
 .ARM.attributes
                0x0000000000000657       0x34 C:/ST/STM32CubeIDE_1.13.1/STM32CubeIDE/plugins/com.st.stm32cube.ide.mcu.externaltools.gnu-tools-for-stm32.11.3.rel1.win32_1.1.0.202305231506/tools/bin/../lib/gcc/arm-none-eabi/11.3.1/../../../../arm-none-eabi/lib/thumb/v7e-m+fp/hard\libc_nano.a(libc_a-memset.o)
 .ARM.attributes
                0x000000000000068b       0x34 C:/ST/STM32CubeIDE_1.13.1/STM32CubeIDE/plugins/com.st.stm32cube.ide.mcu.externaltools.gnu-tools-for-stm32.11.3.rel1.win32_1.1.0.202305231506/tools/bin/../lib/gcc/arm-none-eabi/11.3.1/../../../../arm-none-eabi/lib/thumb/v7e-m+fp/hard\libc_nano.a(libc_a-init.o)
 .ARM.attributes
                0x00000000000006bf       0x34 C:/ST/STM32CubeIDE_1.13.1/STM32CubeIDE/plugins/com.st.stm32cube.ide.mcu.externaltools.gnu-tools-for-stm32.11.3.rel1.win32_1.1.0.202305231506/tools/bin/../lib/gcc/arm-none-eabi/11.3.1/../../../../arm-none-eabi/lib/thumb/v7e-m+fp/hard\libc_nano.a(libc_a-memcpy-stub.o)
 .ARM.attributes
                0x00000000000006f3       0x1e C:/ST/STM32CubeIDE_1.13.1/STM32CubeIDE/plugins/com.st.stm32cube.ide.mcu.externaltools.gnu-tools-for-stm32.11.3.rel1.win32_1.1.0.202305231506/tools/bin/../lib/gcc/arm-none-eabi/11.3.1/thumb/v7e-m+fp/hard\libgcc.a(_arm_addsubdf3.o)
 .ARM.attributes
                0x0000000000000711       0x1e C:/ST/STM32CubeIDE_1.13.1/STM32CubeIDE/plugins/com.st.stm32cube.ide.mcu.externaltools.gnu-tools-for-stm32.11.3.rel1.win32_1.1.0.202305231506/tools/bin/../lib/gcc/arm-none-eabi/11.3.1/thumb/v7e-m+fp/hard\libgcc.a(_arm_muldivdf3.o)
 .ARM.attributes
                0x000000000000072f       0x1e C:/ST/STM32CubeIDE_1.13.1/STM32CubeIDE/plugins/com.st.stm32cube.ide.mcu.externaltools.gnu-tools-for-stm32.11.3.rel1.win32_1.1.0.202305231506/tools/bin/../lib/gcc/arm-none-eabi/11.3.1/thumb/v7e-m+fp/hard\libgcc.a(_arm_fixdfsi.o)
 .ARM.attributes
                0x000000000000074d       0x1e C:/ST/STM32CubeIDE_1.13.1/STM32CubeIDE/plugins/com.st.stm32cube.ide.mcu.externaltools.gnu-tools-for-stm32.11.3.rel1.win32_1.1.0.202305231506/tools/bin/../lib/gcc/arm-none-eabi/11.3.1/thumb/v7e-m+fp/hard\libgcc.a(_aeabi_uldivmod.o)
 .ARM.attributes
                0x000000000000076b       0x34 C:/ST/STM32CubeIDE_1.13.1/STM32CubeIDE/plugins/com.st.stm32cube.ide.mcu.externaltools.gnu-tools-for-stm32.11.3.rel1.win32_1.1.0.202305231506/tools/bin/../lib/gcc/arm-none-eabi/11.3.1/thumb/v7e-m+fp/hard\libgcc.a(_udivmoddi4.o)
 .ARM.attributes
                0x000000000000079f       0x1e C:/ST/STM32CubeIDE_1.13.1/STM32CubeIDE/plugins/com.st.stm32cube.ide.mcu.externaltools.gnu-tools-for-stm32.11.3.rel1.win32_1.1.0.202305231506/tools/bin/../lib/gcc/arm-none-eabi/11.3.1/thumb/v7e-m+fp/hard\libgcc.a(_dvmd_tls.o)
 .ARM.attributes
                0x00000000000007bd       0x1e C:/ST/STM32CubeIDE_1.13.1/STM32CubeIDE/plugins/com.st.stm32cube.ide.mcu.externaltools.gnu-tools-for-stm32.11.3.rel1.win32_1.1.0.202305231506/tools/bin/../lib/gcc/arm-none-eabi/11.3.1/thumb/v7e-m+fp/hard/crtn.o
OUTPUT(blackpill_test.elf elf32-littlearm)
LOAD linker stubs
LOAD C:/ST/STM32CubeIDE_1.13.1/STM32CubeIDE/plugins/com.st.stm32cube.ide.mcu.externaltools.gnu-tools-for-stm32.11.3.rel1.win32_1.1.0.202305231506/tools/bin/../lib/gcc/arm-none-eabi/11.3.1/../../../../arm-none-eabi/lib/thumb/v7e-m+fp/hard\libc.a
LOAD C:/ST/STM32CubeIDE_1.13.1/STM32CubeIDE/plugins/com.st.stm32cube.ide.mcu.externaltools.gnu-tools-for-stm32.11.3.rel1.win32_1.1.0.202305231506/tools/bin/../lib/gcc/arm-none-eabi/11.3.1/../../../../arm-none-eabi/lib/thumb/v7e-m+fp/hard\libm.a
LOAD C:/ST/STM32CubeIDE_1.13.1/STM32CubeIDE/plugins/com.st.stm32cube.ide.mcu.externaltools.gnu-tools-for-stm32.11.3.rel1.win32_1.1.0.202305231506/tools/bin/../lib/gcc/arm-none-eabi/11.3.1/thumb/v7e-m+fp/hard\libgcc.a

.comment        0x0000000000000000       0x43
 .comment       0x0000000000000000       0x43 C:/ST/STM32CubeIDE_1.13.1/STM32CubeIDE/plugins/com.st.stm32cube.ide.mcu.externaltools.gnu-tools-for-stm32.11.3.rel1.win32_1.1.0.202305231506/tools/bin/../lib/gcc/arm-none-eabi/11.3.1/thumb/v7e-m+fp/hard/crtbegin.o
                                         0x44 (size before relaxing)
 .comment       0x0000000000000043       0x44 ./Core/Src/dma.o
 .comment       0x0000000000000043       0x44 ./Core/Src/gpio.o
 .comment       0x0000000000000043       0x44 ./Core/Src/main.o
 .comment       0x0000000000000043       0x44 ./Core/Src/spi.o
 .comment       0x0000000000000043       0x44 ./Core/Src/stm32f4xx_hal_msp.o
 .comment       0x0000000000000043       0x44 ./Core/Src/stm32f4xx_it.o
 .comment       0x0000000000000043       0x44 ./Core/Src/system_stm32f4xx.o
 .comment       0x0000000000000043       0x44 ./Core/TMCL/TMCL-Variables.o
 .comment       0x0000000000000043       0x44 ./Core/TMCL/TMCL.o
 .comment       0x0000000000000043       0x44 ./Core/tmc/ic/TMC4671/TMC4671.o
 .comment       0x0000000000000043       0x44 ./Core/tmc/ic/TMC6100/TMC6100.o
 .comment       0x0000000000000043       0x44 ./Core/tmc/tmc4671_template.o
 .comment       0x0000000000000043       0x44 ./Drivers/STM32F4xx_HAL_Driver/Src/stm32f4xx_hal.o
 .comment       0x0000000000000043       0x44 ./Drivers/STM32F4xx_HAL_Driver/Src/stm32f4xx_hal_cortex.o
 .comment       0x0000000000000043       0x44 ./Drivers/STM32F4xx_HAL_Driver/Src/stm32f4xx_hal_dma.o
 .comment       0x0000000000000043       0x44 ./Drivers/STM32F4xx_HAL_Driver/Src/stm32f4xx_hal_gpio.o
 .comment       0x0000000000000043       0x44 ./Drivers/STM32F4xx_HAL_Driver/Src/stm32f4xx_hal_pcd.o
 .comment       0x0000000000000043       0x44 ./Drivers/STM32F4xx_HAL_Driver/Src/stm32f4xx_hal_pcd_ex.o
 .comment       0x0000000000000043       0x44 ./Drivers/STM32F4xx_HAL_Driver/Src/stm32f4xx_hal_rcc.o
 .comment       0x0000000000000043       0x44 ./Drivers/STM32F4xx_HAL_Driver/Src/stm32f4xx_hal_spi.o
 .comment       0x0000000000000043       0x44 ./Drivers/STM32F4xx_HAL_Driver/Src/stm32f4xx_ll_usb.o
 .comment       0x0000000000000043       0x44 ./Middlewares/ST/STM32_USB_Device_Library/Class/CDC/Src/usbd_cdc.o
 .comment       0x0000000000000043       0x44 ./Middlewares/ST/STM32_USB_Device_Library/Core/Src/usbd_core.o
 .comment       0x0000000000000043       0x44 ./Middlewares/ST/STM32_USB_Device_Library/Core/Src/usbd_ctlreq.o
 .comment       0x0000000000000043       0x44 ./Middlewares/ST/STM32_USB_Device_Library/Core/Src/usbd_ioreq.o
 .comment       0x0000000000000043       0x44 ./USB_DEVICE/App/usb_device.o
 .comment       0x0000000000000043       0x44 ./USB_DEVICE/App/usbd_cdc_if.o
 .comment       0x0000000000000043       0x44 ./USB_DEVICE/App/usbd_desc.o
 .comment       0x0000000000000043       0x44 ./USB_DEVICE/Target/usbd_conf.o

.debug_info     0x0000000000000000    0x13bff
 .debug_info    0x0000000000000000      0x445 ./Core/Src/dma.o
 .debug_info    0x0000000000000445      0x3fb ./Core/Src/gpio.o
 .debug_info    0x0000000000000840      0xbcc ./Core/Src/main.o
 .debug_info    0x000000000000140c      0xba1 ./Core/Src/spi.o
 .debug_info    0x0000000000001fad      0x291 ./Core/Src/stm32f4xx_hal_msp.o
 .debug_info    0x000000000000223e      0xb40 ./Core/Src/stm32f4xx_it.o
 .debug_info    0x0000000000002d7e      0x53e ./Core/Src/system_stm32f4xx.o
 .debug_info    0x00000000000032bc       0x23 ./Core/Startup/startup_stm32f411ceux.o
 .debug_info    0x00000000000032df      0x1e1 ./Core/TMCL/TMCL-Variables.o
 .debug_info    0x00000000000034c0      0x3de ./Core/TMCL/TMCL.o
 .debug_info    0x000000000000389e     0x15c6 ./Core/tmc/ic/TMC4671/TMC4671.o
 .debug_info    0x0000000000004e64      0x832 ./Core/tmc/ic/TMC6100/TMC6100.o
 .debug_info    0x0000000000005696      0x809 ./Core/tmc/tmc4671_template.o
 .debug_info    0x0000000000005e9f      0x8c4 ./Drivers/STM32F4xx_HAL_Driver/Src/stm32f4xx_hal.o
 .debug_info    0x0000000000006763      0xcb6 ./Drivers/STM32F4xx_HAL_Driver/Src/stm32f4xx_hal_cortex.o
 .debug_info    0x0000000000007419      0x8e6 ./Drivers/STM32F4xx_HAL_Driver/Src/stm32f4xx_hal_dma.o
 .debug_info    0x0000000000007cff      0x6f9 ./Drivers/STM32F4xx_HAL_Driver/Src/stm32f4xx_hal_gpio.o
 .debug_info    0x00000000000083f8     0x1549 ./Drivers/STM32F4xx_HAL_Driver/Src/stm32f4xx_hal_pcd.o
 .debug_info    0x0000000000009941      0x6d2 ./Drivers/STM32F4xx_HAL_Driver/Src/stm32f4xx_hal_pcd_ex.o
 .debug_info    0x000000000000a013      0x8f2 ./Drivers/STM32F4xx_HAL_Driver/Src/stm32f4xx_hal_rcc.o
 .debug_info    0x000000000000a905     0x1606 ./Drivers/STM32F4xx_HAL_Driver/Src/stm32f4xx_hal_spi.o
 .debug_info    0x000000000000bf0b     0x18f6 ./Drivers/STM32F4xx_HAL_Driver/Src/stm32f4xx_ll_usb.o
 .debug_info    0x000000000000d801     0x128b ./Middlewares/ST/STM32_USB_Device_Library/Class/CDC/Src/usbd_cdc.o
 .debug_info    0x000000000000ea8c      0xe05 ./Middlewares/ST/STM32_USB_Device_Library/Core/Src/usbd_core.o
 .debug_info    0x000000000000f891      0xade ./Middlewares/ST/STM32_USB_Device_Library/Core/Src/usbd_ctlreq.o
 .debug_info    0x000000000001036f      0x755 ./Middlewares/ST/STM32_USB_Device_Library/Core/Src/usbd_ioreq.o
 .debug_info    0x0000000000010ac4      0x701 ./USB_DEVICE/App/usb_device.o
 .debug_info    0x00000000000111c5      0x9ff ./USB_DEVICE/App/usbd_cdc_if.o
 .debug_info    0x0000000000011bc4      0x458 ./USB_DEVICE/App/usbd_desc.o
 .debug_info    0x000000000001201c     0x1be3 ./USB_DEVICE/Target/usbd_conf.o

.debug_abbrev   0x0000000000000000     0x3c38
 .debug_abbrev  0x0000000000000000      0x10e ./Core/Src/dma.o
 .debug_abbrev  0x000000000000010e      0x151 ./Core/Src/gpio.o
 .debug_abbrev  0x000000000000025f      0x27b ./Core/Src/main.o
 .debug_abbrev  0x00000000000004da      0x226 ./Core/Src/spi.o
 .debug_abbrev  0x0000000000000700       0xd8 ./Core/Src/stm32f4xx_hal_msp.o
 .debug_abbrev  0x00000000000007d8      0x1e6 ./Core/Src/stm32f4xx_it.o
 .debug_abbrev  0x00000000000009be      0x11a ./Core/Src/system_stm32f4xx.o
 .debug_abbrev  0x0000000000000ad8       0x12 ./Core/Startup/startup_stm32f411ceux.o
 .debug_abbrev  0x0000000000000aea       0xb4 ./Core/TMCL/TMCL-Variables.o
 .debug_abbrev  0x0000000000000b9e      0x1b0 ./Core/TMCL/TMCL.o
 .debug_abbrev  0x0000000000000d4e      0x2bc ./Core/tmc/ic/TMC4671/TMC4671.o
 .debug_abbrev  0x000000000000100a      0x1d6 ./Core/tmc/ic/TMC6100/TMC6100.o
 .debug_abbrev  0x00000000000011e0      0x1bb ./Core/tmc/tmc4671_template.o
 .debug_abbrev  0x000000000000139b      0x24b ./Drivers/STM32F4xx_HAL_Driver/Src/stm32f4xx_hal.o
 .debug_abbrev  0x00000000000015e6      0x327 ./Drivers/STM32F4xx_HAL_Driver/Src/stm32f4xx_hal_cortex.o
 .debug_abbrev  0x000000000000190d      0x221 ./Drivers/STM32F4xx_HAL_Driver/Src/stm32f4xx_hal_dma.o
 .debug_abbrev  0x0000000000001b2e      0x1d3 ./Drivers/STM32F4xx_HAL_Driver/Src/stm32f4xx_hal_gpio.o
 .debug_abbrev  0x0000000000001d01      0x2cd ./Drivers/STM32F4xx_HAL_Driver/Src/stm32f4xx_hal_pcd.o
 .debug_abbrev  0x0000000000001fce      0x1da ./Drivers/STM32F4xx_HAL_Driver/Src/stm32f4xx_hal_pcd_ex.o
 .debug_abbrev  0x00000000000021a8      0x2b5 ./Drivers/STM32F4xx_HAL_Driver/Src/stm32f4xx_hal_rcc.o
 .debug_abbrev  0x000000000000245d      0x280 ./Drivers/STM32F4xx_HAL_Driver/Src/stm32f4xx_hal_spi.o
 .debug_abbrev  0x00000000000026dd      0x2ac ./Drivers/STM32F4xx_HAL_Driver/Src/stm32f4xx_ll_usb.o
 .debug_abbrev  0x0000000000002989      0x2d2 ./Middlewares/ST/STM32_USB_Device_Library/Class/CDC/Src/usbd_cdc.o
 .debug_abbrev  0x0000000000002c5b      0x27c ./Middlewares/ST/STM32_USB_Device_Library/Core/Src/usbd_core.o
 .debug_abbrev  0x0000000000002ed7      0x26f ./Middlewares/ST/STM32_USB_Device_Library/Core/Src/usbd_ctlreq.o
 .debug_abbrev  0x0000000000003146      0x19a ./Middlewares/ST/STM32_USB_Device_Library/Core/Src/usbd_ioreq.o
 .debug_abbrev  0x00000000000032e0      0x195 ./USB_DEVICE/App/usb_device.o
 .debug_abbrev  0x0000000000003475      0x2a3 ./USB_DEVICE/App/usbd_cdc_if.o
 .debug_abbrev  0x0000000000003718      0x1e1 ./USB_DEVICE/App/usbd_desc.o
 .debug_abbrev  0x00000000000038f9      0x33f ./USB_DEVICE/Target/usbd_conf.o

.debug_aranges  0x0000000000000000     0x10b8
 .debug_aranges
                0x0000000000000000       0x20 ./Core/Src/dma.o
 .debug_aranges
                0x0000000000000020       0x20 ./Core/Src/gpio.o
 .debug_aranges
                0x0000000000000040       0x40 ./Core/Src/main.o
 .debug_aranges
                0x0000000000000080       0x30 ./Core/Src/spi.o
 .debug_aranges
                0x00000000000000b0       0x20 ./Core/Src/stm32f4xx_hal_msp.o
 .debug_aranges
                0x00000000000000d0       0x80 ./Core/Src/stm32f4xx_it.o
 .debug_aranges
                0x0000000000000150       0x28 ./Core/Src/system_stm32f4xx.o
 .debug_aranges
                0x0000000000000178       0x28 ./Core/Startup/startup_stm32f411ceux.o
 .debug_aranges
                0x00000000000001a0       0x18 ./Core/TMCL/TMCL-Variables.o
 .debug_aranges
                0x00000000000001b8       0x40 ./Core/TMCL/TMCL.o
 .debug_aranges
                0x00000000000001f8      0x1c8 ./Core/tmc/ic/TMC4671/TMC4671.o
 .debug_aranges
                0x00000000000003c0       0x30 ./Core/tmc/ic/TMC6100/TMC6100.o
 .debug_aranges
                0x00000000000003f0       0x38 ./Core/tmc/tmc4671_template.o
 .debug_aranges
                0x0000000000000428       0xf0 ./Drivers/STM32F4xx_HAL_Driver/Src/stm32f4xx_hal.o
 .debug_aranges
                0x0000000000000518      0x118 ./Drivers/STM32F4xx_HAL_Driver/Src/stm32f4xx_hal_cortex.o
 .debug_aranges
                0x0000000000000630       0x90 ./Drivers/STM32F4xx_HAL_Driver/Src/stm32f4xx_hal_dma.o
 .debug_aranges
                0x00000000000006c0       0x58 ./Drivers/STM32F4xx_HAL_Driver/Src/stm32f4xx_hal_gpio.o
 .debug_aranges
                0x0000000000000718      0x148 ./Drivers/STM32F4xx_HAL_Driver/Src/stm32f4xx_hal_pcd.o
 .debug_aranges
                0x0000000000000860       0x38 ./Drivers/STM32F4xx_HAL_Driver/Src/stm32f4xx_hal_pcd_ex.o
 .debug_aranges
                0x0000000000000898       0x88 ./Drivers/STM32F4xx_HAL_Driver/Src/stm32f4xx_hal_rcc.o
 .debug_aranges
                0x0000000000000920      0x1d0 ./Drivers/STM32F4xx_HAL_Driver/Src/stm32f4xx_hal_spi.o
 .debug_aranges
                0x0000000000000af0      0x1a0 ./Drivers/STM32F4xx_HAL_Driver/Src/stm32f4xx_ll_usb.o
 .debug_aranges
                0x0000000000000c90       0x90 ./Middlewares/ST/STM32_USB_Device_Library/Class/CDC/Src/usbd_cdc.o
 .debug_aranges
                0x0000000000000d20       0xd8 ./Middlewares/ST/STM32_USB_Device_Library/Core/Src/usbd_core.o
 .debug_aranges
                0x0000000000000df8       0x90 ./Middlewares/ST/STM32_USB_Device_Library/Core/Src/usbd_ctlreq.o
 .debug_aranges
                0x0000000000000e88       0x50 ./Middlewares/ST/STM32_USB_Device_Library/Core/Src/usbd_ioreq.o
 .debug_aranges
                0x0000000000000ed8       0x20 ./USB_DEVICE/App/usb_device.o
 .debug_aranges
                0x0000000000000ef8       0x50 ./USB_DEVICE/App/usbd_cdc_if.o
 .debug_aranges
                0x0000000000000f48       0x60 ./USB_DEVICE/App/usbd_desc.o
 .debug_aranges
                0x0000000000000fa8      0x110 ./USB_DEVICE/Target/usbd_conf.o

.debug_rnglists
                0x0000000000000000      0xc52
 .debug_rnglists
                0x0000000000000000       0x13 ./Core/Src/dma.o
 .debug_rnglists
                0x0000000000000013       0x14 ./Core/Src/gpio.o
 .debug_rnglists
                0x0000000000000027       0x2d ./Core/Src/main.o
 .debug_rnglists
                0x0000000000000054       0x20 ./Core/Src/spi.o
 .debug_rnglists
                0x0000000000000074       0x13 ./Core/Src/stm32f4xx_hal_msp.o
 .debug_rnglists
                0x0000000000000087       0x5b ./Core/Src/stm32f4xx_it.o
 .debug_rnglists
                0x00000000000000e2       0x1a ./Core/Src/system_stm32f4xx.o
 .debug_rnglists
                0x00000000000000fc       0x19 ./Core/Startup/startup_stm32f411ceux.o
 .debug_rnglists
                0x0000000000000115       0x2f ./Core/TMCL/TMCL.o
 .debug_rnglists
                0x0000000000000144      0x153 ./Core/tmc/ic/TMC4671/TMC4671.o
 .debug_rnglists
                0x0000000000000297       0x1f ./Core/tmc/ic/TMC6100/TMC6100.o
 .debug_rnglists
                0x00000000000002b6       0x27 ./Core/tmc/tmc4671_template.o
 .debug_rnglists
                0x00000000000002dd       0xaf ./Drivers/STM32F4xx_HAL_Driver/Src/stm32f4xx_hal.o
 .debug_rnglists
                0x000000000000038c       0xce ./Drivers/STM32F4xx_HAL_Driver/Src/stm32f4xx_hal_cortex.o
 .debug_rnglists
                0x000000000000045a       0x70 ./Drivers/STM32F4xx_HAL_Driver/Src/stm32f4xx_hal_dma.o
 .debug_rnglists
                0x00000000000004ca       0x3f ./Drivers/STM32F4xx_HAL_Driver/Src/stm32f4xx_hal_gpio.o
 .debug_rnglists
                0x0000000000000509       0xfc ./Drivers/STM32F4xx_HAL_Driver/Src/stm32f4xx_hal_pcd.o
 .debug_rnglists
                0x0000000000000605       0x26 ./Drivers/STM32F4xx_HAL_Driver/Src/stm32f4xx_hal_pcd_ex.o
 .debug_rnglists
                0x000000000000062b       0x66 ./Drivers/STM32F4xx_HAL_Driver/Src/stm32f4xx_hal_rcc.o
 .debug_rnglists
                0x0000000000000691      0x16f ./Drivers/STM32F4xx_HAL_Driver/Src/stm32f4xx_hal_spi.o
 .debug_rnglists
                0x0000000000000800      0x148 ./Drivers/STM32F4xx_HAL_Driver/Src/stm32f4xx_ll_usb.o
 .debug_rnglists
                0x0000000000000948       0x6c ./Middlewares/ST/STM32_USB_Device_Library/Class/CDC/Src/usbd_cdc.o
 .debug_rnglists
                0x00000000000009b4       0xa1 ./Middlewares/ST/STM32_USB_Device_Library/Core/Src/usbd_core.o
 .debug_rnglists
                0x0000000000000a55       0x6e ./Middlewares/ST/STM32_USB_Device_Library/Core/Src/usbd_ctlreq.o
 .debug_rnglists
                0x0000000000000ac3       0x37 ./Middlewares/ST/STM32_USB_Device_Library/Core/Src/usbd_ioreq.o
 .debug_rnglists
                0x0000000000000afa       0x13 ./USB_DEVICE/App/usb_device.o
 .debug_rnglists
                0x0000000000000b0d       0x39 ./USB_DEVICE/App/usbd_cdc_if.o
 .debug_rnglists
                0x0000000000000b46       0x43 ./USB_DEVICE/App/usbd_desc.o
 .debug_rnglists
                0x0000000000000b89       0xc9 ./USB_DEVICE/Target/usbd_conf.o

.debug_macro    0x0000000000000000    0x1b8e5
 .debug_macro   0x0000000000000000      0x1f7 ./Core/Src/dma.o
 .debug_macro   0x00000000000001f7      0xaa8 ./Core/Src/dma.o
 .debug_macro   0x0000000000000c9f      0x29b ./Core/Src/dma.o
 .debug_macro   0x0000000000000f3a       0x2e ./Core/Src/dma.o
 .debug_macro   0x0000000000000f68       0x28 ./Core/Src/dma.o
 .debug_macro   0x0000000000000f90       0x22 ./Core/Src/dma.o
 .debug_macro   0x0000000000000fb2       0x8e ./Core/Src/dma.o
 .debug_macro   0x0000000000001040       0x51 ./Core/Src/dma.o
 .debug_macro   0x0000000000001091      0x103 ./Core/Src/dma.o
 .debug_macro   0x0000000000001194       0x6a ./Core/Src/dma.o
 .debug_macro   0x00000000000011fe      0x1df ./Core/Src/dma.o
 .debug_macro   0x00000000000013dd       0x1c ./Core/Src/dma.o
 .debug_macro   0x00000000000013f9       0x22 ./Core/Src/dma.o
 .debug_macro   0x000000000000141b       0xd9 ./Core/Src/dma.o
 .debug_macro   0x00000000000014f4     0x102d ./Core/Src/dma.o
 .debug_macro   0x0000000000002521      0x11f ./Core/Src/dma.o
 .debug_macro   0x0000000000002640     0xb953 ./Core/Src/dma.o
 .debug_macro   0x000000000000df93       0x6d ./Core/Src/dma.o
 .debug_macro   0x000000000000e000     0x367e ./Core/Src/dma.o
 .debug_macro   0x000000000001167e      0x174 ./Core/Src/dma.o
 .debug_macro   0x00000000000117f2       0x5c ./Core/Src/dma.o
 .debug_macro   0x000000000001184e      0x447 ./Core/Src/dma.o
 .debug_macro   0x0000000000011c95      0x9fe ./Core/Src/dma.o
 .debug_macro   0x0000000000012693      0x115 ./Core/Src/dma.o
 .debug_macro   0x00000000000127a8      0x11b ./Core/Src/dma.o
 .debug_macro   0x00000000000128c3       0xa5 ./Core/Src/dma.o
 .debug_macro   0x0000000000012968      0x15f ./Core/Src/dma.o
 .debug_macro   0x0000000000012ac7      0x287 ./Core/Src/dma.o
 .debug_macro   0x0000000000012d4e       0x5f ./Core/Src/dma.o
 .debug_macro   0x0000000000012dad      0x236 ./Core/Src/dma.o
 .debug_macro   0x0000000000012fe3      0x132 ./Core/Src/dma.o
 .debug_macro   0x0000000000013115      0x264 ./Core/Src/dma.o
 .debug_macro   0x0000000000013379       0x2e ./Core/Src/dma.o
 .debug_macro   0x00000000000133a7      0x11a ./Core/Src/dma.o
 .debug_macro   0x00000000000134c1       0x85 ./Core/Src/dma.o
 .debug_macro   0x0000000000013546       0x89 ./Core/Src/dma.o
 .debug_macro   0x00000000000135cf      0x225 ./Core/Src/dma.o
 .debug_macro   0x00000000000137f4      0x248 ./Core/Src/dma.o
 .debug_macro   0x0000000000013a3c       0xba ./Core/Src/dma.o
 .debug_macro   0x0000000000013af6      0x126 ./Core/Src/dma.o
 .debug_macro   0x0000000000013c1c       0x28 ./Core/Src/dma.o
 .debug_macro   0x0000000000013c44      0x1f7 ./Core/Src/gpio.o
 .debug_macro   0x0000000000013e3b      0x478 ./Core/Src/main.o
 .debug_macro   0x00000000000142b3       0x61 ./Core/Src/main.o
 .debug_macro   0x0000000000014314       0x2a ./Core/Src/main.o
 .debug_macro   0x000000000001433e       0x43 ./Core/Src/main.o
 .debug_macro   0x0000000000014381       0x34 ./Core/Src/main.o
 .debug_macro   0x00000000000143b5       0x16 ./Core/Src/main.o
 .debug_macro   0x00000000000143cb       0x35 ./Core/Src/main.o
 .debug_macro   0x0000000000014400      0x369 ./Core/Src/main.o
 .debug_macro   0x0000000000014769       0x10 ./Core/Src/main.o
 .debug_macro   0x0000000000014779       0x16 ./Core/Src/main.o
 .debug_macro   0x000000000001478f       0x43 ./Core/Src/main.o
 .debug_macro   0x00000000000147d2       0x34 ./Core/Src/main.o
 .debug_macro   0x0000000000014806       0x10 ./Core/Src/main.o
 .debug_macro   0x0000000000014816       0x58 ./Core/Src/main.o
 .debug_macro   0x000000000001486e       0x8e ./Core/Src/main.o
 .debug_macro   0x00000000000148fc       0x1c ./Core/Src/main.o
 .debug_macro   0x0000000000014918      0x177 ./Core/Src/main.o
 .debug_macro   0x0000000000014a8f       0x16 ./Core/Src/main.o
 .debug_macro   0x0000000000014aa5       0x16 ./Core/Src/main.o